Component: ARM Compiler 5.06 update 2 (build 183) Tool: armlink [4d35b7]

==============================================================================

Section Cross References

    main.o(.text) refers to rtx_kernel.o(.text.osKernelGetState) for osKernelGetState
    main.o(.text) refers to rtx_kernel.o(.text.osKernelGetTickCount) for osKernelGetTickCount
    main.o(.text) refers to stm32f4xx_hal.o(.text) for HAL_Init
    main.o(.text) refers to system_stm32f4xx.o(.text) for SystemCoreClockUpdate
    main.o(.text) refers to rtx_kernel.o(.text.osKernelInitialize) for osKernelInitialize
    main.o(.text) refers to rtx_thread.o(.text.osThreadNew) for osThreadNew
    main.o(.text) refers to rtx_kernel.o(.text.osKernelStart) for osKernelStart
    main.o(.text) refers to stm32f4xx_hal_rcc.o(.text) for HAL_RCC_OscConfig
    main.o(.text) refers to system_stm32f4xx.o(.data) for SystemCoreClock
    main.o(.text) refers to main.o(.data) for .data
    main.o(.text) refers to keyboard.o(.constdata) for app_main_attr
    main.o(.text) refers to keyboard.o(.text) for app_main
    keyboard.o(.text) refers to usbh_lib_hid.o(i.USBH_HID_GetStatus) for USBH_HID_GetStatus
    keyboard.o(.text) refers to rtx_delay.o(.text.osDelay) for osDelay
    keyboard.o(.text) refers to printf3.o(i.__0printf$3) for __2printf
    keyboard.o(.text) refers to usbh_lib_hid.o(i.USBH_HID_GetKeyboardKey) for USBH_HID_GetKeyboardKey
    keyboard.o(.text) refers to putc.o(i.putc) for putc
    keyboard.o(.text) refers to stdout_display.o(.text) for stdout_init
    keyboard.o(.text) refers to usbh_lib_core.o(i.USBH_Initialize) for USBH_Initialize
    keyboard.o(.text) refers to printf3.o(i.__0sprintf$3) for __2sprintf
    keyboard.o(.text) refers to dflti.o(.text) for __aeabi_i2d
    keyboard.o(.text) refers to pow.o(i.__hardfp_pow) for __hardfp_pow
    keyboard.o(.text) refers to dmul.o(.text) for __aeabi_dmul
    keyboard.o(.text) refers to dadd.o(.text) for __aeabi_dadd
    keyboard.o(.text) refers to dfixi.o(.text) for __aeabi_d2iz
    keyboard.o(.text) refers to stdout.o(.data) for __stdout
    keyboard.o(.constdata) refers to keyboard.o(.bss) for app_main_stk
    stdout_display.o(.text) refers to glcd_mcbstm32f400.o(.text) for GLCD_Initialize
    stdout_display.o(.text) refers to glcd_fonts.o(.constdata) for GLCD_Font_16x24
    stdout_display.o(.text) refers to stdout_display.o(.data) for .data
    glcd_fonts.o(.constdata) refers to glcd_fonts.o(.constdata) for Font_6x8_h
    glcd_fonts.o(.constdata) refers to glcd_fonts.o(.constdata) for Font_16x24_h
    glcd_mcbstm32f400.o(.text) refers to stm32f4xx_hal_gpio.o(.text) for HAL_GPIO_Init
    glcd_mcbstm32f400.o(.text) refers to stm32f4xx_hal_sram.o(.text) for HAL_SRAM_Init
    glcd_mcbstm32f400.o(.text) refers to stm32f4xx_hal.o(.text) for HAL_Delay
    glcd_mcbstm32f400.o(.text) refers to glcd_mcbstm32f400.o(.data) for .data
    glcd_mcbstm32f400.o(.text) refers to glcd_mcbstm32f400.o(.bss) for .bss
    rtx_lib.o(.constdata) refers to rtx_lib.o(.bss.os.thread.cb) for os_idle_thread_cb
    rtx_lib.o(.constdata) refers to rtx_lib.o(.bss.os.thread.stack) for os_idle_thread_stack
    rtx_lib.o(.constdata) refers to rtx_lib.o(.bss.os.thread.cb) for os_timer_thread_cb
    rtx_lib.o(.constdata) refers to rtx_lib.o(.bss.os.thread.stack) for os_timer_thread_stack
    rtx_lib.o(.constdata) refers to rtx_lib.o(.bss.os.msgqueue.cb) for os_timer_mq_cb
    rtx_lib.o(.constdata) refers to rtx_lib.o(.bss.os.msgqueue.mem) for os_timer_mq_data
    rtx_lib.o(.data) refers to irq_cm4f.o(.constdata) for irqRtxLib
    rtx_lib.o(.rodata) refers to rtx_lib.o(.bss.os) for os_isr_queue
    rtx_lib.o(.rodata) refers to rtx_lib.o(.bss.os) for os_mem
    rtx_lib.o(.rodata) refers to rtx_lib.o(.constdata) for os_idle_thread_attr
    rtx_lib.o(.rodata) refers to rtx_lib.o(.constdata) for os_timer_thread_attr
    rtx_lib.o(.rodata) refers to rtx_lib.o(.constdata) for os_timer_mq_attr
    otg_fs_stm32f4xx.o(.text) refers to usbh_fs_stm32f4xx.o(.text) for USBH_FS_IRQ
    otg_fs_stm32f4xx.o(.text) refers to stm32f4xx_hal_gpio.o(.text) for HAL_GPIO_Init
    otg_fs_stm32f4xx.o(.text) refers to otg_fs_stm32f4xx.o(.data) for .data
    otg_hs_stm32f4xx.o(.text) refers to usbh_hs_stm32f4xx.o(.text) for USBH_HS_IRQ
    otg_hs_stm32f4xx.o(.text) refers to stm32f4xx_hal_gpio.o(.text) for HAL_GPIO_Init
    otg_hs_stm32f4xx.o(.text) refers to otg_hs_stm32f4xx.o(.data) for .data
    usbh_fs_stm32f4xx.o(.text) refers to otg_fs_stm32f4xx.o(.text) for OTG_FS_PinsConfigure
    usbh_fs_stm32f4xx.o(.text) refers to memseta.o(.text) for __aeabi_memclr4
    usbh_fs_stm32f4xx.o(.text) refers to stm32f4xx_hal.o(.text) for HAL_Delay
    usbh_fs_stm32f4xx.o(.text) refers to usbh_fs_stm32f4xx.o(.data) for .data
    usbh_fs_stm32f4xx.o(.text) refers to usbh_fs_stm32f4xx.o(.constdata) for .constdata
    usbh_fs_stm32f4xx.o(.text) refers to otg_fs_stm32f4xx.o(.data) for otg_fs_role
[...]
    OTG_HS_PinVbusOnOff                      0x0800164b   Thumb Code    22  otg_hs_stm32f4xx.o(.text)
    OTG_HS_PinGetOC                          0x08001661   Thumb Code     4  otg_hs_stm32f4xx.o(.text)
    USBH_FS_IRQ                              0x08001e03   Thumb Code   796  usbh_fs_stm32f4xx.o(.text)
    USBH_HS_IRQ                              0x08002927   Thumb Code   862  usbh_hs_stm32f4xx.o(.text)
    fputc                                    0x08002cd9   Thumb Code    16  retarget_io.o(.text)
    fgetc                                    0x08002ce9   Thumb Code     6  retarget_io.o(.text)
    __backspace                              0x08002cef   Thumb Code     6  retarget_io.o(.text)
    abort                                    0x08002cf5   Thumb Code     2  retarget_io.o(.text)
    __aeabi_assert                           0x08002cf7   Thumb Code    98  retarget_io.o(.text)
    HAL_MspInit                              0x08002d89   Thumb Code     2  stm32f4xx_hal.o(.text)
    HAL_InitTick                             0x08002d8b   Thumb Code    54  stm32f4xx_hal.o(.text)
    HAL_Init                                 0x08002dc1   Thumb Code    48  stm32f4xx_hal.o(.text)
    HAL_MspDeInit                            0x08002df1   Thumb Code     2  stm32f4xx_hal.o(.text)
    HAL_DeInit                               0x08002df3   Thumb Code    48  stm32f4xx_hal.o(.text)
    HAL_IncTick                              0x08002e23   Thumb Code    12  stm32f4xx_hal.o(.text)
    HAL_GetTickPrio                          0x08002e35   Thumb Code     6  stm32f4xx_hal.o(.text)
    HAL_SetTickFreq                          0x08002e3b   Thumb Code    24  stm32f4xx_hal.o(.text)
    HAL_GetTickFreq                          0x08002e53   Thumb Code     6  stm32f4xx_hal.o(.text)
    HAL_Delay                                0x08002e59   Thumb Code    32  stm32f4xx_hal.o(.text)
    HAL_SuspendTick                          0x08002e79   Thumb Code    14  stm32f4xx_hal.o(.text)
    HAL_ResumeTick                           0x08002e87   Thumb Code    14  stm32f4xx_hal.o(.text)
    HAL_GetHalVersion                        0x08002e95   Thumb Code     4  stm32f4xx_hal.o(.text)
    HAL_GetREVID                             0x08002e99   Thumb Code     8  stm32f4xx_hal.o(.text)
    HAL_GetDEVID                             0x08002ea1   Thumb Code    10  stm32f4xx_hal.o(.text)
    HAL_DBGMCU_EnableDBGSleepMode            0x08002eab   Thumb Code    12  stm32f4xx_hal.o(.text)
    HAL_DBGMCU_DisableDBGSleepMode           0x08002eb7   Thumb Code    12  stm32f4xx_hal.o(.text)
    HAL_DBGMCU_EnableDBGStopMode             0x08002ec3   Thumb Code    12  stm32f4xx_hal.o(.text)
    HAL_DBGMCU_DisableDBGStopMode            0x08002ecf   Thumb Code    12  stm32f4xx_hal.o(.text)
    HAL_DBGMCU_EnableDBGStandbyMode          0x08002edb   Thumb Code    12  stm32f4xx_hal.o(.text)
    HAL_DBGMCU_DisableDBGStandbyMode         0x08002ee7   Thumb Code    12  stm32f4xx_hal.o(.text)
    HAL_EnableCompensationCell               0x08002ef3   Thumb Code     8  stm32f4xx_hal.o(.text)
    HAL_DisableCompensationCell              0x08002efb   Thumb Code     8  stm32f4xx_hal.o(.text)
    HAL_GetUID                               0x08002f03   Thumb Code    24  stm32f4xx_hal.o(.text)
    HAL_NVIC_SetPriorityGrouping             0x08002f3d   Thumb Code    26  stm32f4xx_hal_cortex.o(.text)
    HAL_NVIC_SetPriority                     0x08002f57   Thumb Code    60  stm32f4xx_hal_cortex.o(.text)
    HAL_NVIC_EnableIRQ                       0x08002f93   Thumb Code    26  stm32f4xx_hal_cortex.o(.text)
    HAL_NVIC_DisableIRQ                      0x08002fad   Thumb Code    34  stm32f4xx_hal_cortex.o(.text)
    HAL_NVIC_SystemReset                     0x08002fcf   Thumb Code    28  stm32f4xx_hal_cortex.o(.text)
    HAL_SYSTICK_Config                       0x08002feb   Thumb Code    40  stm32f4xx_hal_cortex.o(.text)
    HAL_MPU_Disable                          0x08003013   Thumb Code    26  stm32f4xx_hal_cortex.o(.text)
    HAL_MPU_Enable                           0x0800302d   Thumb Code    32  stm32f4xx_hal_cortex.o(.text)
    HAL_MPU_ConfigRegion                     0x0800304d   Thumb Code    82  stm32f4xx_hal_cortex.o(.text)
    HAL_NVIC_GetPriorityGrouping             0x0800309f   Thumb Code    10  stm32f4xx_hal_cortex.o(.text)
    HAL_NVIC_GetPriority                     0x080030a9   Thumb Code    82  stm32f4xx_hal_cortex.o(.text)
    HAL_NVIC_SetPendingIRQ                   0x080030fb   Thumb Code    26  stm32f4xx_hal_cortex.o(.text)
    HAL_NVIC_GetPendingIRQ                   0x08003115   Thumb Code    36  stm32f4xx_hal_cortex.o(.text)
    HAL_NVIC_ClearPendingIRQ                 0x08003139   Thumb Code    26  stm32f4xx_hal_cortex.o(.text)
    HAL_NVIC_GetActive                       0x08003153   Thumb Code    36  stm32f4xx_hal_cortex.o(.text)
    HAL_SYSTICK_CLKSourceConfig              0x08003177   Thumb Code    24  stm32f4xx_hal_cortex.o(.text)
    HAL_SYSTICK_Callback                     0x0800318f   Thumb Code     2  stm32f4xx_hal_cortex.o(.text)
    HAL_SYSTICK_IRQHandler                   0x08003191   Thumb Code     8  stm32f4xx_hal_cortex.o(.text)
    HAL_DMA_Init                             0x080031e3   Thumb Code   208  stm32f4xx_hal_dma.o(.text)
    HAL_DMA_DeInit                           0x080032b3   Thumb Code    86  stm32f4xx_hal_dma.o(.text)
    HAL_DMA_Start                            0x08003331   Thumb Code    70  stm32f4xx_hal_dma.o(.text)
    HAL_DMA_Start_IT                         0x08003377   Thumb Code   118  stm32f4xx_hal_dma.o(.text)
    HAL_DMA_Abort                            0x080033ed   Thumb Code   142  stm32f4xx_hal_dma.o(.text)
    HAL_DMA_Abort_IT                         0x0800347b   Thumb Code    36  stm32f4xx_hal_dma.o(.text)
    HAL_DMA_PollForTransfer                  0x0800349f   Thumb Code   300  stm32f4xx_hal_dma.o(.text)
    HAL_DMA_IRQHandler                       0x080035cb   Thumb Code   412  stm32f4xx_hal_dma.o(.text)
    HAL_DMA_RegisterCallback                 0x08003767   Thumb Code    80  stm32f4xx_hal_dma.o(.text)
    HAL_DMA_UnRegisterCallback               0x080037b7   Thumb Code    96  stm32f4xx_hal_dma.o(.text)
    HAL_DMA_GetState                         0x08003817   Thumb Code     6  stm32f4xx_hal_dma.o(.text)
    HAL_DMA_GetError                         0x0800381d   Thumb Code     4  stm32f4xx_hal_dma.o(.text)
    HAL_GPIO_Init                            0x08003879   Thumb Code   388  stm32f4xx_hal_gpio.o(.text)
    HAL_GPIO_DeInit                          0x080039fd   Thumb Code   288  stm32f4xx_hal_gpio.o(.text)
    HAL_GPIO_ReadPin                         0x08003b1d   Thumb Code    10  stm32f4xx_hal_gpio.o(.text)
    HAL_GPIO_WritePin                        0x08003b27   Thumb Code    10  stm32f4xx_hal_gpio.o(.text)
    HAL_GPIO_TogglePin                       0x08003b31   Thumb Code     8  stm32f4xx_hal_gpio.o(.text)
    HAL_GPIO_LockPin                         0x08003b39   Thumb Code    34  stm32f4xx_hal_gpio.o(.text)
    HAL_GPIO_EXTI_Callback                   0x08003b5b   Thumb Code     2  stm32f4xx_hal_gpio.o(.text)
    HAL_GPIO_EXTI_IRQHandler                 0x08003b5d   Thumb Code    20  stm32f4xx_hal_gpio.o(.text)
    HAL_RCC_OscConfig                        0x08003ba1   Thumb Code   770  stm32f4xx_hal_rcc.o(.text)
    HAL_RCC_GetSysClockFreq                  0x08003ea3   Thumb Code    88  stm32f4xx_hal_rcc.o(.text)
    HAL_RCC_ClockConfig                      0x08003efb   Thumb Code   324  stm32f4xx_hal_rcc.o(.text)
    HAL_RCC_MCOConfig                        0x0800403f   Thumb Code   126  stm32f4xx_hal_rcc.o(.text)
    HAL_RCC_EnableCSS                        0x080040bd   Thumb Code     8  stm32f4xx_hal_rcc.o(.text)
    HAL_RCC_DisableCSS                       0x080040c5   Thumb Code     8  stm32f4xx_hal_rcc.o(.text)
    HAL_RCC_GetHCLKFreq                      0x080040cd   Thumb Code     6  stm32f4xx_hal_rcc.o(.text)
    HAL_RCC_GetPCLK1Freq                     0x080040d3   Thumb Code    22  stm32f4xx_hal_rcc.o(.text)
    HAL_RCC_GetPCLK2Freq                     0x080040e9   Thumb Code    22  stm32f4xx_hal_rcc.o(.text)
    HAL_RCC_GetOscConfig                     0x080040ff   Thumb Code   176  stm32f4xx_hal_rcc.o(.text)
    HAL_RCC_GetClockConfig                   0x080041af   Thumb Code    56  stm32f4xx_hal_rcc.o(.text)
    HAL_RCC_CSSCallback                      0x080041e7   Thumb Code     2  stm32f4xx_hal_rcc.o(.text)
    HAL_RCC_NMI_IRQHandler                   0x080041e9   Thumb Code    26  stm32f4xx_hal_rcc.o(.text)
    HAL_SRAM_MspInit                         0x08004225   Thumb Code     2  stm32f4xx_hal_sram.o(.text)
    HAL_SRAM_Init                            0x08004227   Thumb Code    86  stm32f4xx_hal_sram.o(.text)
    HAL_SRAM_MspDeInit                       0x0800427d   Thumb Code     2  stm32f4xx_hal_sram.o(.text)
    HAL_SRAM_DeInit                          0x0800427f   Thumb Code    28  stm32f4xx_hal_sram.o(.text)
    HAL_SRAM_DMA_XferCpltCallback            0x0800429b   Thumb Code     2  stm32f4xx_hal_sram.o(.text)
    HAL_SRAM_DMA_XferErrorCallback           0x0800429d   Thumb Code     2  stm32f4xx_hal_sram.o(.text)
    HAL_SRAM_Read_8b                         0x0800429f   Thumb Code    56  stm32f4xx_hal_sram.o(.text)
    HAL_SRAM_Write_8b                        0x080042d7   Thumb Code    68  stm32f4xx_hal_sram.o(.text)
    HAL_SRAM_Read_16b                        0x0800431b   Thumb Code    56  stm32f4xx_hal_sram.o(.text)
    HAL_SRAM_Write_16b                       0x08004353   Thumb Code    68  stm32f4xx_hal_sram.o(.text)
    HAL_SRAM_Read_32b                        0x08004397   Thumb Code    50  stm32f4xx_hal_sram.o(.text)
    HAL_SRAM_Write_32b                       0x080043c9   Thumb Code    62  stm32f4xx_hal_sram.o(.text)
    HAL_SRAM_Read_DMA                        0x08004407   Thumb Code    52  stm32f4xx_hal_sram.o(.text)
    HAL_SRAM_Write_DMA                       0x0800443b   Thumb Code    70  stm32f4xx_hal_sram.o(.text)
    HAL_SRAM_WriteOperation_Enable           0x08004481   Thumb Code    42  stm32f4xx_hal_sram.o(.text)
    HAL_SRAM_WriteOperation_Disable          0x080044ab   Thumb Code    48  stm32f4xx_hal_sram.o(.text)
    HAL_SRAM_GetState                        0x080044db   Thumb Code     6  stm32f4xx_hal_sram.o(.text)
    FSMC_NORSRAM_Init                        0x080044e9   Thumb Code    80  stm32f4xx_ll_fsmc.o(.text)
    FSMC_NORSRAM_DeInit                      0x08004539   Thumb Code    50  stm32f4xx_ll_fsmc.o(.text)
    FSMC_NORSRAM_Timing_Init                 0x0800456b   Thumb Code    66  stm32f4xx_ll_fsmc.o(.text)
    FSMC_NORSRAM_Extended_Timing_Init        0x080045ad   Thumb Code    60  stm32f4xx_ll_fsmc.o(.text)
    FSMC_NORSRAM_WriteOperation_Enable       0x080045e9   Thumb Code    16  stm32f4xx_ll_fsmc.o(.text)
    FSMC_NORSRAM_WriteOperation_Disable      0x080045f9   Thumb Code    16  stm32f4xx_ll_fsmc.o(.text)
    FSMC_NAND_Init                           0x08004609   Thumb Code    74  stm32f4xx_ll_fsmc.o(.text)
    FSMC_NAND_CommonSpace_Timing_Init        0x08004653   Thumb Code    48  stm32f4xx_ll_fsmc.o(.text)
    FSMC_NAND_AttributeSpace_Timing_Init     0x08004683   Thumb Code    48  stm32f4xx_ll_fsmc.o(.text)
    FSMC_NAND_DeInit                         0x080046b3   Thumb Code    52  stm32f4xx_ll_fsmc.o(.text)
    FSMC_NAND_ECC_Enable                     0x080046e7   Thumb Code    26  stm32f4xx_ll_fsmc.o(.text)
    FSMC_NAND_ECC_Disable                    0x08004701   Thumb Code    26  stm32f4xx_ll_fsmc.o(.text)
    FSMC_NAND_GetECC                         0x0800471b   Thumb Code    78  stm32f4xx_ll_fsmc.o(.text)
    FSMC_PCCARD_Init                         0x08004769   Thumb Code    34  stm32f4xx_ll_fsmc.o(.text)
    FSMC_PCCARD_CommonSpace_Timing_Init      0x0800478b   Thumb Code    28  stm32f4xx_ll_fsmc.o(.text)
    FSMC_PCCARD_AttributeSpace_Timing_Init   0x080047a7   Thumb Code    28  stm32f4xx_ll_fsmc.o(.text)
    FSMC_PCCARD_IOSpace_Timing_Init          0x080047c3   Thumb Code    28  stm32f4xx_ll_fsmc.o(.text)
    FSMC_PCCARD_DeInit                       0x080047df   Thumb Code    30  stm32f4xx_ll_fsmc.o(.text)
    Reset_Handler                            0x0800480d   Thumb Code     8  startup_stm32f407xx.o(.text)
    NMI_Handler                              0x08004815   Thumb Code     2  startup_stm32f407xx.o(.text)
    HardFault_Handler                        0x08004817   Thumb Code     2  startup_stm32f407xx.o(.text)
    MemManage_Handler                        0x08004819   Thumb Code     2  startup_stm32f407xx.o(.text)
    BusFault_Handler                         0x0800481b   Thumb Code     2  startup_stm32f407xx.o(.text)
    UsageFault_Handler                       0x0800481d   Thumb Code     2  startup_stm32f407xx.o(.text)
    DebugMon_Handler                         0x08004821   Thumb Code     2  startup_stm32f407xx.o(.text)
    ADC_IRQHandler                           0x08004827   Thumb Code     0  startup_stm32f407xx.o(.text)
    CAN1_RX0_IRQHandler                      0x08004827   Thumb Code     0  startup_stm32f407xx.o(.text)
    CAN1_RX1_IRQHandler                      0x08004827   Thumb Code     0  startup_stm32f407xx.o(.text)
    CAN1_SCE_IRQHandler                      0x08004827   Thumb Code     0  startup_stm32f407xx.o(.text)
    CAN1_TX_IRQHandler                       0x08004827   Thumb Code     0  startup_stm32f407xx.o(.text)
    CAN2_RX0_IRQHandler                      0x08004827   Thumb Code     0  startup_stm32f407xx.o(.text)
    CAN2_RX1_IRQHandler                      0x08004827   Thumb Code     0  startup_stm32f407xx.o(.text)
    CAN2_SCE_IRQHandler                      0x08004827   Thumb Code     0  startup_stm32f407xx.o(.text)
    CAN2_TX_IRQHandler                       0x08004827   Thumb Code     0  startup_stm32f407xx.o(.text)
    DCMI_IRQHandler                          0x08004827   Thumb Code     0  startup_stm32f407xx.o(.text)
    DMA1_Stream0_IRQHandler                  0x08004827   Thumb Code     0  startup_stm32f407xx.o(.text)
    DMA1_Stream1_IRQHandler                  0x08004827   Thumb Code     0  startup_stm32f407xx.o(.text)
    DMA1_Stream2_IRQHandler                  0x08004827   Thumb Code     0  startup_stm32f407xx.o(.text)
    DMA1_Stream3_IRQHandler                  0x08004827   Thumb Code     0  startup_stm32f407xx.o(.text)
    DMA1_Stream4_IRQHandler                  0x08004827   Thumb Code     0  startup_stm32f407xx.o(.text)
    DMA1_Stream5_IRQHandler                  0x08004827   Thumb Code     0  startup_stm32f407xx.o(.text)
    DMA1_Stream6_IRQHandler                  0x08004827   Thumb Code     0  startup_stm32f407xx.o(.text)
    DMA1_Stream7_IRQHandler                  0x08004827   Thumb Code     0  startup_stm32f407xx.o(.text)
    DMA2_Stream0_IRQHandler                  0x08004827   Thumb Code     0  startup_stm32f407xx.o(.text)
    DMA2_Stream1_IRQHandler                  0x08004827   Thumb Code     0  startup_stm32f407xx.o(.text)
    DMA2_Stream2_IRQHandler                  0x08004827   Thumb Code     0  startup_stm32f407xx.o(.text)
    DMA2_Stream3_IRQHandler                  0x08004827   Thumb Code     0  startup_stm32f407xx.o(.text)
    DMA2_Stream4_IRQHandler                  0x08004827   Thumb Code     0  startup_stm32f407xx.o(.text)
    DMA2_Stream5_IRQHandler                  0x08004827   Thumb Code     0  startup_stm32f407xx.o(.text)
    DMA2_Stream6_IRQHandler                  0x08004827   Thumb Code     0  startup_stm32f407xx.o(.text)
    DMA2_Stream7_IRQHandler                  0x08004827   Thumb Code     0  startup_stm32f407xx.o(.text)
    ETH_IRQHandler                           0x08004827   Thumb Code     0  startup_stm32f407xx.o(.text)
    ETH_WKUP_IRQHandler                      0x08004827   Thumb Code     0  startup_stm32f407xx.o(.text)
    EXTI0_IRQHandler                         0x08004827   Thumb Code     0  startup_stm32f407xx.o(.text)
    EXTI15_10_IRQHandler                     0x08004827   Thumb Code     0  startup_stm32f407xx.o(.text)
    EXTI1_IRQHandler                         0x08004827   Thumb Code     0  startup_stm32f407xx.o(.text)
    EXTI2_IRQHandler                         0x08004827   Thumb Code     0  startup_stm32f407xx.o(.text)
    EXTI3_IRQHandler                         0x08004827   Thumb Code     0  startup_stm32f407xx.o(.text)
    EXTI4_IRQHandler                         0x08004827   Thumb Code     0  startup_stm32f407xx.o(.text)
    EXTI9_5_IRQHandler                       0x08004827   Thumb Code     0  startup_stm32f407xx.o(.text)
    FLASH_IRQHandler                         0x08004827   Thumb Code     0  startup_stm32f407xx.o(.text)
    FMC_IRQHandler                           0x08004827   Thumb Code     0  startup_stm32f407xx.o(.text)
    FPU_IRQHandler                           0x08004827   Thumb Code     0  startup_stm32f407xx.o(.text)
    HASH_RNG_IRQHandler                      0x08004827   Thumb Code     0  startup_stm32f407xx.o(.text)
    I2C1_ER_IRQHandler                       0x08004827   Thumb Code     0  startup_stm32f407xx.o(.text)
    I2C1_EV_IRQHandler                       0x08004827   Thumb Code     0  startup_stm32f407xx.o(.text)
    I2C2_ER_IRQHandler                       0x08004827   Thumb Code     0  startup_stm32f407xx.o(.text)
    I2C2_EV_IRQHandler                       0x08004827   Thumb Code     0  startup_stm32f407xx.o(.text)
    I2C3_ER_IRQHandler                       0x08004827   Thumb Code     0  startup_stm32f407xx.o(.text)
    I2C3_EV_IRQHandler                       0x08004827   Thumb Code     0  startup_stm32f407xx.o(.text)
    OTG_FS_WKUP_IRQHandler                   0x08004827   Thumb Code     0  startup_stm32f407xx.o(.text)
    OTG_HS_EP1_IN_IRQHandler                 0x08004827   Thumb Code     0  startup_stm32f407xx.o(.text)
    OTG_HS_EP1_OUT_IRQHandler                0x08004827   Thumb Code     0  startup_stm32f407xx.o(.text)
    OTG_HS_WKUP_IRQHandler                   0x08004827   Thumb Code     0  startup_stm32f407xx.o(.text)
    PVD_IRQHandler                           0x08004827   Thumb Code     0  startup_stm32f407xx.o(.text)
    RCC_IRQHandler                           0x08004827   Thumb Code     0  startup_stm32f407xx.o(.text)
    RTC_Alarm_IRQHandler                     0x08004827   Thumb Code     0  startup_stm32f407xx.o(.text)
    RTC_WKUP_IRQHandler                      0x08004827   Thumb Code     0  startup_stm32f407xx.o(.text)
    SDIO_IRQHandler                          0x08004827   Thumb Code     0  startup_stm32f407xx.o(.text)
    SPI1_IRQHandler                          0x08004827   Thumb Code     0  startup_stm32f407xx.o(.text)
    SPI2_IRQHandler                          0x08004827   Thumb Code     0  startup_stm32f407xx.o(.text)
    SPI3_IRQHandler                          0x08004827   Thumb Code     0  startup_stm32f407xx.o(.text)
    TAMP_STAMP_IRQHandler                    0x08004827   Thumb Code     0  startup_stm32f407xx.o(.text)
    TIM1_BRK_TIM9_IRQHandler                 0x08004827   Thumb Code     0  startup_stm32f407xx.o(.text)
    TIM1_CC_IRQHandler                       0x08004827   Thumb Code     0  startup_stm32f407xx.o(.text)
    TIM1_TRG_COM_TIM11_IRQHandler            0x08004827   Thumb Code     0  startup_stm32f407xx.o(.text)
    TIM1_UP_TIM10_IRQHandler                 0x08004827   Thumb Code     0  startup_stm32f407xx.o(.text)
    TIM2_IRQHandler                          0x08004827   Thumb Code     0  startup_stm32f407xx.o(.text)
    TIM3_IRQHandler                          0x08004827   Thumb Code     0  startup_stm32f407xx.o(.text)
    TIM4_IRQHandler                          0x08004827   Thumb Code     0  startup_stm32f407xx.o(.text)
    TIM5_IRQHandler                          0x08004827   Thumb Code     0  startup_stm32f407xx.o(.text)
    TIM6_DAC_IRQHandler                      0x08004827   Thumb Code     0  startup_stm32f407xx.o(.text)
    TIM7_IRQHandler                          0x08004827   Thumb Code     0  startup_stm32f407xx.o(.text)
    TIM8_BRK_TIM12_IRQHandler                0x08004827   Thumb Code     0  startup_stm32f407xx.o(.text)
    TIM8_CC_IRQHandler                       0x08004827   Thumb Code     0  startup_stm32f407xx.o(.text)
    TIM8_TRG_COM_TIM14_IRQHandler            0x08004827   Thumb Code     0  startup_stm32f407xx.o(.text)
    TIM8_UP_TIM13_IRQHandler                 0x08004827   Thumb Code     0  startup_stm32f407xx.o(.text)
    UART4_IRQHandler                         0x08004827   Thumb Code     0  startup_stm32f407xx.o(.text)
    UART5_IRQHandler                         0x08004827   Thumb Code     0  startup_stm32f407xx.o(.text)
    USART1_IRQHandler                        0x08004827   Thumb Code     0  startup_stm32f407xx.o(.text)
    USART2_IRQHandler                        0x08004827   Thumb Code     0  startup_stm32f407xx.o(.text)
    USART3_IRQHandler                        0x08004827   Thumb Code     0  startup_stm32f407xx.o(.text)
    USART6_IRQHandler                        0x08004827   Thumb Code     0  startup_stm32f407xx.o(.text)
    WWDG_IRQHandler                          0x08004827   Thumb Code     0  startup_stm32f407xx.o(.text)
    SystemInit                               0x08004831   Thumb Code    66  system_stm32f4xx.o(.text)
    SystemCoreClockUpdate                    0x08004873   Thumb Code   106  system_stm32f4xx.o(.text)
    USBH_ThreadCreate                        0x080048fd   Thumb Code    86  usbh_config_1.o(.text)
    USBH_ThreadGetHandle                     0x08004953   Thumb Code     4  usbh_config_1.o(.text)
    USBH_ThreadTerminate                     0x08004957   Thumb Code    12  usbh_config_1.o(.text)
    USBH_Delay                               0x08004963   Thumb Code    44  usbh_config_1.o(.text)
    USBH_TimerCreate                         0x0800498f   Thumb Code    44  usbh_config_1.o(.text)
    USBH_TimerStart                          0x080049bb   Thumb Code    56  usbh_config_1.o(.text)
    USBH_TimerStop                           0x080049f3   Thumb Code    12  usbh_config_1.o(.text)
    USBH_TimerDelete                         0x080049ff   Thumb Code    12  usbh_config_1.o(.text)
    USBH_ThreadFlagsSet                      0x08004a0b   Thumb Code    10  usbh_config_1.o(.text)
    USBH_ThreadFlagsWait                     0x08004a15   Thumb Code    94  usbh_config_1.o(.text)
    USBH_MutexCreate                         0x08004a73   Thumb Code    32  usbh_config_1.o(.text)
    USBH_MutexAcquire                        0x08004a93   Thumb Code    58  usbh_config_1.o(.text)
    USBH_MutexRelease                        0x08004acd   Thumb Code    12  usbh_config_1.o(.text)
    USBH_MutexDelete                         0x08004ad9   Thumb Code    12  usbh_config_1.o(.text)
    USBH_SemaphoreCreate                     0x08004ae5   Thumb Code    32  usbh_config_1.o(.text)
    USBH_SemaphoreAcquire                    0x08004b05   Thumb Code    58  usbh_config_1.o(.text)
    USBH_SemaphoreRelease                    0x08004b3f   Thumb Code    12  usbh_config_1.o(.text)
    USBH_SemaphoreDelete                     0x08004b4b   Thumb Code    12  usbh_config_1.o(.text)
    USBH0_SignalPortEvent                    0x08004b57   Thumb Code    10  usbh_config_1.o(.text)
    USBH0_SignalPipeEvent                    0x08004b61   Thumb Code    10  usbh_config_1.o(.text)
    USBH1_SignalPortEvent                    0x08004b6b   Thumb Code    10  usbh_config_1.o(.text)
    USBH1_SignalPipeEvent                    0x08004b75   Thumb Code    10  usbh_config_1.o(.text)
    USBH_MSC_Configure                       0x08004b7f   Thumb Code     4  usbh_config_1.o(.text)
    USBH_MSC_Unconfigure                     0x08004b83   Thumb Code     4  usbh_config_1.o(.text)
    USBH_MSC_Initialize_Lib                  0x08004b87   Thumb Code     4  usbh_config_1.o(.text)
    USBH_MSC_Uninitialize_Lib                0x08004b8b   Thumb Code     4  usbh_config_1.o(.text)
    USBH_CDC_Configure                       0x08004b8f   Thumb Code     4  usbh_config_1.o(.text)
    USBH_CDC_Unconfigure                     0x08004b93   Thumb Code     4  usbh_config_1.o(.text)
    USBH_CDC_Initialize_Lib                  0x08004b97   Thumb Code     4  usbh_config_1.o(.text)
    USBH_CDC_Uninitialize_Lib                0x08004b9b   Thumb Code     4  usbh_config_1.o(.text)
    USBH_CustomClass_Configure               0x08004b9f   Thumb Code     4  usbh_config_1.o(.text)
    USBH_CustomClass_Unconfigure             0x08004ba3   Thumb Code     4  usbh_config_1.o(.text)
    USBH_CustomClass_Initialize              0x08004ba7   Thumb Code     4  usbh_config_1.o(.text)
    USBH_CustomClass_Uninitialize            0x08004bab   Thumb Code     4  usbh_config_1.o(.text)
    SVC_Handler                              0x08004bd9   Thumb Code   152  irq_cm4f.o(.text)
    PendSV_Handler                           0x08004c71   Thumb Code    16  irq_cm4f.o(.text)
    SysTick_Handler                          0x08004c81   Thumb Code    16  irq_cm4f.o(.text)
    __aeabi_uldivmod                         0x08004c9d   Thumb Code    98  uldiv.o(.text)
    __aeabi_memcpy                           0x08004cff   Thumb Code    36  memcpya.o(.text)
    __aeabi_memcpy4                          0x08004cff   Thumb Code     0  memcpya.o(.text)
    __aeabi_memcpy8                          0x08004cff   Thumb Code     0  memcpya.o(.text)
    __aeabi_memset                           0x08004d23   Thumb Code    14  memseta.o(.text)
    __aeabi_memset4                          0x08004d23   Thumb Code     0  memseta.o(.text)
    __aeabi_memset8                          0x08004d23   Thumb Code     0  memseta.o(.text)
    __aeabi_memclr                           0x08004d31   Thumb Code     4  memseta.o(.text)
    __aeabi_memclr4                          0x08004d31   Thumb Code     0  memseta.o(.text)
    __aeabi_memclr8                          0x08004d31   Thumb Code     0  memseta.o(.text)
    _memset$wrapper                          0x08004d35   Thumb Code    18  memseta.o(.text)
    memcmp                                   0x08004d47   Thumb Code    26  memcmp.o(.text)
    __aeabi_dadd                             0x08004d61   Thumb Code   322  dadd.o(.text)
    __aeabi_dsub                             0x08004ea3   Thumb Code     6  dadd.o(.text)
    __aeabi_drsub                            0x08004ea9   Thumb Code     6  dadd.o(.text)
    __aeabi_dmul                             0x08004eaf   Thumb Code   228  dmul.o(.text)
    __aeabi_i2d                              0x08004f93   Thumb Code    34  dflti.o(.text)
    __aeabi_d2iz                             0x08004fb5   Thumb Code    62  dfixi.o(.text)
    __aeabi_uidiv                            0x08004ff3   Thumb Code     0  uidiv.o(.text)
    __aeabi_uidivmod                         0x08004ff3   Thumb Code    44  uidiv.o(.text)
    __aeabi_llsl                             0x0800501f   Thumb Code    30  llshl.o(.text)
    _ll_shift_l                              0x0800501f   Thumb Code     0  llshl.o(.text)
    __aeabi_llsr                             0x0800503d   Thumb Code    32  llushr.o(.text)
    _ll_ushift_r                             0x0800503d   Thumb Code     0  llushr.o(.text)
    __aeabi_lasr                             0x0800505d   Thumb Code    36  llsshr.o(.text)
    _ll_sshift_r                             0x0800505d   Thumb Code     0  llsshr.o(.text)
    __I$use$fp                               0x08005081   Thumb Code     0  iusefp.o(.text)
    _double_round                            0x08005081   Thumb Code    30  depilogue.o(.text)
    _double_epilogue                         0x0800509f   Thumb Code   156  depilogue.o(.text)
    __aeabi_ddiv                             0x0800513b   Thumb Code   222  ddiv.o(.text)
    __ARM_scalbn                             0x08005219   Thumb Code    46  dscalb.o(.text)
    scalbn                                   0x08005219   Thumb Code     0  dscalb.o(.text)
    __aeabi_cdrcmple                         0x08005249   Thumb Code    48  cdrcmple.o(.text)
    __scatterload                            0x08005279   Thumb Code    28  init.o(.text)
    __scatterload_rt2                        0x08005279   Thumb Code     0  init.o(.text)
    _dsqrt                                   0x0800529d   Thumb Code   162  dsqrt.o(.text)
    __decompress                             0x0800533f   Thumb Code     0  __dczerorl2.o(.text)
    __decompress1                            0x0800533f   Thumb Code    86  __dczerorl2.o(.text)
    OS_Tick_AcknowledgeIRQ                   0x08005465   Thumb Code    12  os_systick.o(.text.OS_Tick_AcknowledgeIRQ)
    OS_Tick_Enable                           0x08005471   Thumb Code    44  os_systick.o(.text.OS_Tick_Enable)
    OS_Tick_GetIRQn                          0x0800549d   Thumb Code     6  os_systick.o(.text.OS_Tick_GetIRQn)
    OS_Tick_Setup                            0x080054a5   Thumb Code    64  os_systick.o(.text.OS_Tick_Setup)
    osDelay                                  0x080055d1   Thumb Code    36  rtx_delay.o(.text.osDelay)
    osKernelGetState                         0x080055f5   Thumb Code    52  rtx_kernel.o(.text.osKernelGetState)
    osKernelGetTickCount                     0x08005629   Thumb Code    40  rtx_kernel.o(.text.osKernelGetTickCount)
    osKernelGetTickFreq                      0x08005651   Thumb Code    40  rtx_kernel.o(.text.osKernelGetTickFreq)
    osKernelInitialize                       0x08005679   Thumb Code    36  rtx_kernel.o(.text.osKernelInitialize)
    osKernelStart                            0x0800569d   Thumb Code    36  rtx_kernel.o(.text.osKernelStart)
    osMessageQueueGet                        0x080056c1   Thumb Code   112  rtx_msgqueue.o(.text.osMessageQueueGet)
    osMessageQueueNew                        0x08005731   Thumb Code    36  rtx_msgqueue.o(.text.osMessageQueueNew)
    osMessageQueuePut                        0x08005755   Thumb Code   128  rtx_msgqueue.o(.text.osMessageQueuePut)
    osMutexAcquire                           0x080057d5   Thumb Code    36  rtx_mutex.o(.text.osMutexAcquire)
    osMutexDelete                            0x080057f9   Thumb Code    36  rtx_mutex.o(.text.osMutexDelete)
    osMutexNew                               0x0800581d   Thumb Code    36  rtx_mutex.o(.text.osMutexNew)
    osMutexRelease                           0x08005841   Thumb Code    36  rtx_mutex.o(.text.osMutexRelease)
    osRtxMemoryAlloc                         0x08005865   Thumb Code   128  rtx_memory.o(.text.osRtxMemoryAlloc)
    osRtxMemoryFree                          0x080058e5   Thumb Code    82  rtx_memory.o(.text.osRtxMemoryFree)
    osRtxMemoryInit                          0x08005937   Thumb Code    54  rtx_memory.o(.text.osRtxMemoryInit)
    osRtxMemoryPoolAlloc                     0x0800596d   Thumb Code    74  rtx_mempool.o(.text.osRtxMemoryPoolAlloc)
    osRtxMemoryPoolFree                      0x080059b7   Thumb Code    86  rtx_mempool.o(.text.osRtxMemoryPoolFree)
    osRtxMemoryPoolInit                      0x08005a0d   Thumb Code    84  rtx_mempool.o(.text.osRtxMemoryPoolInit)
    osRtxMutexOwnerRelease                   0x08005b37   Thumb Code    68  rtx_mutex.o(.text.osRtxMutexOwnerRelease)
    osRtxPendSV_Handler                      0x08005b7d   Thumb Code   144  rtx_system.o(.text.osRtxPendSV_Handler)
    osRtxPostProcess                         0x08005c0d   Thumb Code   116  rtx_system.o(.text.osRtxPostProcess)
    osRtxThreadDelayTick                     0x08005de9   Thumb Code    56  rtx_thread.o(.text.osRtxThreadDelayTick)
    osRtxThreadDispatch                      0x08005e21   Thumb Code    96  rtx_thread.o(.text.osRtxThreadDispatch)
    osRtxThreadListGet                       0x08005ed9   Thumb Code    22  rtx_thread.o(.text.osRtxThreadListGet)
    osRtxThreadListPut                       0x08005eef   Thumb Code    56  rtx_thread.o(.text.osRtxThreadListPut)
    osRtxThreadListRemove                    0x08005f27   Thumb Code    20  rtx_thread.o(.text.osRtxThreadListRemove)
    osRtxThreadListSort                      0x08005f3b   Thumb Code    40  rtx_thread.o(.text.osRtxThreadListSort)
    osRtxThreadReadyPut                      0x08005f8d   Thumb Code    20  rtx_thread.o(.text.osRtxThreadReadyPut)
    osRtxThreadRegPtr                        0x08005fa1   Thumb Code    20  rtx_thread.o(.text.osRtxThreadRegPtr)
    osRtxThreadStackCheck                    0x08005fb5   Thumb Code    40  rtx_thread.o(.text.osRtxThreadStackCheck)
    osRtxThreadStartup                       0x08005fdd   Thumb Code    88  rtx_thread.o(.text.osRtxThreadStartup)
    osRtxThreadSwitch                        0x08006035   Thumb Code    16  rtx_thread.o(.text.osRtxThreadSwitch)
    osRtxThreadWaitEnter                     0x08006045   Thumb Code    56  rtx_thread.o(.text.osRtxThreadWaitEnter)
    osRtxThreadWaitExit                      0x0800607d   Thumb Code    50  rtx_thread.o(.text.osRtxThreadWaitExit)
    osRtxTick_Handler                        0x080060b1   Thumb Code   112  rtx_system.o(.text.osRtxTick_Handler)
    osRtxTimerThread                         0x08006121   Thumb Code    68  rtx_timer.o(.text.osRtxTimerThread)
    osSemaphoreAcquire                       0x080061bd   Thumb Code    96  rtx_semaphore.o(.text.osSemaphoreAcquire)
    osSemaphoreDelete                        0x0800621d   Thumb Code    36  rtx_semaphore.o(.text.osSemaphoreDelete)
    osSemaphoreNew                           0x08006241   Thumb Code    36  rtx_semaphore.o(.text.osSemaphoreNew)
    osSemaphoreRelease                       0x08006265   Thumb Code   104  rtx_semaphore.o(.text.osSemaphoreRelease)
    osThreadExit                             0x080062cd   Thumb Code    12  rtx_thread.o(.text.osThreadExit)
    osThreadFlagsSet                         0x080062d9   Thumb Code    92  rtx_thread.o(.text.osThreadFlagsSet)
    osThreadFlagsWait                        0x08006335   Thumb Code    36  rtx_thread.o(.text.osThreadFlagsWait)
    osThreadGetId                            0x08006359   Thumb Code    36  rtx_thread.o(.text.osThreadGetId)
    osThreadNew                              0x0800637d   Thumb Code    36  rtx_thread.o(.text.osThreadNew)
    osThreadTerminate                        0x080063a1   Thumb Code    36  rtx_thread.o(.text.osThreadTerminate)
    osTimerDelete                            0x080063c5   Thumb Code    36  rtx_timer.o(.text.osTimerDelete)
    osTimerNew                               0x080063e9   Thumb Code    48  rtx_timer.o(.text.osTimerNew)
    osTimerStart                             0x08006419   Thumb Code    36  rtx_timer.o(.text.osTimerStart)
    osTimerStop                              0x0800643d   Thumb Code    36  rtx_timer.o(.text.osTimerStop)
    USBH_ConnectDebounce                     0x08007381   Thumb Code   382  usbh_lib_core.o(i.USBH_ConnectDebounce)
    USBH_ControlTransfer                     0x08007519   Thumb Code   344  usbh_lib_core.o(i.USBH_ControlTransfer)
    USBH_Core_Thread                         0x08007681   Thumb Code   612  usbh_lib_core.o(i.USBH_Core_Thread)
    USBH_DeviceRequest_GetDescriptor         0x08007959   Thumb Code   124  usbh_lib_core.o(i.USBH_DeviceRequest_GetDescriptor)
    USBH_DeviceRequest_SetAddress            0x080079d9   Thumb Code    96  usbh_lib_core.o(i.USBH_DeviceRequest_SetAddress)
    USBH_DeviceRequest_SetConfiguration      0x08007a3d   Thumb Code   106  usbh_lib_core.o(i.USBH_DeviceRequest_SetConfiguration)
    USBH_DriverGetCapabilities               0x08007aad   Thumb Code    12  usbh_lib_drv.o(i.USBH_DriverGetCapabilities)
    USBH_DriverGetVersion                    0x08007abd   Thumb Code    12  usbh_lib_drv.o(i.USBH_DriverGetVersion)
    USBH_DriverInitialize                    0x08007acd   Thumb Code   102  usbh_lib_drv.o(i.USBH_DriverInitialize)
    USBH_DriverPipeCreate                    0x08007b3d   Thumb Code   100  usbh_lib_drv.o(i.USBH_DriverPipeCreate)
    USBH_DriverPipeDelete                    0x08007ba9   Thumb Code   100  usbh_lib_drv.o(i.USBH_DriverPipeDelete)
    USBH_DriverPipeModify                    0x08007c15   Thumb Code   120  usbh_lib_drv.o(i.USBH_DriverPipeModify)
    USBH_DriverPipeTransfer                  0x08007c95   Thumb Code   116  usbh_lib_drv.o(i.USBH_DriverPipeTransfer)
    USBH_DriverPipeTransferAbort             0x08007d11   Thumb Code   100  usbh_lib_drv.o(i.USBH_DriverPipeTransferAbort)
    USBH_DriverPipeTransferGetResult         0x08007d7d   Thumb Code    76  usbh_lib_drv.o(i.USBH_DriverPipeTransferGetResult)
    USBH_DriverPortGetState                  0x08007dd1   Thumb Code   118  usbh_lib_drv.o(i.USBH_DriverPortGetState)
    USBH_DriverPortReset                     0x08007e51   Thumb Code   116  usbh_lib_drv.o(i.USBH_DriverPortReset)
    USBH_DriverPortResume                    0x08007ed1   Thumb Code   100  usbh_lib_drv.o(i.USBH_DriverPortResume)
    USBH_DriverPortSuspend                   0x08007f3d   Thumb Code   100  usbh_lib_drv.o(i.USBH_DriverPortSuspend)
    USBH_DriverPortVbusOnOff                 0x08007fa9   Thumb Code   102  usbh_lib_drv.o(i.USBH_DriverPortVbusOnOff)
    USBH_DriverPowerControl                  0x08008019   Thumb Code   100  usbh_lib_drv.o(i.USBH_DriverPowerControl)
    USBH_GetFree_PIPE                        0x08008655   Thumb Code    38  usbh_lib_core.o(i.USBH_GetFree_PIPE)
    USBH_Get_Thread_ID_of_Pipe               0x08008685   Thumb Code    54  usbh_lib_core.o(i.USBH_Get_Thread_ID_of_Pipe)
    USBH_HID_Configure                       0x080086c5   Thumb Code   226  usbh_lib_hid.o(i.USBH_HID_Configure)
    USBH_HID_DataReceived                    0x080087b5   Thumb Code     2  usbh_lib_hid.o(i.USBH_HID_DataReceived)
    USBH_HID_GetDevice                       0x080087b9   Thumb Code    50  usbh_lib_hid.o(i.USBH_HID_GetDevice)
    USBH_HID_GetKeyboardKey                  0x080087f5   Thumb Code   178  usbh_lib_hid.o(i.USBH_HID_GetKeyboardKey)
    USBH_HID_GetStatus                       0x080088b9   Thumb Code    40  usbh_lib_hid.o(i.USBH_HID_GetStatus)
    USBH_HID_Initialize                      0x080088e5   Thumb Code     2  usbh_lib_hid.o(i.USBH_HID_Initialize)
    USBH_HID_Initialize_Lib                  0x080088e9   Thumb Code   284  usbh_lib_hid.o(i.USBH_HID_Initialize_Lib)
    USBH_HID_IntIn_Thread                    0x08008a09   Thumb Code   124  usbh_lib_hid.o(i.USBH_HID_IntIn_Thread)
    USBH_HID_ParseReportDescriptor           0x08008a8d   Thumb Code     2  usbh_lib_hid.o(i.USBH_HID_ParseReportDescriptor)
    USBH_HID_Unconfigure                     0x08008a91   Thumb Code   100  usbh_lib_hid.o(i.USBH_HID_Unconfigure)
    USBH_HID_Uninitialize                    0x08008af9   Thumb Code     2  usbh_lib_hid.o(i.USBH_HID_Uninitialize)
    USBH_HID_Uninitialize_Lib                0x08008afd   Thumb Code    80  usbh_lib_hid.o(i.USBH_HID_Uninitialize_Lib)
    USBH_Initialize                          0x08008b51   Thumb Code   370  usbh_lib_core.o(i.USBH_Initialize)
    USBH_MemoryAllocate                      0x08008cf1   Thumb Code    46  usbh_lib_core.o(i.USBH_MemoryAllocate)
    USBH_MemoryAllocateLib                   0x08008d21   Thumb Code    64  usbh_lib_mem.o(i.USBH_MemoryAllocateLib)
    USBH_MemoryFree                          0x08008d65   Thumb Code    36  usbh_lib_core.o(i.USBH_MemoryFree)
    USBH_MemoryFreeLib                       0x08008d89   Thumb Code    58  usbh_lib_mem.o(i.USBH_MemoryFreeLib)
    USBH_MemoryGetPoolSize                   0x08008dc9   Thumb Code    10  usbh_lib_mem.o(i.USBH_MemoryGetPoolSize)
    USBH_MemoryInitialize                    0x08008dd9   Thumb Code    26  usbh_lib_core.o(i.USBH_MemoryInitialize)
    USBH_MemoryInitializeLib                 0x08008df5   Thumb Code    56  usbh_lib_mem.o(i.USBH_MemoryInitializeLib)
    USBH_MemoryIsInPool                      0x08008e35   Thumb Code    34  usbh_lib_mem.o(i.USBH_MemoryIsInPool)
    USBH_Notify                              0x08008e61   Thumb Code     2  usbh_lib_core.o(i.USBH_Notify)
    USBH_PipeAbort                           0x08008e6d   Thumb Code    58  usbh_lib_core.o(i.USBH_PipeAbort)
    USBH_PipeCreate                          0x08008ead   Thumb Code   102  usbh_lib_core.o(i.USBH_PipeCreate)
    USBH_PipeDelete                          0x08008f19   Thumb Code    60  usbh_lib_core.o(i.USBH_PipeDelete)
    USBH_PipeReceive                         0x08009015   Thumb Code   604  usbh_lib_core.o(i.USBH_PipeReceive)
    USBH_PipeReceiveGetResult                0x0800927d   Thumb Code    24  usbh_lib_core.o(i.USBH_PipeReceiveGetResult)
    USBH_PipeSend                            0x08009295   Thumb Code   628  usbh_lib_core.o(i.USBH_PipeSend)
    USBH_SignalPipeEvent                     0x080098d1   Thumb Code    28  usbh_lib_drv.o(i.USBH_SignalPipeEvent)
    USBH_SignalPortEvent                     0x080098ed   Thumb Code    82  usbh_lib_drv.o(i.USBH_SignalPortEvent)
    __0printf$3                              0x08009a49   Thumb Code    22  printf3.o(i.__0printf$3)
    __1printf$3                              0x08009a49   Thumb Code     0  printf3.o(i.__0printf$3)
    __2printf                                0x08009a49   Thumb Code     0  printf3.o(i.__0printf$3)
    __0sprintf$3                             0x08009a69   Thumb Code    34  printf3.o(i.__0sprintf$3)
    __1sprintf$3                             0x08009a69   Thumb Code     0  printf3.o(i.__0sprintf$3)
    __2sprintf                               0x08009a69   Thumb Code     0  printf3.o(i.__0sprintf$3)
    __ARM_fpclassify                         0x08009a91   Thumb Code    48  fpclassify.o(i.__ARM_fpclassify)
    __hardfp_pow                             0x08009ac1   Thumb Code  3072  pow.o(i.__hardfp_pow)
    __kernel_poly                            0x0800a711   Thumb Code   248  poly.o(i.__kernel_poly)
    __mathlib_dbl_divzero                    0x0800a809   Thumb Code    28  dunder.o(i.__mathlib_dbl_divzero)
    __mathlib_dbl_infnan2                    0x0800a839   Thumb Code    20  dunder.o(i.__mathlib_dbl_infnan2)
    __mathlib_dbl_invalid                    0x0800a851   Thumb Code    24  dunder.o(i.__mathlib_dbl_invalid)
    __mathlib_dbl_overflow                   0x0800a871   Thumb Code    24  dunder.o(i.__mathlib_dbl_overflow)
    __mathlib_dbl_underflow                  0x0800a891   Thumb Code    24  dunder.o(i.__mathlib_dbl_underflow)
    __scatterload_copy                       0x0800a8b1   Thumb Code    14  handlers.o(i.__scatterload_copy)
    __scatterload_null                       0x0800a8bf   Thumb Code     2  handlers.o(i.__scatterload_null)
    __scatterload_zeroinit                   0x0800a8c1   Thumb Code    14  handlers.o(i.__scatterload_zeroinit)
    __set_errno                              0x0800a8d1   Thumb Code     6  errno.o(i.__set_errno)
    fabs                                     0x0800aa9f   Thumb Code    24  fabs.o(i.fabs)
    fputs                                    0x0800aab7   Thumb Code    24  fputs.o(i.fputs)
    putc                                     0x0800aacf   Thumb Code     4  putc.o(i.putc)
    sqrt                                     0x0800aad3   Thumb Code   110  sqrt.o(i.sqrt)
    app_main_attr                            0x0800ab40   Data          36  keyboard.o(.constdata)
    GLCD_Font_16x24                          0x0800c064   Data          16  glcd_fonts.o(.constdata)
    osRtxUserSVC                             0x0800c0d4   Data           4  rtx_lib.o(.constdata)
    Driver_USBH0                             0x0800c0e0   Data          72  usbh_fs_stm32f4xx.o(.constdata)
    Driver_USBH1                             0x0800c130   Data          72  usbh_hs_stm32f4xx.o(.constdata)
    AHBPrescTable                            0x0800c180   Data          16  system_stm32f4xx.o(.constdata)
    APBPrescTable                            0x0800c190   Data           8  system_stm32f4xx.o(.constdata)
    usbh0_pipe_num                           0x0800c198   Data           4  usbh_config_0.o(.constdata)
    usbh0_power                              0x0800c19c   Data           1  usbh_config_0.o(.constdata)
    usbh0_mem_pool_reloc                     0x0800c19d   Data           1  usbh_config_0.o(.constdata)
    usbh0_mem_pool_size                      0x0800c1a0   Data           4  usbh_config_0.o(.constdata)
    usbh0_core_thread_attr                   0x0800c1a4   Data          36  usbh_config_0.o(.constdata)
    usbh1_pipe_num                           0x0800c1c8   Data           4  usbh_config_1.o(.constdata)
    usbh1_power                              0x0800c1cc   Data           1  usbh_config_1.o(.constdata)
    usbh1_mem_pool_reloc                     0x0800c1cd   Data           1  usbh_config_1.o(.constdata)
    usbh1_mem_pool_size                      0x0800c1d0   Data           4  usbh_config_1.o(.constdata)
    usbh1_core_thread_attr                   0x0800c1d4   Data          36  usbh_config_1.o(.constdata)
    usbh_hc_num                              0x0800c200   Data           1  usbh_config_1.o(.constdata)
    usbh_dev_num                             0x0800c201   Data           1  usbh_config_1.o(.constdata)
    usbh_hid_num                             0x0800c202   Data           1  usbh_config_1.o(.constdata)
    usbh_hcd_ptr                             0x0800c204   Data           8  usbh_config_1.o(.constdata)
    usbh_power_ptr                           0x0800c20c   Data           8  usbh_config_1.o(.constdata)
    usbh_mem_pool_reloc_ptr                  0x0800c214   Data           8  usbh_config_1.o(.constdata)
    usbh_mem_pool_ptr                        0x0800c21c   Data           8  usbh_config_1.o(.constdata)
    usbh_mem_pool_size_ptr                   0x0800c224   Data           8  usbh_config_1.o(.constdata)
    usbh_pipe_ptr                            0x0800c22c   Data           8  usbh_config_1.o(.constdata)
    usbh_pipe_num_ptr                        0x0800c234   Data           8  usbh_config_1.o(.constdata)
    usbh_debounce_in_ms                      0x0800c23c   Data           4  usbh_config_1.o(.constdata)
    usbh_cb_port_event_ptr                   0x0800c240   Data           8  usbh_config_1.o(.constdata)
    usbh_cb_pipe_event_ptr                   0x0800c248   Data           8  usbh_config_1.o(.constdata)
    HID_KEYBOARD_ID_TO_ASCII                 0x0800c250   Data          58  usbh_lib_hid_idtoascii.o(.constdata)
    __mathlib_zero                           0x0800c318   Data           8  qnan.o(.constdata)
    osRtxConfig                              0x0800c348   Data         104  rtx_lib.o(.rodata)
    Region$$Table$$Base                      0x0800c3bc   Number         0  anon$$obj.o(Region$$Table)
    Region$$Table$$Limit                     0x0800c3dc   Number         0  anon$$obj.o(Region$$Table)
    usb_lib_version                          0x0800c3dc   Data           4  usb_lib_ver.o(__MW_USB_LIB_VERSION_6.12.4)
    .bss.os.msgqueue.cb$$Base                0x20001040   Number         0  rtx_lib.o(.bss.os.msgqueue.cb)
    .bss.os.msgqueue.cb$$Limit               0x20001074   Number         0  rtx_lib.o(.bss.os.msgqueue.cb)
    .bss.os.mutex.cb$$Base                   0x200010c4   Number         0  usbh_config_1.o(.bss.os.mutex.cb)
    .bss.os.mutex.cb$$Limit                  0x200010fc   Number         0  usbh_config_1.o(.bss.os.mutex.cb)
    .bss.os.semaphore.cb$$Base               0x200010fc   Number         0  usbh_config_1.o(.bss.os.semaphore.cb)
    .bss.os.semaphore.cb$$Limit              0x2000111c   Number         0  usbh_config_1.o(.bss.os.semaphore.cb)
    .bss.os.thread.cb$$Base                  0x2000111c   Number         0  rtx_lib.o(.bss.os.thread.cb)
    .bss.os.thread.cb$$Limit                 0x20001270   Number         0  usbh_config_1.o(.bss.os.thread.cb)
    .bss.os.timer.cb$$Base                   0x20001f70   Number         0  usbh_config_1.o(.bss.os.timer.cb)
    .bss.os.timer.cb$$Limit                  0x20001fb0   Number         0  usbh_config_1.o(.bss.os.timer.cb)
    otg_fs_role                              0x20001fc8   Data           1  otg_fs_stm32f4xx.o(.data)
    otg_hs_role                              0x20001fc9   Data           1  otg_hs_stm32f4xx.o(.data)
    uwTickFreq                               0x20002044   Data           1  stm32f4xx_hal.o(.data)
    uwTickPrio                               0x20002048   Data           4  stm32f4xx_hal.o(.data)
    uwTick                                   0x2000204c   Data           4  stm32f4xx_hal.o(.data)
    SystemCoreClock                          0x20002050   Data           4  system_stm32f4xx.o(.data)
    usbh0_hcd_ptr                            0x20002054   Data           4  usbh_config_0.o(.data)
    usbh1_hcd_ptr                            0x20002058   Data           4  usbh_config_1.o(.data)
    usbh_core_thread_id                      0x20002090   Data           8  usbh_config_1.o(.data)
    usbh_driver_semaphore_id                 0x20002098   Data           8  usbh_config_1.o(.data)
    usbh_def_pipe_mutex_id                   0x200020a0   Data           8  usbh_config_1.o(.data)
    usbh_debounce_timer_id                   0x200020a8   Data           8  usbh_config_1.o(.data)
    usbh_drv_version                         0x200020b0   Data           8  usbh_config_1.o(.data)
    usbh_capabilities                        0x200020b8   Data           8  usbh_config_1.o(.data)
    __stdout                                 0x200020c0   Data           4  stdout.o(.data)
    __stderr                                 0x200020c4   Data           4  stderr.o(.data)
    osRtxInfo                                0x200020cc   Data         164  rtx_kernel.o(.data.os)
    app_main_stk                             0x20002170   Data        2048  keyboard.o(.bss)
    usbh0_pipe                               0x20002cc0   Data          60  usbh_config_0.o(.bss)
    usbh0_mem_pool                           0x20002cfc   Data         572  usbh_config_0.o(.bss)
    usbh1_pipe                               0x20002f38   Data          60  usbh_config_1.o(.bss)
    usbh1_mem_pool                           0x20002f74   Data         572  usbh_config_1.o(.bss)
    usbh_hci                                 0x200031b0   Data         248  usbh_config_1.o(.bss)
    usbh_dev                                 0x200032a8   Data          28  usbh_config_1.o(.bss)
    usbh_hid                                 0x200032c4   Data          52  usbh_config_1.o(.bss)
    __initial_sp                             0x20003700   Data           0  startup_stm32f407xx.o(STACK)



==============================================================================

Memory Map of the image

  Image Entry point : 0x08000189

  Load Region LR_IROM1 (Base: 0x08000000, Size: 0x0000e550, Max: 0x00100000, ABSOLUTE, COMPRESSED[0x0000c498])

    Execution Region ER_IROM1 (Base: 0x08000000, Size: 0x0000c3e0, Max: 0x00100000, ABSOLUTE)

    Base Addr    Size         Type   Attr      Idx    E Section Name        Object

    0x08000000   0x00000188   Data   RO          839    RESET               startup_stm32f407xx.o
    0x08000188   0x00000000   Code   RO         1858  * .ARM.Collect$$$$00000000  mc_w.l(entry.o)
    0x08000188   0x00000004   Code   RO         2187    .ARM.Collect$$$$00000001  mc_w.l(entry2.o)
    0x0800018c   0x00000004   Code   RO         2190    .ARM.Collect$$$$00000004  mc_w.l(entry5.o)
    0x08000190   0x00000000   Code   RO         2192    .ARM.Collect$$$$00000008  mc_w.l(entry7b.o)
    0x08000190   0x00000000   Code   RO         2194    .ARM.Collect$$$$0000000A  mc_w.l(entry8b.o)
    0x08000190   0x00000008   Code   RO         2195    .ARM.Collect$$$$0000000B  mc_w.l(entry9a.o)
    0x08000198   0x00000000   Code   RO         2197    .ARM.Collect$$$$0000000D  mc_w.l(entry10a.o)
    0x08000198   0x00000000   Code   RO         2199    .ARM.Collect$$$$0000000F  mc_w.l(entry11a.o)
    0x08000198   0x00000004   Code   RO         2188    .ARM.Collect$$$$00002712  mc_w.l(entry2.o)
    0x0800019c   0x0000010c   Code   RO            4    .text               main.o
    0x080002a8   0x00000288   Code   RO          138    .text               keyboard.o
    0x08000530   0x000000c0   Code   RO          202    .text               stdout_display.o
    0x080005f0   0x00000ac0   Code   RO          237    .text               glcd_mcbstm32f400.o
    0x080010b0   0x00000004   Code   RO          314    .text               rtx_config.o
    0x080010b4   0x0000029c   Code   RO          338    .text               otg_fs_stm32f4xx.o
    0x08001350   0x00000344   Code   RO          384    .text               otg_hs_stm32f4xx.o
    0x08001694   0x00000ae0   Code   RO          415    .text               usbh_fs_stm32f4xx.o
    0x08002174   0x00000b64   Code   RO          463    .text               usbh_hs_stm32f4xx.o
    0x08002cd8   0x000000b0   Code   RO          494    .text               retarget_io.o
    0x08002d88   0x000001b4   Code   RO          519    .text               stm32f4xx_hal.o
    0x08002f3c   0x00000284   Code   RO          594    .text               stm32f4xx_hal_cortex.o
    0x080031c0   0x000006b8   Code   RO          622    .text               stm32f4xx_hal_dma.o
    0x08003878   0x00000324   Code   RO          671    .text               stm32f4xx_hal_gpio.o
    0x08003b9c   0x00000688   Code   RO          743    .text               stm32f4xx_hal_rcc.o
    0x08004224   0x000002c4   Code   RO          792    .text               stm32f4xx_hal_sram.o
    0x080044e8   0x00000324   Code   RO          816    .text               stm32f4xx_ll_fsmc.o
    0x0800480c   0x00000024   Code   RO          840    .text               startup_stm32f407xx.o
    0x08004830   0x000000cc   Code   RO          847    .text               system_stm32f4xx.o
    0x080048fc   0x000002dc   Code   RO          938    .text               usbh_config_1.o
    0x08004bd8   0x000000c4   Code   RO         1375    .text               RTX_CM4F.lib(irq_cm4f.o)
    0x08004c9c   0x00000062   Code   RO         1871    .text               mc_w.l(uldiv.o)
    0x08004cfe   0x00000024   Code   RO         1873    .text               mc_w.l(memcpya.o)
    0x08004d22   0x00000024   Code   RO         1875    .text               mc_w.l(memseta.o)
    0x08004d46   0x0000001a   Code   RO         1877    .text               mc_w.l(memcmp.o)
    0x08004d60   0x0000014e   Code   RO         2142    .text               mf_w.l(dadd.o)
    0x08004eae   0x000000e4   Code   RO         2144    .text               mf_w.l(dmul.o)
    0x08004f92   0x00000022   Code   RO         2146    .text               mf_w.l(dflti.o)
    0x08004fb4   0x0000003e   Code   RO         2148    .text               mf_w.l(dfixi.o)
    0x08004ff2   0x0000002c   Code   RO         2201    .text               mc_w.l(uidiv.o)
    0x0800501e   0x0000001e   Code   RO         2203    .text               mc_w.l(llshl.o)
    0x0800503c   0x00000020   Code   RO         2205    .text               mc_w.l(llushr.o)
    0x0800505c   0x00000024   Code   RO         2207    .text               mc_w.l(llsshr.o)
    0x08005080   0x00000000   Code   RO         2216    .text               mc_w.l(iusefp.o)
    0x08005080   0x000000ba   Code   RO         2217    .text               mf_w.l(depilogue.o)
    0x0800513a   0x000000de   Code   RO         2219    .text               mf_w.l(ddiv.o)
    0x08005218   0x0000002e   Code   RO         2223    .text               mf_w.l(dscalb.o)
    0x08005246   0x00000002   PAD
    0x08005248   0x00000030   Code   RO         2227    .text               mf_w.l(cdrcmple.o)
    0x08005278   0x00000024   Code   RO         2229    .text               mc_w.l(init.o)
    0x0800529c   0x000000a2   Code   RO         2231    .text               mf_w.l(dsqrt.o)
    0x0800533e   0x00000056   Code   RO         2242    .text               mc_w.l(__dczerorl2.o)
    0x08005394   0x00000046   Code   RO         1735    .text.MessageQueueGet  RTX_CM4F.lib(rtx_msgqueue.o)
    0x080053da   0x00000064   Code   RO         1729    .text.MessageQueuePut  RTX_CM4F.lib(rtx_msgqueue.o)
    0x0800543e   0x00000026   Code   RO         1727    .text.MessageQueueRemove  RTX_CM4F.lib(rtx_msgqueue.o)
    0x08005464   0x0000000c   Code   RO         1777    .text.OS_Tick_AcknowledgeIRQ  RTX_CM4F.lib(os_systick.o)
    0x08005470   0x0000002c   Code   RO         1773    .text.OS_Tick_Enable  RTX_CM4F.lib(os_systick.o)
    0x0800549c   0x00000006   Code   RO         1779    .text.OS_Tick_GetIRQn  RTX_CM4F.lib(os_systick.o)
    0x080054a2   0x00000002   PAD
    0x080054a4   0x00000040   Code   RO         1771    .text.OS_Tick_Setup  RTX_CM4F.lib(os_systick.o)
    0x080054e4   0x0000006a   Code   RO         1182    .text.ThreadFlagsCheck  RTX_CM4F.lib(rtx_thread.o)
    0x0800554e   0x00000002   PAD
    0x08005550   0x00000050   Code   RO         1274    .text.TimerInsert   RTX_CM4F.lib(rtx_timer.o)
    0x080055a0   0x00000030   Code   RO         1282    .text.TimerRemove   RTX_CM4F.lib(rtx_timer.o)
    0x080055d0   0x00000024   Code   RO         1239    .text.osDelay       RTX_CM4F.lib(rtx_delay.o)
    0x080055f4   0x00000034   Code   RO         1045    .text.osKernelGetState  RTX_CM4F.lib(rtx_kernel.o)
    0x08005628   0x00000028   Code   RO         1061    .text.osKernelGetTickCount  RTX_CM4F.lib(rtx_kernel.o)
    0x08005650   0x00000028   Code   RO         1065    .text.osKernelGetTickFreq  RTX_CM4F.lib(rtx_kernel.o)
    0x08005678   0x00000024   Code   RO         1039    .text.osKernelInitialize  RTX_CM4F.lib(rtx_kernel.o)
    0x0800569c   0x00000024   Code   RO         1049    .text.osKernelStart  RTX_CM4F.lib(rtx_kernel.o)
    0x080056c0   0x00000070   Code   RO         1701    .text.osMessageQueueGet  RTX_CM4F.lib(rtx_msgqueue.o)
    0x08005730   0x00000024   Code   RO         1695    .text.osMessageQueueNew  RTX_CM4F.lib(rtx_msgqueue.o)
    0x08005754   0x00000080   Code   RO         1699    .text.osMessageQueuePut  RTX_CM4F.lib(rtx_msgqueue.o)
    0x080057d4   0x00000024   Code   RO         1307    .text.osMutexAcquire  RTX_CM4F.lib(rtx_mutex.o)
    0x080057f8   0x00000024   Code   RO         1313    .text.osMutexDelete  RTX_CM4F.lib(rtx_mutex.o)
    0x0800581c   0x00000024   Code   RO         1303    .text.osMutexNew    RTX_CM4F.lib(rtx_mutex.o)
    0x08005840   0x00000024   Code   RO         1309    .text.osMutexRelease  RTX_CM4F.lib(rtx_mutex.o)
    0x08005864   0x00000080   Code   RO         1625    .text.osRtxMemoryAlloc  RTX_CM4F.lib(rtx_memory.o)
    0x080058e4   0x00000052   Code   RO         1627    .text.osRtxMemoryFree  RTX_CM4F.lib(rtx_memory.o)
    0x08005936   0x00000036   Code   RO         1623    .text.osRtxMemoryInit  RTX_CM4F.lib(rtx_memory.o)
    0x0800596c   0x0000004a   Code   RO         1642    .text.osRtxMemoryPoolAlloc  RTX_CM4F.lib(rtx_mempool.o)
    0x080059b6   0x00000056   Code   RO         1644    .text.osRtxMemoryPoolFree  RTX_CM4F.lib(rtx_mempool.o)
    0x08005a0c   0x00000054   Code   RO         1640    .text.osRtxMemoryPoolInit  RTX_CM4F.lib(rtx_mempool.o)
    0x08005a60   0x000000d6   Code   RO         1725    .text.osRtxMessageQueuePostProcess  RTX_CM4F.lib(rtx_msgqueue.o)
    0x08005b36   0x00000044   Code   RO         1301    .text.osRtxMutexOwnerRelease  RTX_CM4F.lib(rtx_mutex.o)
    0x08005b7a   0x00000002   PAD
    0x08005b7c   0x00000090   Code   RO         1756    .text.osRtxPendSV_Handler  RTX_CM4F.lib(rtx_system.o)
    0x08005c0c   0x00000074   Code   RO         1758    .text.osRtxPostProcess  RTX_CM4F.lib(rtx_system.o)
    0x08005c80   0x0000003e   Code   RO         1354    .text.osRtxSemaphorePostProcess  RTX_CM4F.lib(rtx_semaphore.o)
    0x08005cbe   0x00000002   PAD
    0x08005cc0   0x0000003c   Code   RO         1124    .text.osRtxThreadBlock  RTX_CM4F.lib(rtx_thread.o)
    0x08005cfc   0x00000094   Code   RO         1132    .text.osRtxThreadDelayInsert  RTX_CM4F.lib(rtx_thread.o)
    0x08005d90   0x00000058   Code   RO         1128    .text.osRtxThreadDelayRemove  RTX_CM4F.lib(rtx_thread.o)
    0x08005de8   0x00000038   Code   RO         1114    .text.osRtxThreadDelayTick  RTX_CM4F.lib(rtx_thread.o)
    0x08005e20   0x00000060   Code   RO         1122    .text.osRtxThreadDispatch  RTX_CM4F.lib(rtx_thread.o)
    0x08005e80   0x00000058   Code   RO         1208    .text.osRtxThreadFree  RTX_CM4F.lib(rtx_thread.o)
    0x08005ed8   0x00000016   Code   RO         1106    .text.osRtxThreadListGet  RTX_CM4F.lib(rtx_thread.o)
    0x08005eee   0x00000038   Code   RO         1104    .text.osRtxThreadListPut  RTX_CM4F.lib(rtx_thread.o)
    0x08005f26   0x00000014   Code   RO         1110    .text.osRtxThreadListRemove  RTX_CM4F.lib(rtx_thread.o)
    0x08005f3a   0x00000028   Code   RO         1108    .text.osRtxThreadListSort  RTX_CM4F.lib(rtx_thread.o)
    0x08005f62   0x0000002a   Code   RO         1180    .text.osRtxThreadPostProcess  RTX_CM4F.lib(rtx_thread.o)
    0x08005f8c   0x00000014   Code   RO         1112    .text.osRtxThreadReadyPut  RTX_CM4F.lib(rtx_thread.o)
    0x08005fa0   0x00000014   Code   RO         1116    .text.osRtxThreadRegPtr  RTX_CM4F.lib(rtx_thread.o)
    0x08005fb4   0x00000028   Code   RO         1120    .text.osRtxThreadStackCheck  RTX_CM4F.lib(rtx_thread.o)
    0x08005fdc   0x00000058   Code   RO         1134    .text.osRtxThreadStartup  RTX_CM4F.lib(rtx_thread.o)
    0x08006034   0x00000010   Code   RO         1118    .text.osRtxThreadSwitch  RTX_CM4F.lib(rtx_thread.o)
    0x08006044   0x00000038   Code   RO         1130    .text.osRtxThreadWaitEnter  RTX_CM4F.lib(rtx_thread.o)
    0x0800607c   0x00000032   Code   RO         1126    .text.osRtxThreadWaitExit  RTX_CM4F.lib(rtx_thread.o)
    0x080060ae   0x00000002   PAD
    0x080060b0   0x00000070   Code   RO         1754    .text.osRtxTick_Handler  RTX_CM4F.lib(rtx_system.o)
    0x08006120   0x00000044   Code   RO         1258    .text.osRtxTimerThread  RTX_CM4F.lib(rtx_timer.o)
    0x08006164   0x00000058   Code   RO         1260    .text.osRtxTimerTick  RTX_CM4F.lib(rtx_timer.o)
    0x080061bc   0x00000060   Code   RO         1342    .text.osSemaphoreAcquire  RTX_CM4F.lib(rtx_semaphore.o)
    0x0800621c   0x00000024   Code   RO         1350    .text.osSemaphoreDelete  RTX_CM4F.lib(rtx_semaphore.o)
    0x08006240   0x00000024   Code   RO         1338    .text.osSemaphoreNew  RTX_CM4F.lib(rtx_semaphore.o)
    0x08006264   0x00000068   Code   RO         1344    .text.osSemaphoreRelease  RTX_CM4F.lib(rtx_semaphore.o)
    0x080062cc   0x0000000c   Code   RO         1164    .text.osThreadExit  RTX_CM4F.lib(rtx_thread.o)
    0x080062d8   0x0000005c   Code   RO         1172    .text.osThreadFlagsSet  RTX_CM4F.lib(rtx_thread.o)
    0x08006334   0x00000024   Code   RO         1178    .text.osThreadFlagsWait  RTX_CM4F.lib(rtx_thread.o)
    0x08006358   0x00000024   Code   RO         1142    .text.osThreadGetId  RTX_CM4F.lib(rtx_thread.o)
    0x0800637c   0x00000024   Code   RO         1138    .text.osThreadNew   RTX_CM4F.lib(rtx_thread.o)
    0x080063a0   0x00000024   Code   RO         1166    .text.osThreadTerminate  RTX_CM4F.lib(rtx_thread.o)
    0x080063c4   0x00000024   Code   RO         1272    .text.osTimerDelete  RTX_CM4F.lib(rtx_timer.o)
    0x080063e8   0x00000030   Code   RO         1262    .text.osTimerNew    RTX_CM4F.lib(rtx_timer.o)
    0x08006418   0x00000024   Code   RO         1266    .text.osTimerStart  RTX_CM4F.lib(rtx_timer.o)
    0x0800643c   0x00000024   Code   RO         1268    .text.osTimerStop   RTX_CM4F.lib(rtx_timer.o)
    0x08006460   0x00000014   Code   RO         1243    .text.svcRtxDelay   RTX_CM4F.lib(rtx_delay.o)
    0x08006474   0x0000000c   Code   RO         1047    .text.svcRtxKernelGetState  RTX_CM4F.lib(rtx_kernel.o)
    0x08006480   0x0000000c   Code   RO         1063    .text.svcRtxKernelGetTickCount  RTX_CM4F.lib(rtx_kernel.o)
    0x0800648c   0x0000000c   Code   RO         1067    .text.svcRtxKernelGetTickFreq  RTX_CM4F.lib(rtx_kernel.o)
    0x08006498   0x00000178   Code   RO         1077    .text.svcRtxKernelInitialize  RTX_CM4F.lib(rtx_kernel.o)
    0x08006610   0x0000008c   Code   RO         1079    .text.svcRtxKernelStart  RTX_CM4F.lib(rtx_kernel.o)
    0x0800669c   0x000000f0   Code   RO         1737    .text.svcRtxMessageQueueGet  RTX_CM4F.lib(rtx_msgqueue.o)
    0x0800678c   0x00000138   Code   RO         1723    .text.svcRtxMessageQueueNew  RTX_CM4F.lib(rtx_msgqueue.o)
    0x080068c4   0x000000c8   Code   RO         1733    .text.svcRtxMessageQueuePut  RTX_CM4F.lib(rtx_msgqueue.o)
    0x0800698c   0x00000098   Code   RO         1319    .text.svcRtxMutexAcquire  RTX_CM4F.lib(rtx_mutex.o)
    0x08006a24   0x000000d4   Code   RO         1325    .text.svcRtxMutexDelete  RTX_CM4F.lib(rtx_mutex.o)
    0x08006af8   0x0000006c   Code   RO         1315    .text.svcRtxMutexNew  RTX_CM4F.lib(rtx_mutex.o)
    0x08006b64   0x000000bc   Code   RO         1321    .text.svcRtxMutexRelease  RTX_CM4F.lib(rtx_mutex.o)
    0x08006c20   0x00000060   Code   RO         1358    .text.svcRtxSemaphoreAcquire  RTX_CM4F.lib(rtx_semaphore.o)
    0x08006c80   0x00000068   Code   RO         1362    .text.svcRtxSemaphoreDelete  RTX_CM4F.lib(rtx_semaphore.o)
    0x08006ce8   0x00000084   Code   RO         1352    .text.svcRtxSemaphoreNew  RTX_CM4F.lib(rtx_semaphore.o)
    0x08006d6c   0x0000005e   Code   RO         1360    .text.svcRtxSemaphoreRelease  RTX_CM4F.lib(rtx_semaphore.o)
    0x08006dca   0x00000002   PAD
    0x08006dcc   0x00000068   Code   RO         1212    .text.svcRtxThreadExit  RTX_CM4F.lib(rtx_thread.o)
    0x08006e34   0x0000006c   Code   RO         1220    .text.svcRtxThreadFlagsSet  RTX_CM4F.lib(rtx_thread.o)
    0x08006ea0   0x0000004c   Code   RO         1226    .text.svcRtxThreadFlagsWait  RTX_CM4F.lib(rtx_thread.o)
    0x08006eec   0x0000000c   Code   RO         1186    .text.svcRtxThreadGetId  RTX_CM4F.lib(rtx_thread.o)
    0x08006ef8   0x000001e0   Code   RO         1136    .text.svcRtxThreadNew  RTX_CM4F.lib(rtx_thread.o)
    0x080070d8   0x000000bc   Code   RO         1214    .text.svcRtxThreadTerminate  RTX_CM4F.lib(rtx_thread.o)
    0x08007194   0x00000054   Code   RO         1288    .text.svcRtxTimerDelete  RTX_CM4F.lib(rtx_timer.o)
    0x080071e8   0x0000007c   Code   RO         1276    .text.svcRtxTimerNew  RTX_CM4F.lib(rtx_timer.o)
    0x08007264   0x00000048   Code   RO         1280    .text.svcRtxTimerStart  RTX_CM4F.lib(rtx_timer.o)
    0x080072ac   0x00000028   Code   RO         1284    .text.svcRtxTimerStop  RTX_CM4F.lib(rtx_timer.o)
    0x080072d4   0x00000028   Code   RO         1382    i.CheckController   USB_CM3_L.lib(usbh_lib_core.o)
    0x080072fc   0x00000044   Code   RO         1579    i.CheckInstance     USB_CM3_L.lib(usbh_lib_hid.o)
    0x08007340   0x00000040   Code   RO         1384    i.CheckPipe         USB_CM3_L.lib(usbh_lib_core.o)
    0x08007380   0x00000198   Code   RO         1389    i.USBH_ConnectDebounce  USB_CM3_L.lib(usbh_lib_core.o)
    0x08007518   0x00000168   Code   RO         1390    i.USBH_ControlTransfer  USB_CM3_L.lib(usbh_lib_core.o)
    0x08007680   0x00000274   Code   RO         1391    i.USBH_Core_Thread  USB_CM3_L.lib(usbh_lib_core.o)
    0x080078f4   0x00000064   Code   RO         1398    i.USBH_DefaultPipeCreate  USB_CM3_L.lib(usbh_lib_core.o)
    0x08007958   0x00000080   Code   RO         1401    i.USBH_DeviceRequest_GetDescriptor  USB_CM3_L.lib(usbh_lib_core.o)
    0x080079d8   0x00000064   Code   RO         1404    i.USBH_DeviceRequest_SetAddress  USB_CM3_L.lib(usbh_lib_core.o)
    0x08007a3c   0x00000070   Code   RO         1405    i.USBH_DeviceRequest_SetConfiguration  USB_CM3_L.lib(usbh_lib_core.o)
    0x08007aac   0x00000010   Code   RO         1526    i.USBH_DriverGetCapabilities  USB_CM3_L.lib(usbh_lib_drv.o)
    0x08007abc   0x00000010   Code   RO         1528    i.USBH_DriverGetVersion  USB_CM3_L.lib(usbh_lib_drv.o)
    0x08007acc   0x00000070   Code   RO         1529    i.USBH_DriverInitialize  USB_CM3_L.lib(usbh_lib_drv.o)
    0x08007b3c   0x0000006c   Code   RO         1530    i.USBH_DriverPipeCreate  USB_CM3_L.lib(usbh_lib_drv.o)
    0x08007ba8   0x0000006c   Code   RO         1531    i.USBH_DriverPipeDelete  USB_CM3_L.lib(usbh_lib_drv.o)
    0x08007c14   0x00000080   Code   RO         1532    i.USBH_DriverPipeModify  USB_CM3_L.lib(usbh_lib_drv.o)
    0x08007c94   0x0000007c   Code   RO         1534    i.USBH_DriverPipeTransfer  USB_CM3_L.lib(usbh_lib_drv.o)
    0x08007d10   0x0000006c   Code   RO         1535    i.USBH_DriverPipeTransferAbort  USB_CM3_L.lib(usbh_lib_drv.o)
    0x08007d7c   0x00000054   Code   RO         1536    i.USBH_DriverPipeTransferGetResult  USB_CM3_L.lib(usbh_lib_drv.o)
    0x08007dd0   0x00000080   Code   RO         1537    i.USBH_DriverPortGetState  USB_CM3_L.lib(usbh_lib_drv.o)
    0x08007e50   0x00000080   Code   RO         1538    i.USBH_DriverPortReset  USB_CM3_L.lib(usbh_lib_drv.o)
    0x08007ed0   0x0000006c   Code   RO         1539    i.USBH_DriverPortResume  USB_CM3_L.lib(usbh_lib_drv.o)
    0x08007f3c   0x0000006c   Code   RO         1540    i.USBH_DriverPortSuspend  USB_CM3_L.lib(usbh_lib_drv.o)
    0x08007fa8   0x00000070   Code   RO         1541    i.USBH_DriverPortVbusOnOff  USB_CM3_L.lib(usbh_lib_drv.o)
    0x08008018   0x0000006c   Code   RO         1542    i.USBH_DriverPowerControl  USB_CM3_L.lib(usbh_lib_drv.o)
    0x08008084   0x000002a0   Code   RO         1418    i.USBH_Engine       USB_CM3_L.lib(usbh_lib_core.o)
    0x08008324   0x00000330   Code   RO         1419    i.USBH_EnumerateDevice  USB_CM3_L.lib(usbh_lib_core.o)
    0x08008654   0x00000030   Code   RO         1420    i.USBH_GetFree_PIPE  USB_CM3_L.lib(usbh_lib_core.o)
    0x08008684   0x00000040   Code   RO         1422    i.USBH_Get_Thread_ID_of_Pipe  USB_CM3_L.lib(usbh_lib_core.o)
    0x080086c4   0x000000f0   Code   RO         1580    i.USBH_HID_Configure  USB_CM3_L.lib(usbh_lib_hid.o)
    0x080087b4   0x00000002   Code   RO         1581    i.USBH_HID_DataReceived  USB_CM3_L.lib(usbh_lib_hid.o)
    0x080087b6   0x00000002   PAD
    0x080087b8   0x0000003c   Code   RO         1582    i.USBH_HID_GetDevice  USB_CM3_L.lib(usbh_lib_hid.o)
    0x080087f4   0x000000c4   Code   RO         1583    i.USBH_HID_GetKeyboardKey  USB_CM3_L.lib(usbh_lib_hid.o)
    0x080088b8   0x0000002c   Code   RO         1585    i.USBH_HID_GetStatus  USB_CM3_L.lib(usbh_lib_hid.o)
    0x080088e4   0x00000002   Code   RO         1586    i.USBH_HID_Initialize  USB_CM3_L.lib(usbh_lib_hid.o)
    0x080088e6   0x00000002   PAD
    0x080088e8   0x00000120   Code   RO         1587    i.USBH_HID_Initialize_Lib  USB_CM3_L.lib(usbh_lib_hid.o)
    0x08008a08   0x00000084   Code   RO         1588    i.USBH_HID_IntIn_Thread  USB_CM3_L.lib(usbh_lib_hid.o)
    0x08008a8c   0x00000002   Code   RO         1589    i.USBH_HID_ParseReportDescriptor  USB_CM3_L.lib(usbh_lib_hid.o)
    0x08008a8e   0x00000002   PAD
    0x08008a90   0x00000068   Code   RO         1592    i.USBH_HID_Unconfigure  USB_CM3_L.lib(usbh_lib_hid.o)
    0x08008af8   0x00000002   Code   RO         1593    i.USBH_HID_Uninitialize  USB_CM3_L.lib(usbh_lib_hid.o)
    0x08008afa   0x00000002   PAD
    0x08008afc   0x00000054   Code   RO         1594    i.USBH_HID_Uninitialize_Lib  USB_CM3_L.lib(usbh_lib_hid.o)
    0x08008b50   0x000001a0   Code   RO         1423    i.USBH_Initialize   USB_CM3_L.lib(usbh_lib_core.o)
    0x08008cf0   0x0000002e   Code   RO         1424    i.USBH_MemoryAllocate  USB_CM3_L.lib(usbh_lib_core.o)
    0x08008d1e   0x00000002   PAD
    0x08008d20   0x00000044   Code   RO         1816    i.USBH_MemoryAllocateLib  USB_CM3_L.lib(usbh_lib_mem.o)
    0x08008d64   0x00000024   Code   RO         1425    i.USBH_MemoryFree   USB_CM3_L.lib(usbh_lib_core.o)
    0x08008d88   0x00000040   Code   RO         1817    i.USBH_MemoryFreeLib  USB_CM3_L.lib(usbh_lib_mem.o)
    0x08008dc8   0x00000010   Code   RO         1818    i.USBH_MemoryGetPoolSize  USB_CM3_L.lib(usbh_lib_mem.o)
    0x08008dd8   0x0000001a   Code   RO         1426    i.USBH_MemoryInitialize  USB_CM3_L.lib(usbh_lib_core.o)
    0x08008df2   0x00000002   PAD
    0x08008df4   0x00000040   Code   RO         1819    i.USBH_MemoryInitializeLib  USB_CM3_L.lib(usbh_lib_mem.o)
    0x08008e34   0x0000002c   Code   RO         1820    i.USBH_MemoryIsInPool  USB_CM3_L.lib(usbh_lib_mem.o)
    0x08008e60   0x00000002   Code   RO         1428    i.USBH_Notify       USB_CM3_L.lib(usbh_lib_core.o)
    0x08008e62   0x00000008   Code   RO         1429    i.USBH_Notify_Lib   USB_CM3_L.lib(usbh_lib_core.o)
    0x08008e6a   0x00000002   PAD
    0x08008e6c   0x00000040   Code   RO         1430    i.USBH_PipeAbort    USB_CM3_L.lib(usbh_lib_core.o)
    0x08008eac   0x0000006c   Code   RO         1431    i.USBH_PipeCreate   USB_CM3_L.lib(usbh_lib_core.o)
    0x08008f18   0x00000040   Code   RO         1432    i.USBH_PipeDelete   USB_CM3_L.lib(usbh_lib_core.o)
    0x08008f58   0x000000bc   Code   RO         1433    i.USBH_PipeDoPing   USB_CM3_L.lib(usbh_lib_core.o)
    0x08009014   0x00000268   Code   RO         1434    i.USBH_PipeReceive  USB_CM3_L.lib(usbh_lib_core.o)
    0x0800927c   0x00000018   Code   RO         1435    i.USBH_PipeReceiveGetResult  USB_CM3_L.lib(usbh_lib_core.o)
    0x08009294   0x00000280   Code   RO         1437    i.USBH_PipeSend     USB_CM3_L.lib(usbh_lib_core.o)
    0x08009514   0x00000134   Code   RO         1439    i.USBH_PipeSendSetup  USB_CM3_L.lib(usbh_lib_core.o)
    0x08009648   0x000000c0   Code   RO         1443    i.USBH_PrepareEnumerateDevice  USB_CM3_L.lib(usbh_lib_core.o)
    0x08009708   0x000001c8   Code   RO         1445    i.USBH_RecoveryEnumerateDevice  USB_CM3_L.lib(usbh_lib_core.o)
    0x080098d0   0x0000001c   Code   RO         1544    i.USBH_SignalPipeEvent  USB_CM3_L.lib(usbh_lib_drv.o)
    0x080098ec   0x0000005c   Code   RO         1545    i.USBH_SignalPortEvent  USB_CM3_L.lib(usbh_lib_drv.o)
    0x08009948   0x00000100   Code   RO         1447    i.USBH_UninitializeDevices  USB_CM3_L.lib(usbh_lib_core.o)
    0x08009a48   0x00000020   Code   RO         1970    i.__0printf$3       mc_w.l(printf3.o)
    0x08009a68   0x00000028   Code   RO         1972    i.__0sprintf$3      mc_w.l(printf3.o)
    0x08009a90   0x00000030   Code   RO         2170    i.__ARM_fpclassify  m_wm.l(fpclassify.o)
    0x08009ac0   0x00000c50   Code   RO         1844    i.__hardfp_pow      m_wm.l(pow.o)
    0x0800a710   0x000000f8   Code   RO         2172    i.__kernel_poly     m_wm.l(poly.o)
    0x0800a808   0x00000030   Code   RO         2150    i.__mathlib_dbl_divzero  m_wm.l(dunder.o)
    0x0800a838   0x00000014   Code   RO         2152    i.__mathlib_dbl_infnan2  m_wm.l(dunder.o)
    0x0800a84c   0x00000004   PAD
    0x0800a850   0x00000020   Code   RO         2153    i.__mathlib_dbl_invalid  m_wm.l(dunder.o)
    0x0800a870   0x00000020   Code   RO         2154    i.__mathlib_dbl_overflow  m_wm.l(dunder.o)
    0x0800a890   0x00000020   Code   RO         2156    i.__mathlib_dbl_underflow  m_wm.l(dunder.o)
    0x0800a8b0   0x0000000e   Code   RO         2236    i.__scatterload_copy  mc_w.l(handlers.o)
    0x0800a8be   0x00000002   Code   RO         2237    i.__scatterload_null  mc_w.l(handlers.o)
    0x0800a8c0   0x0000000e   Code   RO         2238    i.__scatterload_zeroinit  mc_w.l(handlers.o)
    0x0800a8ce   0x00000002   PAD
    0x0800a8d0   0x0000000c   Code   RO         2211    i.__set_errno       mc_w.l(errno.o)
    0x0800a8dc   0x000001b8   Code   RO         1977    i._printf_core      mc_w.l(printf3.o)
    0x0800aa94   0x0000000a   Code   RO         1979    i._sputc            mc_w.l(printf3.o)
    0x0800aa9e   0x00000018   Code   RO         2166    i.fabs              m_wm.l(fabs.o)
    0x0800aab6   0x00000018   Code   RO         1861    i.fputs             mc_w.l(fputs.o)
    0x0800aace   0x00000004   Code   RO         1863    i.putc              mc_w.l(putc.o)
    0x0800aad2   0x0000006e   Code   RO         2177    i.sqrt              m_wm.l(sqrt.o)
    0x0800ab40   0x00000024   Data   RO          140    .constdata          keyboard.o
    0x0800ab64   0x00001500   Data   RO          223    .constdata          glcd_fonts.o
    0x0800c064   0x00000010   Data   RO          225    .constdata          glcd_fonts.o
    0x0800c074   0x00000024   Data   RO          274    .constdata          rtx_lib.o
    0x0800c098   0x00000024   Data   RO          275    .constdata          rtx_lib.o
    0x0800c0bc   0x00000018   Data   RO          276    .constdata          rtx_lib.o
    0x0800c0d4   0x00000004   Data   RO          277    .constdata          rtx_lib.o
    0x0800c0d8   0x00000008   Data   RO          417    .constdata          usbh_fs_stm32f4xx.o
    0x0800c0e0   0x00000048   Data   RO          418    .constdata          usbh_fs_stm32f4xx.o
    0x0800c128   0x00000008   Data   RO          465    .constdata          usbh_hs_stm32f4xx.o
    0x0800c130   0x00000048   Data   RO          466    .constdata          usbh_hs_stm32f4xx.o
    0x0800c178   0x00000008   Data   RO          623    .constdata          stm32f4xx_hal_dma.o
    0x0800c180   0x00000010   Data   RO          848    .constdata          system_stm32f4xx.o
    0x0800c190   0x00000008   Data   RO          849    .constdata          system_stm32f4xx.o
    0x0800c198   0x00000004   Data   RO          883    .constdata          usbh_config_0.o
    0x0800c19c   0x00000001   Data   RO          885    .constdata          usbh_config_0.o
    0x0800c19d   0x00000001   Data   RO          886    .constdata          usbh_config_0.o
    0x0800c19e   0x00000002   PAD
    0x0800c1a0   0x00000004   Data   RO          887    .constdata          usbh_config_0.o
    0x0800c1a4   0x00000024   Data   RO          889    .constdata          usbh_config_0.o
    0x0800c1c8   0x00000004   Data   RO          951    .constdata          usbh_config_1.o
    0x0800c1cc   0x00000001   Data   RO          953    .constdata          usbh_config_1.o
    0x0800c1cd   0x00000001   Data   RO          954    .constdata          usbh_config_1.o
    0x0800c1ce   0x00000002   PAD
    0x0800c1d0   0x00000004   Data   RO          955    .constdata          usbh_config_1.o
    0x0800c1d4   0x00000024   Data   RO          957    .constdata          usbh_config_1.o
    0x0800c1f8   0x00000008   Data   RO          958    .constdata          usbh_config_1.o
    0x0800c200   0x00000001   Data   RO          959    .constdata          usbh_config_1.o
    0x0800c201   0x00000001   Data   RO          962    .constdata          usbh_config_1.o
    0x0800c202   0x00000001   Data   RO          964    .constdata          usbh_config_1.o
    0x0800c203   0x00000001   PAD
    0x0800c204   0x00000008   Data   RO          967    .constdata          usbh_config_1.o
    0x0800c20c   0x00000008   Data   RO          972    .constdata          usbh_config_1.o
    0x0800c214   0x00000008   Data   RO          973    .constdata          usbh_config_1.o
    0x0800c21c   0x00000008   Data   RO          974    .constdata          usbh_config_1.o
    0x0800c224   0x00000008   Data   RO          975    .constdata          usbh_config_1.o
    0x0800c22c   0x00000008   Data   RO          976    .constdata          usbh_config_1.o
    0x0800c234   0x00000008   Data   RO          977    .constdata          usbh_config_1.o
    0x0800c23c   0x00000004   Data   RO          979    .constdata          usbh_config_1.o
    0x0800c240   0x00000008   Data   RO          980    .constdata          usbh_config_1.o
    0x0800c248   0x00000008   Data   RO          981    .constdata          usbh_config_1.o
    0x0800c250   0x0000003a   Data   RO         1837    .constdata          USB_CM3_L.lib(usbh_lib_hid_idtoascii.o)
    0x0800c28a   0x00000006   PAD
    0x0800c290   0x00000088   Data   RO         1847    .constdata          m_wm.l(pow.o)
    0x0800c318   0x00000008   Data   RO         2174    .constdata          m_wm.l(qnan.o)
    0x0800c320   0x00000012   Data   RO          890    .conststring        usbh_config_0.o
    0x0800c332   0x00000002   PAD
    0x0800c334   0x00000012   Data   RO          982    .conststring        usbh_config_1.o
    0x0800c346   0x00000002   PAD
    0x0800c348   0x00000068   Data   RO          279    .rodata             rtx_lib.o
    0x0800c3b0   0x0000000b   Data   RO         1091    .rodata.str1.4      RTX_CM4F.lib(rtx_kernel.o)
    0x0800c3bb   0x00000001   PAD
    0x0800c3bc   0x00000020   Data   RO         2235    Region$$Table       anon$$obj.o
    0x0800c3dc   0x00000004   Data   RO         1803    __MW_USB_LIB_VERSION_6.12.4  USB_CM3_L.lib(usb_lib_ver.o)


    Execution Region RW_IRAM1 (Base: 0x20000000, Size: 0x00003700, Max: 0x00020000, ABSOLUTE, COMPRESSED[0x000000b8])

    Base Addr    Size         Type   Attr      Idx    E Section Name        Object

    0x20000000   0x00001000   Data   RW          266    .bss.os             rtx_lib.o
    0x20001000   0x00000040   Data   RW          267    .bss.os             rtx_lib.o
    0x20001040   0x00000034   Data   RW          268    .bss.os.msgqueue.cb  rtx_lib.o
    0x20001074   0x00000050   Data   RW          269    .bss.os.msgqueue.mem  rtx_lib.o
    0x200010c4   0x00000038   Data   RW          944    .bss.os.mutex.cb    usbh_config_1.o
    0x200010fc   0x00000020   Data   RW          945    .bss.os.semaphore.cb  usbh_config_1.o
    0x2000111c   0x00000044   Data   RW          270    .bss.os.thread.cb   rtx_lib.o
    0x20001160   0x00000044   Data   RW          271    .bss.os.thread.cb   rtx_lib.o
    0x200011a4   0x00000044   Data   RW          881    .bss.os.thread.cb   usbh_config_0.o
    0x200011e8   0x00000044   Data   RW          946    .bss.os.thread.cb   usbh_config_1.o
    0x2000122c   0x00000044   Data   RW          947    .bss.os.thread.cb   usbh_config_1.o
    0x20001270   0x00000100   Data   RW          272    .bss.os.thread.stack  rtx_lib.o
    0x20001370   0x00000200   Data   RW          273    .bss.os.thread.stack  rtx_lib.o
    0x20001570   0x00000400   Data   RW          882    .bss.os.thread.stack  usbh_config_0.o
    0x20001970   0x00000400   Data   RW          948    .bss.os.thread.stack  usbh_config_1.o
    0x20001d70   0x00000200   Data   RW          949    .bss.os.thread.stack  usbh_config_1.o
    0x20001f70   0x00000040   Data   RW          950    .bss.os.timer.cb    usbh_config_1.o
    0x20001fb0   0x00000004   Data   RW            5    .data               main.o
    0x20001fb4   0x00000002   Data   RW          203    .data               stdout_display.o
    0x20001fb6   0x00000002   PAD
    0x20001fb8   0x00000010   Data   RW          239    .data               glcd_mcbstm32f400.o
    0x20001fc8   0x00000001   Data   RW          339    .data               otg_fs_stm32f4xx.o
    0x20001fc9   0x00000001   Data   RW          385    .data               otg_hs_stm32f4xx.o
    0x20001fca   0x00000002   PAD
    0x20001fcc   0x0000002c   Data   RW          419    .data               usbh_fs_stm32f4xx.o
    0x20001ff8   0x0000004c   Data   RW          467    .data               usbh_hs_stm32f4xx.o
    0x20002044   0x0000000c   Data   RW          520    .data               stm32f4xx_hal.o
    0x20002050   0x00000004   Data   RW          850    .data               system_stm32f4xx.o
    0x20002054   0x00000004   Data   RW          891    .data               usbh_config_0.o
    0x20002058   0x00000004   Data   RW          983    .data               usbh_config_1.o
    0x2000205c   0x00000034   Data   RW          988    .data               usbh_config_1.o
    0x20002090   0x00000008   Data   RW          989    .data               usbh_config_1.o
    0x20002098   0x00000008   Data   RW          990    .data               usbh_config_1.o
    0x200020a0   0x00000008   Data   RW          991    .data               usbh_config_1.o
    0x200020a8   0x00000008   Data   RW          992    .data               usbh_config_1.o
    0x200020b0   0x00000008   Data   RW          993    .data               usbh_config_1.o
    0x200020b8   0x00000008   Data   RW          994    .data               usbh_config_1.o
    0x200020c0   0x00000004   Data   RW         1869    .data               mc_w.l(stdout.o)
    0x200020c4   0x00000004   Data   RW         1870    .data               mc_w.l(stderr.o)
    0x200020c8   0x00000004   Data   RW         2212    .data               mc_w.l(errno.o)
    0x200020cc   0x000000a4   Data   RW         1092    .data.os            RTX_CM4F.lib(rtx_kernel.o)
    0x20002170   0x00000800   Zero   RW          139    .bss                keyboard.o
    0x20002970   0x00000050   Zero   RW          238    .bss                glcd_mcbstm32f400.o
    0x200029c0   0x00000100   Zero   RW          416    .bss                usbh_fs_stm32f4xx.o
    0x20002ac0   0x00000200   Zero   RW          464    .bss                usbh_hs_stm32f4xx.o
    0x20002cc0   0x0000003c   Zero   RW          879    .bss                usbh_config_0.o
    0x20002cfc   0x0000023c   Zero   RW          880    .bss                usbh_config_0.o
    0x20002f38   0x0000003c   Zero   RW          939    .bss                usbh_config_1.o
    0x20002f74   0x0000023c   Zero   RW          940    .bss                usbh_config_1.o
    0x200031b0   0x000000f8   Zero   RW          941    .bss                usbh_config_1.o
    0x200032a8   0x0000001c   Zero   RW          942    .bss                usbh_config_1.o
    0x200032c4   0x00000034   Zero   RW          943    .bss                usbh_config_1.o
    0x200032f8   0x00000001   Zero   RW         1789    .bss.PendST         RTX_CM4F.lib(os_systick.o)
    0x200032f9   0x00000007   PAD
    0x20003300   0x00000400   Zero   RW          837    STACK               startup_stm32f407xx.o


==============================================================================

Image component sizes


      Code (inc. data)   RO Data    RW Data    ZI Data      Debug   Object Name

         0          0       5392          0          0        772   glcd_fonts.o
      2752         68          0         16         80       9206   glcd_mcbstm32f400.o
       648        214         36          0       2048      17430   keyboard.o
       268         30          0          4          0     669679   main.o
       668         44          0          1          0       7842   otg_fs_stm32f4xx.o
       836         48          0          1          0       3286   otg_hs_stm32f4xx.o
       176         48          0          0          0       1295   retarget_io.o
         4          0          0          0          0        663   rtx_config.o
         0          0        204       5196          0       8511   rtx_lib.o
        36          8        392          0       1024        900   startup_stm32f407xx.o
       192         10          0          2          0       1393   stdout_display.o
       436         34          0         12          0       5892   stm32f4xx_hal.o
       644          8          0          0          0      35806   stm32f4xx_hal_cortex.o
      1720         26          8          0          0       7793   stm32f4xx_hal_dma.o
       804         44          0          0          0       4083   stm32f4xx_hal_gpio.o
      1672         72          0          0          0       5733   stm32f4xx_hal_rcc.o
       708          8          0          0          0       6608   stm32f4xx_hal_sram.o
       804         16          0          0          0       6604   stm32f4xx_ll_fsmc.o
       204         32         24          4          0       1829   system_stm32f4xx.o
         0          0         64       1096        632       6361   usbh_config_0.o
       732         42        151       1928        960      15116   usbh_config_1.o
      2784         88         80         44        256      43128   usbh_fs_stm32f4xx.o
      2916         98         80         76        512      12325   usbh_hs_stm32f4xx.o

    ----------------------------------------------------------------------
     19004        938       6472       8384       5512     872255   Object Totals
         0          0         32          0          0          0   (incl. Generated)
         0          0          9          4          0          0   (incl. Padding)

    ----------------------------------------------------------------------

      Code (inc. data)   RO Data    RW Data    ZI Data      Debug   Library Member Name

       196         12          0          0          0        540   irq_cm4f.o
       126         32          0          0          1       3578   os_systick.o
        56          4          0          0          0       3088   rtx_delay.o
       756         72         11        164          0      18714   rtx_kernel.o
       264          0          0          0          0       2707   rtx_memory.o
       244          0          0          0          0      15835   rtx_mempool.o
      1450         28          0          0          0      18606   rtx_msgqueue.o
       872         32          0          0          0      10258   rtx_mutex.o
       760         32          0          0          0      11844   rtx_semaphore.o
       372         24          0          0          0       5544   rtx_system.o
      2328        120          0          0          0      33996   rtx_thread.o
       760         52          0          0          0      10983   rtx_timer.o
         0          0          4          0          0          0   usb_lib_ver.o
      6990        312          0          0          0       2624   usbh_lib_core.o
      1616        132          0          0          0       1476   usbh_lib_drv.o
      1224         78          0          0          0       1020   usbh_lib_hid.o
         0          0         58          0          0          0   usbh_lib_hid_idtoascii.o
       256         34          0          0          0        368   usbh_lib_mem.o
       164         44          0          0          0        620   dunder.o
        24          0          0          0          0        124   fabs.o
        48          0          0          0          0        124   fpclassify.o
       248          0          0          0          0        152   poly.o
      3152        296        136          0          0        352   pow.o
         0          0          8          0          0          0   qnan.o
       110          0          0          0          0        148   sqrt.o
        86          0          0          0          0          0   __dczerorl2.o
         0          0          0          0          0          0   entry.o
         0          0          0          0          0          0   entry10a.o
         0          0          0          0          0          0   entry11a.o
         8          4          0          0          0          0   entry2.o
         4          0          0          0          0          0   entry5.o
         0          0          0          0          0          0   entry7b.o
         0          0          0          0          0          0   entry8b.o
         8          4          0          0          0          0   entry9a.o
        12          6          0          4          0         68   errno.o
        24          0          0          0          0         80   fputs.o
        30          0          0          0          0          0   handlers.o
        36          8          0          0          0         68   init.o
         0          0          0          0          0          0   iusefp.o
        30          0          0          0          0         68   llshl.o
        36          0          0          0          0         68   llsshr.o
        32          0          0          0          0         68   llushr.o
        26          0          0          0          0         80   memcmp.o
        36          0          0          0          0         68   memcpya.o
        36          0          0          0          0        108   memseta.o
       522         20          0          0          0        336   printf3.o
         4          0          0          0          0         68   putc.o
         0          0          0          4          0          0   stderr.o
         0          0          0          4          0          0   stdout.o
        44          0          0          0          0         80   uidiv.o
        98          0          0          0          0         92   uldiv.o
        48          0          0          0          0         68   cdrcmple.o
       334          0          0          0          0        148   dadd.o
       222          0          0          0          0        100   ddiv.o
       186          0          0          0          0        176   depilogue.o
        62          0          0          0          0         80   dfixi.o
        34          0          0          0          0         76   dflti.o
       228          0          0          0          0         96   dmul.o
        46          0          0          0          0         80   dscalb.o
       162          0          0          0          0        100   dsqrt.o

    ----------------------------------------------------------------------
     24444       1346        224        176          8     144877   Library Totals
        34          0          7          0          7          0   (incl. Padding)

    ----------------------------------------------------------------------

      Code (inc. data)   RO Data    RW Data    ZI Data      Debug   Library Name

      8184        408         11        164          1     135693   RTX_CM4F.lib
     10086        556         62          0          0       5488   USB_CM3_L.lib
      3746        340        144          0          0       1520   m_wm.l
      1072         42          0         12          0       1252   mc_w.l
      1322          0          0          0          0        924   mf_w.l

    ----------------------------------------------------------------------
     24444       1346        224        176          8     144877   Library Totals

    ----------------------------------------------------------------------

==============================================================================


      Code (inc. data)   RO Data    RW Data    ZI Data      Debug   

     43448       2284       6696       8560       5520    1007632   Grand Totals
     43448       2284       6696        184       5520    1007632   ELF Image Totals (compressed)
     43448       2284       6696        184          0          0   ROM Totals

==============================================================================

    Total RO  Size (Code + RO Data)                50144 (  48.97kB)
    Total RW  Size (RW Data + ZI Data)             14080 (  13.75kB)
    Total ROM Size (Code + RO Data + RW Data)      50328 (  49.15kB)

==============================================================================

