Component: ARM Compiler 5.06 update 2 (build 183) Tool: armlink [4d35b7]

==============================================================================

Section Cross References

    main.o(.text) refers to rtx_kernel.o(.text.osKernelGetState) for osKernelGetState
    main.o(.text) refers to rtx_kernel.o(.text.osKernelGetTickCount) for osKernelGetTickCount
    main.o(.text) refers to stm32f4xx_hal_gpio.o(.text) for HAL_GPIO_Init
    main.o(.text) refers to stm32f4xx_ll_fsmc.o(.text) for FSMC_NORSRAM_Init
    main.o(.text) refers to rt_memclr_w.o(.text) for __aeabi_memclr4
    main.o(.text) refers to stm32f4xx_hal_rcc.o(.text) for HAL_RCC_OscConfig
    main.o(.text) refers to stm32f4xx_hal.o(.text) for HAL_Init
    main.o(.text) refers to system_stm32f4xx.o(.text) for SystemCoreClockUpdate
    main.o(.text) refers to rtx_kernel.o(.text.osKernelInitialize) for osKernelInitialize
    main.o(.text) refers to rtx_thread.o(.text.osThreadNew) for osThreadNew
    main.o(.text) refers to rtx_kernel.o(.text.osKernelStart) for osKernelStart
    main.o(.text) refers to system_stm32f4xx.o(.data) for SystemCoreClock
    main.o(.text) refers to main.o(.data) for .data
    main.o(.text) refers to keyboard.o(.constdata) for app_main_attr
    main.o(.text) refers to keyboard.o(.text) for app_main
    keyboard.o(.text) refers to _printf_percent.o(.ARM.Collect$$_printf_percent$$00000000) for _printf_percent
    keyboard.o(.text) refers to _printf_s.o(.ARM.Collect$$_printf_percent$$00000014) for _printf_s
    keyboard.o(.text) refers to _printf_str.o(.text) for _printf_str
    keyboard.o(.text) refers to _printf_d.o(.ARM.Collect$$_printf_percent$$00000009) for _printf_d
    keyboard.o(.text) refers to _printf_dec.o(.text) for _printf_int_dec
    keyboard.o(.text) refers to _printf_c.o(.ARM.Collect$$_printf_percent$$00000013) for _printf_c
    keyboard.o(.text) refers to usbh_lib_hid.o(i.USBH_HID_GetStatus) for USBH_HID_GetStatus
    keyboard.o(.text) refers to usbh_lib_hid.o(i.USBH_HID_GetKeyboardKey) for USBH_HID_GetKeyboardKey
    keyboard.o(.text) refers to noretval__2printf.o(.text) for __2printf
    keyboard.o(.text) refers to getc.o(.text) for getc
    keyboard.o(.text) refers to fs_mapi.o(i.fformat) for fformat
    keyboard.o(.text) refers to fs_mapi.o(i.fvol) for fvol
    keyboard.o(.text) refers to fs_mapi.o(i.finit) for finit
    keyboard.o(.text) refers to fs_mapi.o(i.fmount) for fmount
    keyboard.o(.text) refers to eventrecorder.o(.text) for EventRecorderInitialize
    keyboard.o(.text) refers to tm_stm32f4_rng.o(.text) for TM_RNG_Init
    keyboard.o(.text) refers to stdout_display.o(.text) for stdout_init
    keyboard.o(.text) refers to usbh_lib_core.o(i.USBH_Initialize) for USBH_Initialize
    keyboard.o(.text) refers to rtx_timer.o(.text.osTimerNew) for osTimerNew
    keyboard.o(.text) refers to rtx_delay.o(.text.osDelay) for osDelay
    keyboard.o(.text) refers to glcd_mcbstm32f400.o(.text) for GLCD_ClearScreen
    keyboard.o(.text) refers to keyboard.o(.data) for .data
    keyboard.o(.text) refers to stdio_streams.o(.bss) for __stdin
    keyboard.o(.text) refers to glcd_fonts.o(.constdata) for GLCD_Font_16x24
    keyboard.o(.text) refers to fopen_locked.o(.text) for fopen
    keyboard.o(.text) refers to fgetc_locked.o(.text) for fgetc
    keyboard.o(.text) refers to fclose_locked.o(.text) for fclose
    keyboard.o(.text) refers to noretval__2fprintf.o(.text) for __2fprintf
    keyboard.o(.text) refers to noretval__2sprintf.o(.text) for __2sprintf
    keyboard.o(.text) refers to rtx_timer.o(.text.osTimerStart) for osTimerStart
    keyboard.o(.text) refers to stm32f4xx_hal_gpio.o(.text) for HAL_GPIO_WritePin
    keyboard.o(.text) refers to rtx_timer.o(.text.osTimerStop) for osTimerStop
    keyboard.o(.text) refers to dflt_clz.o(x$fpl$dflt) for __aeabi_i2d
    keyboard.o(.text) refers to pow.o(i.__hardfp_pow) for __hardfp_pow
    keyboard.o(.text) refers to dmul.o(x$fpl$dmul) for __aeabi_dmul
    keyboard.o(.text) refers to daddsub_clz.o(x$fpl$dadd) for __aeabi_dadd
    keyboard.o(.text) refers to dfix.o(x$fpl$dfix) for __aeabi_d2iz
    keyboard.o(.constdata) refers to keyboard.o(.bss) for app_main_stk
    stdout_display.o(.text) refers to glcd_mcbstm32f400.o(.text) for GLCD_Initialize
    stdout_display.o(.text) refers to glcd_fonts.o(.constdata) for GLCD_Font_16x24
    stdout_display.o(.text) refers to stdout_display.o(.data) for .data
    glcd_fonts.o(.constdata) refers to glcd_fonts.o(.constdata) for Font_6x8_h
    glcd_fonts.o(.constdata) refers to glcd_fonts.o(.constdata) for Font_16x24_h
    glcd_mcbstm32f400.o(.text) refers to stm32f4xx_hal_gpio.o(.text) for HAL_GPIO_Init
    glcd_mcbstm32f400.o(.text) refers to stm32f4xx_hal_sram.o(.text) for HAL_SRAM_Init
    glcd_mcbstm32f400.o(.text) refers to stm32f4xx_hal.o(.text) for HAL_Delay
    glcd_mcbstm32f400.o(.text) refers to glcd_mcbstm32f400.o(.data) for .data
    glcd_mcbstm32f400.o(.text) refers to glcd_mcbstm32f400.o(.bss) for .bss
[...]
    usbh0_core_thread_attr                   0x080166ec   Data          36  usbh_config_0.o(.constdata)
    usbh1_pipe_num                           0x08016710   Data           4  usbh_config_1.o(.constdata)
    usbh1_power                              0x08016714   Data           1  usbh_config_1.o(.constdata)
    usbh1_mem_pool_reloc                     0x08016715   Data           1  usbh_config_1.o(.constdata)
    usbh1_mem_pool_size                      0x08016718   Data           4  usbh_config_1.o(.constdata)
    usbh1_core_thread_attr                   0x0801671c   Data          36  usbh_config_1.o(.constdata)
    usbh_hc_num                              0x08016748   Data           1  usbh_config_1.o(.constdata)
    usbh_dev_num                             0x08016749   Data           1  usbh_config_1.o(.constdata)
    usbh_hid_num                             0x0801674a   Data           1  usbh_config_1.o(.constdata)
    usbh_hcd_ptr                             0x0801674c   Data           8  usbh_config_1.o(.constdata)
    usbh_power_ptr                           0x08016754   Data           8  usbh_config_1.o(.constdata)
    usbh_mem_pool_reloc_ptr                  0x0801675c   Data           8  usbh_config_1.o(.constdata)
    usbh_mem_pool_ptr                        0x08016764   Data           8  usbh_config_1.o(.constdata)
    usbh_mem_pool_size_ptr                   0x0801676c   Data           8  usbh_config_1.o(.constdata)
    usbh_pipe_ptr                            0x08016774   Data           8  usbh_config_1.o(.constdata)
    usbh_pipe_num_ptr                        0x0801677c   Data           8  usbh_config_1.o(.constdata)
    usbh_debounce_in_ms                      0x08016784   Data           4  usbh_config_1.o(.constdata)
    usbh_cb_port_event_ptr                   0x08016788   Data           8  usbh_config_1.o(.constdata)
    usbh_cb_pipe_event_ptr                   0x08016790   Data           8  usbh_config_1.o(.constdata)
    NAND_MediaDriver                         0x080167ac   Data          48  fs_nand_media.o(.constdata)
    HID_KEYBOARD_ID_TO_ASCII                 0x08016c88   Data          58  usbh_lib_hid_idtoascii.o(.constdata)
    __mathlib_zero                           0x08016d50   Data           8  qnan.o(.constdata)
    osRtxConfig                              0x08016d80   Data         104  rtx_lib.o(.rodata)
    Region$$Table$$Base                      0x08016df4   Number         0  anon$$obj.o(Region$$Table)
    Region$$Table$$Limit                     0x08016e14   Number         0  anon$$obj.o(Region$$Table)
    usb_lib_version                          0x08016e14   Data           4  usb_lib_ver.o(__MW_USB_LIB_VERSION_6.13.0)
    __ctype                                  0x08016e25   Data           0  lc_ctype_c.o(locale$$data)
    .bss.os.msgqueue.cb$$Base                0x20001230   Number         0  rtx_lib.o(.bss.os.msgqueue.cb)
    .bss.os.msgqueue.cb$$Limit               0x20001264   Number         0  rtx_lib.o(.bss.os.msgqueue.cb)
    .bss.os.mutex.cb$$Base                   0x200012b4   Number         0  fs_config.o(.bss.os.mutex.cb)
    .bss.os.mutex.cb$$Limit                  0x20001308   Number         0  usbh_config_1.o(.bss.os.mutex.cb)
    .bss.os.semaphore.cb$$Base               0x20001308   Number         0  usbh_config_1.o(.bss.os.semaphore.cb)
    .bss.os.semaphore.cb$$Limit              0x20001328   Number         0  usbh_config_1.o(.bss.os.semaphore.cb)
    .bss.os.thread.cb$$Base                  0x20001328   Number         0  rtx_lib.o(.bss.os.thread.cb)
    .bss.os.thread.cb$$Limit                 0x2000147c   Number         0  usbh_config_1.o(.bss.os.thread.cb)
    .bss.os.timer.cb$$Base                   0x20002080   Number         0  usbh_config_1.o(.bss.os.timer.cb)
    .bss.os.timer.cb$$Limit                  0x200020c0   Number         0  usbh_config_1.o(.bss.os.timer.cb)
    time_up                                  0x200020c4   Data           1  keyboard.o(.data)
    id                                       0x200020c8   Data           4  keyboard.o(.data)
    otg_fs_role                              0x200020e1   Data           1  otg_fs_stm32f4xx.o(.data)
    otg_hs_role                              0x200020e2   Data           1  otg_hs_stm32f4xx.o(.data)
    uwTick                                   0x2000215c   Data           4  stm32f4xx_hal.o(.data)
    SystemCoreClock                          0x20002160   Data           4  system_stm32f4xx.o(.data)
    fs_ms_rtos_tick                          0x20002164   Data           4  fs_config.o(.data)
    usbh0_hcd_ptr                            0x20002168   Data           4  usbh_config_0.o(.data)
    usbh1_hcd_ptr                            0x2000216c   Data           4  usbh_config_1.o(.data)
    usbh_core_thread_id                      0x200021a4   Data           8  usbh_config_1.o(.data)
    usbh_driver_semaphore_id                 0x200021ac   Data           8  usbh_config_1.o(.data)
    usbh_def_pipe_mutex_id                   0x200021b4   Data           8  usbh_config_1.o(.data)
    usbh_debounce_timer_id                   0x200021bc   Data           8  usbh_config_1.o(.data)
    usbh_drv_version                         0x200021c4   Data           8  usbh_config_1.o(.data)
    usbh_capabilities                        0x200021cc   Data           8  usbh_config_1.o(.data)
    __aeabi_stdin                            0x200021d8   Data           4  stdio_streams.o(.data)
    __aeabi_stdout                           0x200021dc   Data           4  stdio_streams.o(.data)
    __aeabi_stderr                           0x200021e0   Data           4  stdio_streams.o(.data)
    _stream_list_lock                        0x200021e4   Data           4  streamlock.o(.data)
    osRtxInfo                                0x200021e8   Data         164  rtx_kernel.o(.data.os)
    app_main_stk                             0x20002290   Data        2048  keyboard.o(.bss)
    fs_fat_fh                                0x20002de0   Data         144  fs_config.o(.bss)
    fs_efs_fh                                0x20002e70   Data          28  fs_config.o(.bss)
    usbh0_pipe                               0x20006a18   Data          60  usbh_config_0.o(.bss)
    usbh0_mem_pool                           0x20006a54   Data         572  usbh_config_0.o(.bss)
    usbh1_pipe                               0x20006c90   Data          60  usbh_config_1.o(.bss)
    usbh1_mem_pool                           0x20006ccc   Data         572  usbh_config_1.o(.bss)
    usbh_hci                                 0x20006f08   Data         248  usbh_config_1.o(.bss)
    usbh_dev                                 0x20007000   Data          28  usbh_config_1.o(.bss)
    usbh_hid                                 0x2000701c   Data          52  usbh_config_1.o(.bss)
    __stdin                                  0x20007050   Data          84  stdio_streams.o(.bss)
    __stdout                                 0x200070a4   Data          84  stdio_streams.o(.bss)
    __stderr                                 0x200070f8   Data          84  stdio_streams.o(.bss)
    __libspace_start                         0x2000714c   Data          96  libspace.o(.bss)
    __temporary_stack_top$libspace           0x200071ac   Data           0  libspace.o(.bss)



==============================================================================

Memory Map of the image

  Image Entry point : 0x08000189

  Load Region LR_IROM1 (Base: 0x08000000, Size: 0x000191b4, Max: 0x00100000, ABSOLUTE, COMPRESSED[0x00016fe0])

    Execution Region ER_IROM1 (Base: 0x08000000, Size: 0x00016f28, Max: 0x00100000, ABSOLUTE)

    Base Addr    Size         Type   Attr      Idx    E Section Name        Object

    0x08000000   0x00000188   Data   RO          993    RESET               startup_stm32f407xx.o
    0x08000188   0x00000008   Code   RO         2668  * !!!main             c_w.l(__main.o)
    0x08000190   0x00000034   Code   RO         3133    !!!scatter          c_w.l(__scatter.o)
    0x080001c4   0x0000005a   Code   RO         3131    !!dczerorl2         c_w.l(__dczerorl2.o)
    0x0800021e   0x00000002   PAD
    0x08000220   0x0000001c   Code   RO         3135    !!handler_zi        c_w.l(__scatter_zi.o)
    0x0800023c   0x00000000   Code   RO         2621    .ARM.Collect$$_printf_percent$$00000000  c_w.l(_printf_percent.o)
    0x0800023c   0x00000006   Code   RO         2620    .ARM.Collect$$_printf_percent$$00000009  c_w.l(_printf_d.o)
    0x08000242   0x00000006   Code   RO         2618    .ARM.Collect$$_printf_percent$$00000013  c_w.l(_printf_c.o)
    0x08000248   0x00000006   Code   RO         2619    .ARM.Collect$$_printf_percent$$00000014  c_w.l(_printf_s.o)
    0x0800024e   0x00000004   Code   RO         2783    .ARM.Collect$$_printf_percent$$00000017  c_w.l(_printf_percent_end.o)
    0x08000252   0x00000002   Code   RO         3056    .ARM.Collect$$libinit$$00000000  c_w.l(libinit.o)
    0x08000254   0x00000004   Code   RO         2938    .ARM.Collect$$libinit$$00000001  c_w.l(libinit2.o)
    0x08000258   0x00000000   Code   RO         2941    .ARM.Collect$$libinit$$00000004  c_w.l(libinit2.o)
    0x08000258   0x00000008   Code   RO         2942    .ARM.Collect$$libinit$$00000005  c_w.l(libinit2.o)
    0x08000260   0x00000000   Code   RO         2944    .ARM.Collect$$libinit$$0000000A  c_w.l(libinit2.o)
    0x08000260   0x00000000   Code   RO         2946    .ARM.Collect$$libinit$$0000000C  c_w.l(libinit2.o)
    0x08000260   0x00000000   Code   RO         2948    .ARM.Collect$$libinit$$0000000E  c_w.l(libinit2.o)
    0x08000260   0x00000006   Code   RO         2949    .ARM.Collect$$libinit$$0000000F  c_w.l(libinit2.o)
    0x08000266   0x00000000   Code   RO         2951    .ARM.Collect$$libinit$$00000011  c_w.l(libinit2.o)
    0x08000266   0x0000000c   Code   RO         2952    .ARM.Collect$$libinit$$00000012  c_w.l(libinit2.o)
    0x08000272   0x00000000   Code   RO         2953    .ARM.Collect$$libinit$$00000013  c_w.l(libinit2.o)
    0x08000272   0x00000000   Code   RO         2955    .ARM.Collect$$libinit$$00000015  c_w.l(libinit2.o)
    0x08000272   0x00000000   Code   RO         2957    .ARM.Collect$$libinit$$00000017  c_w.l(libinit2.o)
    0x08000272   0x00000000   Code   RO         2959    .ARM.Collect$$libinit$$00000019  c_w.l(libinit2.o)
    0x08000272   0x00000000   Code   RO         2961    .ARM.Collect$$libinit$$0000001B  c_w.l(libinit2.o)
    0x08000272   0x00000000   Code   RO         2963    .ARM.Collect$$libinit$$0000001D  c_w.l(libinit2.o)
    0x08000272   0x00000000   Code   RO         2965    .ARM.Collect$$libinit$$0000001F  c_w.l(libinit2.o)
    0x08000272   0x00000000   Code   RO         2967    .ARM.Collect$$libinit$$00000021  c_w.l(libinit2.o)
    0x08000272   0x00000000   Code   RO         2969    .ARM.Collect$$libinit$$00000023  c_w.l(libinit2.o)
    0x08000272   0x00000004   Code   RO         2970    .ARM.Collect$$libinit$$00000024  c_w.l(libinit2.o)
    0x08000276   0x00000000   Code   RO         2971    .ARM.Collect$$libinit$$00000025  c_w.l(libinit2.o)
    0x08000276   0x00000000   Code   RO         2975    .ARM.Collect$$libinit$$0000002C  c_w.l(libinit2.o)
    0x08000276   0x00000000   Code   RO         2977    .ARM.Collect$$libinit$$0000002E  c_w.l(libinit2.o)
    0x08000276   0x00000000   Code   RO         2979    .ARM.Collect$$libinit$$00000030  c_w.l(libinit2.o)
    0x08000276   0x00000000   Code   RO         2981    .ARM.Collect$$libinit$$00000032  c_w.l(libinit2.o)
    0x08000276   0x00000002   Code   RO         2982    .ARM.Collect$$libinit$$00000033  c_w.l(libinit2.o)
    0x08000278   0x00000002   Code   RO         3129    .ARM.Collect$$libshutdown$$00000000  c_w.l(libshutdown.o)
    0x0800027a   0x00000000   Code   RO         2984    .ARM.Collect$$libshutdown$$00000002  c_w.l(libshutdown2.o)
    0x0800027a   0x00000004   Code   RO         2985    .ARM.Collect$$libshutdown$$00000003  c_w.l(libshutdown2.o)
    0x0800027e   0x00000000   Code   RO         2986    .ARM.Collect$$libshutdown$$00000004  c_w.l(libshutdown2.o)
    0x0800027e   0x00000000   Code   RO         2989    .ARM.Collect$$libshutdown$$00000007  c_w.l(libshutdown2.o)
    0x0800027e   0x00000000   Code   RO         2992    .ARM.Collect$$libshutdown$$0000000A  c_w.l(libshutdown2.o)
    0x0800027e   0x00000000   Code   RO         2994    .ARM.Collect$$libshutdown$$0000000C  c_w.l(libshutdown2.o)
    0x0800027e   0x00000004   Code   RO         2995    .ARM.Collect$$libshutdown$$0000000D  c_w.l(libshutdown2.o)
    0x08000282   0x00000000   Code   RO         2997    .ARM.Collect$$libshutdown$$0000000F  c_w.l(libshutdown2.o)
    0x08000282   0x00000002   Code   RO         2998    .ARM.Collect$$libshutdown$$00000010  c_w.l(libshutdown2.o)
    0x08000284   0x00000000   Code   RO         2702    .ARM.Collect$$rtentry$$00000000  c_w.l(__rtentry.o)
    0x08000284   0x00000000   Code   RO         2850    .ARM.Collect$$rtentry$$00000002  c_w.l(__rtentry2.o)
    0x08000284   0x00000006   Code   RO         2862    .ARM.Collect$$rtentry$$00000004  c_w.l(__rtentry4.o)
    0x0800028a   0x00000008   Code   RO         2851    .ARM.Collect$$rtentry$$00000008  c_w.l(__rtentry2.o)
    0x08000292   0x00000004   Code   RO         2853    .ARM.Collect$$rtentry$$0000000A  c_w.l(__rtentry2.o)
    0x08000296   0x00000000   Code   RO         2855    .ARM.Collect$$rtentry$$0000000C  c_w.l(__rtentry2.o)
    0x08000296   0x00000008   Code   RO         2856    .ARM.Collect$$rtentry$$0000000D  c_w.l(__rtentry2.o)
    0x0800029e   0x00000002   Code   RO         3070    .ARM.Collect$$rtexit$$00000000  c_w.l(rtexit.o)
    0x080002a0   0x00000000   Code   RO         3099    .ARM.Collect$$rtexit$$00000002  c_w.l(rtexit2.o)
    0x080002a0   0x00000004   Code   RO         3100    .ARM.Collect$$rtexit$$00000003  c_w.l(rtexit2.o)
    0x080002a4   0x00000006   Code   RO         3101    .ARM.Collect$$rtexit$$00000004  c_w.l(rtexit2.o)
    0x080002aa   0x00000002   PAD
    0x080002ac   0x00000074   Code   RO          593    .emb_text           eventrecorder.o
    0x08000320   0x00000000   Code   RO         3024    .emb_text           c_w.l(maybetermalloc2.o)
    0x08000320   0x000002d8   Code   RO            4    .text               main.o
    0x080005f8   0x00000c14   Code   RO          138    .text               keyboard.o
    0x0800120c   0x000000c8   Code   RO          228    .text               stdout_display.o
    0x080012d4   0x00000048   Code   RO          245    .text               tm_stm32f4_rng.o
    0x0800131c   0x00000aec   Code   RO          281    .text               glcd_mcbstm32f400.o
    0x08001e08   0x000002c6   Code   RO          305    .text               cmsis_os1.o
    0x080020ce   0x00000002   PAD
    0x080020d0   0x000000cc   Code   RO          338    .text               rtx_lib.o
    0x0800219c   0x00000004   Code   RO          400    .text               rtx_config.o
    0x080021a0   0x000002c4   Code   RO          424    .text               otg_fs_stm32f4xx.o
    0x08002464   0x00000358   Code   RO          469    .text               otg_hs_stm32f4xx.o
    0x080027bc   0x00000b94   Code   RO          499    .text               usbh_fs_stm32f4xx.o
    0x08003350   0x00000c14   Code   RO          541    .text               usbh_hs_stm32f4xx.o
    0x08003f64   0x00000188   Code   RO          569    .text               nand_membus.o
    0x080040ec   0x0000053c   Code   RO          594    .text               eventrecorder.o
    0x08004628   0x00000158   Code   RO          628    .text               retarget_io.o
    0x08004780   0x00000170   Code   RO          671    .text               stm32f4xx_hal.o
    0x080048f0   0x0000025c   Code   RO          746    .text               stm32f4xx_hal_cortex.o
    0x08004b4c   0x00000718   Code   RO          774    .text               stm32f4xx_hal_dma.o
    0x08005264   0x0000034c   Code   RO          823    .text               stm32f4xx_hal_gpio.o
    0x080055b0   0x00000740   Code   RO          895    .text               stm32f4xx_hal_rcc.o
    0x08005cf0   0x000002c0   Code   RO          946    .text               stm32f4xx_hal_sram.o
    0x08005fb0   0x00000330   Code   RO          970    .text               stm32f4xx_ll_fsmc.o
    0x080062e0   0x00000040   Code   RO          994    .text               startup_stm32f407xx.o
    0x08006320   0x000000dc   Code   RO         1001    .text               system_stm32f4xx.o
    0x080063fc   0x000001f0   Code   RO         1030    .text               fs_config.o
    0x080065ec   0x00000344   Code   RO         1137    .text               usbh_config_1.o
    0x08006930   0x00000002   Code   RO         1236    .text               usb_debug.o
    0x08006932   0x00000002   PAD
    0x08006934   0x000000c4   Code   RO         1722    .text               RTX_CM4F.lib(irq_cm4f.o)
    0x080069f8   0x000000ee   Code   RO         2578    .text               c_w.l(lludivv7m.o)
    0x08006ae6   0x00000002   PAD
    0x08006ae8   0x00000018   Code   RO         2586    .text               c_w.l(noretval__2printf.o)
    0x08006b00   0x00000014   Code   RO         2588    .text               c_w.l(noretval__2fprintf.o)
    0x08006b14   0x00000028   Code   RO         2590    .text               c_w.l(noretval__2sprintf.o)
    0x08006b3c   0x00000068   Code   RO         2592    .text               c_w.l(__printf.o)
    0x08006ba4   0x00000052   Code   RO         2594    .text               c_w.l(_printf_str.o)
    0x08006bf6   0x00000002   PAD
    0x08006bf8   0x00000078   Code   RO         2596    .text               c_w.l(_printf_dec.o)
    0x08006c70   0x00000004   Code   RO         2628    .text               c_w.l(getc.o)
    0x08006c74   0x0000004c   Code   RO         2638    .text               c_w.l(fclose.o)
    0x08006cc0   0x00000020   Code   RO         2640    .text               c_w.l(fgetc_locked.o)
    0x08006ce0   0x00000034   Code   RO         2642    .text               c_w.l(fclose_locked.o)
    0x08006d14   0x00000090   Code   RO         2644    .text               c_w.l(fflush_locked.o)
    0x08006da4   0x00000144   Code   RO         2646    .text               c_w.l(fopen_locked.o)
    0x08006ee8   0x00000058   Code   RO         2648    .text               c_w.l(memcmp.o)
    0x08006f40   0x00000032   Code   RO         2650    .text               c_w.l(strncasecmp.o)
    0x08006f72   0x0000003e   Code   RO         2652    .text               c_w.l(strlen.o)
    0x08006fb0   0x0000008a   Code   RO         2654    .text               c_w.l(rt_memcpy_v6.o)
    0x0800703a   0x00000064   Code   RO         2656    .text               c_w.l(rt_memcpy_w.o)
    0x0800709e   0x00000010   Code   RO         2658    .text               c_w.l(aeabi_memset.o)
    0x080070ae   0x00000044   Code   RO         2660    .text               c_w.l(rt_memclr.o)
    0x080070f2   0x0000004e   Code   RO         2662    .text               c_w.l(rt_memclr_w.o)
    0x08007140   0x00000080   Code   RO         2664    .text               c_w.l(strcmpv7m.o)
    0x080071c0   0x00000006   Code   RO         2666    .text               c_w.l(heapauxi.o)
    0x080071c6   0x0000009e   Code   RO         2715    .text               c_w.l(h1_alloc_mt.o)
    0x08007264   0x00000076   Code   RO         2717    .text               c_w.l(h1_free_mt.o)
    0x080072da   0x00000016   Code   RO         2769    .text               c_w.l(_rserrno.o)
    0x080072f0   0x0000001a   Code   RO         2771    .text               c_w.l(tolower.o)
    0x0800730a   0x000000b2   Code   RO         2773    .text               c_w.l(_printf_intcommon.o)
    0x080073bc   0x00000030   Code   RO         2775    .text               c_w.l(_printf_char_common.o)
    0x080073ec   0x0000000a   Code   RO         2777    .text               c_w.l(_sputc.o)
    0x080073f6   0x0000002c   Code   RO         2779    .text               c_w.l(_printf_char.o)
    0x08007422   0x0000023a   Code   RO         2784    .text               c_w.l(filbuf.o)
    0x0800765c   0x000000f8   Code   RO         2786    .text               c_w.l(fseek.o)
    0x08007754   0x000000f0   Code   RO         2788    .text               c_w.l(stdio.o)
    0x08007844   0x000001c8   Code   RO         2793    .text               c_w.l(initio_locked.o)
    0x08007a0c   0x00000010   Code   RO         2864    .text               c_w.l(rt_ctype_table.o)
    0x08007a1c   0x0000000a   Code   RO         2873    .text               c_w.l(rt_heap_descriptor_twolibspace.o)
    0x08007a26   0x00000004   Code   RO         2880    .text               c_w.l(rt_errno_addr_twolibspace.o)
    0x08007a2a   0x00000004   Code   RO         2882    .text               c_w.l(hguard.o)
    0x08007a2e   0x0000008a   Code   RO         2884    .text               c_w.l(init_alloc.o)
    0x08007ab8   0x00000012   Code   RO         2890    .text               c_w.l(h1_init_mt.o)
    0x08007aca   0x00000042   Code   RO         2910    .text               c_w.l(ftell.o)
    0x08007b0c   0x00000068   Code   RO         2924    .text               c_w.l(setvbuf_locked.o)
    0x08007b74   0x0000005c   Code   RO         2930    .text               c_w.l(flushlinebuffered_locked.o)
    0x08007bd0   0x0000000e   Code   RO         2932    .text               c_w.l(defsig_rtred_outer.o)
    0x08007bde   0x00000002   PAD
    0x08007be0   0x00000008   Code   RO         3007    .text               c_w.l(libspace.o)
    0x08007be8   0x0000004a   Code   RO         3010    .text               c_w.l(sys_stackheap_outer.o)
    0x08007c32   0x0000000a   Code   RO         3019    .text               c_w.l(rt_locale_twolibspace.o)
    0x08007c3c   0x0000003e   Code   RO         3027    .text               c_w.l(h1_extend_mt.o)
    0x08007c7a   0x000001d6   Code   RO         3029    .text               c_w.l(flsbuf.o)
    0x08007e50   0x00000012   Code   RO         3034    .text               c_w.l(exit.o)
    0x08007e62   0x0000000a   Code   RO         3036    .text               c_w.l(defsig_exit.o)
    0x08007e6c   0x00000034   Code   RO         3042    .text               c_w.l(defsig_rtred_inner.o)
    0x08007ea0   0x0000000e   Code   RO         3044    .text               c_w.l(defsig_rtmem_outer.o)
    0x08007eae   0x00000002   PAD
    0x08007eb0   0x0000000c   Code   RO         3065    .text               c_w.l(sys_exit.o)
    0x08007ebc   0x00000002   Code   RO         3067    .text               c_w.l(use_no_semi.o)
    0x08007ebe   0x00000000   Code   RO         3069    .text               c_w.l(indicate_semi.o)
    0x08007ebe   0x00000010   Code   RO         3072    .text               c_w.l(term_alloc.o)
    0x08007ece   0x00000002   PAD
    0x08007ed0   0x00000040   Code   RO         3074    .text               c_w.l(_printf_char_file_locked.o)
    0x08007f10   0x00000032   Code   RO         3082    .text               c_w.l(defsig_general.o)
    0x08007f42   0x00000002   PAD
    0x08007f44   0x00000050   Code   RO         3086    .text               c_w.l(defsig_rtmem_inner.o)
    0x08007f94   0x0000000e   Code   RO         3096    .text               c_w.l(sys_wrch.o)
    0x08007fa2   0x0000000a   Code   RO         3107    .text               c_w.l(h1_final_mt.o)
    0x08007fac   0x00000046   Code   RO         1703    .text.MessageQueueGet  RTX_CM4F.lib(rtx_msgqueue.o)
    0x08007ff2   0x00000064   Code   RO         1697    .text.MessageQueuePut  RTX_CM4F.lib(rtx_msgqueue.o)
    0x08008056   0x0000001c   Code   RO         1695    .text.MessageQueueRemove  RTX_CM4F.lib(rtx_msgqueue.o)
    0x08008072   0x00000002   PAD
    0x08008074   0x0000000c   Code   RO         2260    .text.OS_Tick_AcknowledgeIRQ  RTX_CM4F.lib(os_systick.o)
    0x08008080   0x0000002c   Code   RO         2256    .text.OS_Tick_Enable  RTX_CM4F.lib(os_systick.o)
    0x080080ac   0x0000000c   Code   RO         2264    .text.OS_Tick_GetClock  RTX_CM4F.lib(os_systick.o)
    0x080080b8   0x00000010   Code   RO         2268    .text.OS_Tick_GetCount  RTX_CM4F.lib(os_systick.o)
    0x080080c8   0x00000006   Code   RO         2262    .text.OS_Tick_GetIRQn  RTX_CM4F.lib(os_systick.o)
    0x080080ce   0x00000002   PAD
    0x080080d0   0x0000000c   Code   RO         2266    .text.OS_Tick_GetInterval  RTX_CM4F.lib(os_systick.o)
    0x080080dc   0x00000010   Code   RO         2270    .text.OS_Tick_GetOverflow  RTX_CM4F.lib(os_systick.o)
    0x080080ec   0x00000040   Code   RO         2254    .text.OS_Tick_Setup  RTX_CM4F.lib(os_systick.o)
    0x0800812c   0x0000006a   Code   RO         1417    .text.ThreadFlagsCheck  RTX_CM4F.lib(rtx_thread.o)
    0x08008196   0x00000002   PAD
    0x08008198   0x00000050   Code   RO         1507    .text.TimerInsert   RTX_CM4F.lib(rtx_timer.o)
    0x080081e8   0x00000030   Code   RO         1515    .text.TimerRemove   RTX_CM4F.lib(rtx_timer.o)
    0x08008218   0x00000024   Code   RO         1472    .text.osDelay       RTX_CM4F.lib(rtx_delay.o)
    0x0800823c   0x00000034   Code   RO         1278    .text.osKernelGetState  RTX_CM4F.lib(rtx_kernel.o)
    0x08008270   0x00000024   Code   RO         1302    .text.osKernelGetSysTimerCount  RTX_CM4F.lib(rtx_kernel.o)
    0x08008294   0x00000024   Code   RO         1306    .text.osKernelGetSysTimerFreq  RTX_CM4F.lib(rtx_kernel.o)
    0x080082b8   0x00000028   Code   RO         1294    .text.osKernelGetTickCount  RTX_CM4F.lib(rtx_kernel.o)
    0x080082e0   0x00000028   Code   RO         1298    .text.osKernelGetTickFreq  RTX_CM4F.lib(rtx_kernel.o)
    0x08008308   0x0000002c   Code   RO         1272    .text.osKernelInitialize  RTX_CM4F.lib(rtx_kernel.o)
    0x08008334   0x00000024   Code   RO         1282    .text.osKernelStart  RTX_CM4F.lib(rtx_kernel.o)
    0x08008358   0x00000064   Code   RO         1618    .text.osMemoryPoolAlloc  RTX_CM4F.lib(rtx_mempool.o)
    0x080083bc   0x00000024   Code   RO         1638    .text.osMemoryPoolDelete  RTX_CM4F.lib(rtx_mempool.o)
    0x080083e0   0x00000048   Code   RO         1620    .text.osMemoryPoolFree  RTX_CM4F.lib(rtx_mempool.o)
    0x08008428   0x00000030   Code   RO         1626    .text.osMemoryPoolGetBlockSize  RTX_CM4F.lib(rtx_mempool.o)
    0x08008458   0x00000024   Code   RO         1614    .text.osMemoryPoolNew  RTX_CM4F.lib(rtx_mempool.o)
    0x0800847c   0x00000024   Code   RO         1689    .text.osMessageQueueDelete  RTX_CM4F.lib(rtx_msgqueue.o)
    0x080084a0   0x0000006c   Code   RO         1669    .text.osMessageQueueGet  RTX_CM4F.lib(rtx_msgqueue.o)
    0x0800850c   0x00000024   Code   RO         1663    .text.osMessageQueueNew  RTX_CM4F.lib(rtx_msgqueue.o)
    0x08008530   0x0000007c   Code   RO         1667    .text.osMessageQueuePut  RTX_CM4F.lib(rtx_msgqueue.o)
    0x080085ac   0x00000024   Code   RO         1540    .text.osMutexAcquire  RTX_CM4F.lib(rtx_mutex.o)
    0x080085d0   0x00000024   Code   RO         1546    .text.osMutexDelete  RTX_CM4F.lib(rtx_mutex.o)
    0x080085f4   0x00000024   Code   RO         1536    .text.osMutexNew    RTX_CM4F.lib(rtx_mutex.o)
    0x08008618   0x00000024   Code   RO         1542    .text.osMutexRelease  RTX_CM4F.lib(rtx_mutex.o)
    0x0800863c   0x00000080   Code   RO         2222    .text.osRtxMemoryAlloc  RTX_CM4F.lib(rtx_memory.o)
    0x080086bc   0x00000052   Code   RO         2224    .text.osRtxMemoryFree  RTX_CM4F.lib(rtx_memory.o)
    0x0800870e   0x00000036   Code   RO         2220    .text.osRtxMemoryInit  RTX_CM4F.lib(rtx_memory.o)
    0x08008744   0x00000038   Code   RO         1610    .text.osRtxMemoryPoolAlloc  RTX_CM4F.lib(rtx_mempool.o)
    0x0800877c   0x00000048   Code   RO         1612    .text.osRtxMemoryPoolFree  RTX_CM4F.lib(rtx_mempool.o)
    0x080087c4   0x00000054   Code   RO         1608    .text.osRtxMemoryPoolInit  RTX_CM4F.lib(rtx_mempool.o)
    0x08008818   0x00000046   Code   RO         1642    .text.osRtxMemoryPoolPostProcess  RTX_CM4F.lib(rtx_mempool.o)
    0x0800885e   0x000000c0   Code   RO         1693    .text.osRtxMessageQueuePostProcess  RTX_CM4F.lib(rtx_msgqueue.o)
    0x0800891e   0x00000044   Code   RO         1534    .text.osRtxMutexOwnerRelease  RTX_CM4F.lib(rtx_mutex.o)
    0x08008962   0x00000002   PAD
    0x08008964   0x00000090   Code   RO         2239    .text.osRtxPendSV_Handler  RTX_CM4F.lib(rtx_system.o)
    0x080089f4   0x00000074   Code   RO         2241    .text.osRtxPostProcess  RTX_CM4F.lib(rtx_system.o)
    0x08008a68   0x0000003a   Code   RO         1587    .text.osRtxSemaphorePostProcess  RTX_CM4F.lib(rtx_semaphore.o)
    0x08008aa2   0x00000002   PAD
    0x08008aa4   0x00000038   Code   RO         1357    .text.osRtxThreadBlock  RTX_CM4F.lib(rtx_thread.o)
    0x08008adc   0x0000008c   Code   RO         1365    .text.osRtxThreadDelayInsert  RTX_CM4F.lib(rtx_thread.o)
    0x08008b68   0x00000058   Code   RO         1361    .text.osRtxThreadDelayRemove  RTX_CM4F.lib(rtx_thread.o)
    0x08008bc0   0x00000038   Code   RO         1347    .text.osRtxThreadDelayTick  RTX_CM4F.lib(rtx_thread.o)
    0x08008bf8   0x00000060   Code   RO         1355    .text.osRtxThreadDispatch  RTX_CM4F.lib(rtx_thread.o)
    0x08008c58   0x00000058   Code   RO         1441    .text.osRtxThreadFree  RTX_CM4F.lib(rtx_thread.o)
    0x08008cb0   0x00000016   Code   RO         1339    .text.osRtxThreadListGet  RTX_CM4F.lib(rtx_thread.o)
    0x08008cc6   0x0000002c   Code   RO         1337    .text.osRtxThreadListPut  RTX_CM4F.lib(rtx_thread.o)
    0x08008cf2   0x00000014   Code   RO         1343    .text.osRtxThreadListRemove  RTX_CM4F.lib(rtx_thread.o)
    0x08008d06   0x00000028   Code   RO         1341    .text.osRtxThreadListSort  RTX_CM4F.lib(rtx_thread.o)
    0x08008d2e   0x0000002a   Code   RO         1415    .text.osRtxThreadPostProcess  RTX_CM4F.lib(rtx_thread.o)
    0x08008d58   0x00000014   Code   RO         1345    .text.osRtxThreadReadyPut  RTX_CM4F.lib(rtx_thread.o)
    0x08008d6c   0x00000014   Code   RO         1349    .text.osRtxThreadRegPtr  RTX_CM4F.lib(rtx_thread.o)
    0x08008d80   0x00000028   Code   RO         1353    .text.osRtxThreadStackCheck  RTX_CM4F.lib(rtx_thread.o)
    0x08008da8   0x00000058   Code   RO         1367    .text.osRtxThreadStartup  RTX_CM4F.lib(rtx_thread.o)
    0x08008e00   0x00000010   Code   RO         1351    .text.osRtxThreadSwitch  RTX_CM4F.lib(rtx_thread.o)
    0x08008e10   0x00000038   Code   RO         1363    .text.osRtxThreadWaitEnter  RTX_CM4F.lib(rtx_thread.o)
    0x08008e48   0x00000032   Code   RO         1359    .text.osRtxThreadWaitExit  RTX_CM4F.lib(rtx_thread.o)
    0x08008e7a   0x00000002   PAD
    0x08008e7c   0x00000070   Code   RO         2237    .text.osRtxTick_Handler  RTX_CM4F.lib(rtx_system.o)
    0x08008eec   0x00000044   Code   RO         1491    .text.osRtxTimerThread  RTX_CM4F.lib(rtx_timer.o)
    0x08008f30   0x00000058   Code   RO         1493    .text.osRtxTimerTick  RTX_CM4F.lib(rtx_timer.o)
    0x08008f88   0x00000058   Code   RO         1575    .text.osSemaphoreAcquire  RTX_CM4F.lib(rtx_semaphore.o)
    0x08008fe0   0x00000024   Code   RO         1583    .text.osSemaphoreDelete  RTX_CM4F.lib(rtx_semaphore.o)
    0x08009004   0x00000030   Code   RO         1579    .text.osSemaphoreGetCount  RTX_CM4F.lib(rtx_semaphore.o)
    0x08009034   0x00000024   Code   RO         1571    .text.osSemaphoreNew  RTX_CM4F.lib(rtx_semaphore.o)
    0x08009058   0x00000064   Code   RO         1577    .text.osSemaphoreRelease  RTX_CM4F.lib(rtx_semaphore.o)
    0x080090bc   0x0000000c   Code   RO         1399    .text.osThreadExit  RTX_CM4F.lib(rtx_thread.o)
    0x080090c8   0x00000024   Code   RO         1409    .text.osThreadFlagsClear  RTX_CM4F.lib(rtx_thread.o)
    0x080090ec   0x00000058   Code   RO         1407    .text.osThreadFlagsSet  RTX_CM4F.lib(rtx_thread.o)
    0x08009144   0x00000024   Code   RO         1413    .text.osThreadFlagsWait  RTX_CM4F.lib(rtx_thread.o)
    0x08009168   0x00000028   Code   RO         1375    .text.osThreadGetId  RTX_CM4F.lib(rtx_thread.o)
    0x08009190   0x00000024   Code   RO         1371    .text.osThreadNew   RTX_CM4F.lib(rtx_thread.o)
    0x080091b4   0x00000024   Code   RO         1401    .text.osThreadTerminate  RTX_CM4F.lib(rtx_thread.o)
    0x080091d8   0x00000024   Code   RO         1505    .text.osTimerDelete  RTX_CM4F.lib(rtx_timer.o)
    0x080091fc   0x00000030   Code   RO         1495    .text.osTimerNew    RTX_CM4F.lib(rtx_timer.o)
    0x0800922c   0x00000024   Code   RO         1499    .text.osTimerStart  RTX_CM4F.lib(rtx_timer.o)
    0x08009250   0x00000024   Code   RO         1501    .text.osTimerStop   RTX_CM4F.lib(rtx_timer.o)
    0x08009274   0x00000014   Code   RO         1476    .text.svcRtxDelay   RTX_CM4F.lib(rtx_delay.o)
    0x08009288   0x0000000c   Code   RO         1280    .text.svcRtxKernelGetState  RTX_CM4F.lib(rtx_kernel.o)
    0x08009294   0x00000028   Code   RO         1304    .text.svcRtxKernelGetSysTimerCount  RTX_CM4F.lib(rtx_kernel.o)
    0x080092bc   0x00000004   Code   RO         1308    .text.svcRtxKernelGetSysTimerFreq  RTX_CM4F.lib(rtx_kernel.o)
    0x080092c0   0x0000000c   Code   RO         1296    .text.svcRtxKernelGetTickCount  RTX_CM4F.lib(rtx_kernel.o)
    0x080092cc   0x0000000c   Code   RO         1300    .text.svcRtxKernelGetTickFreq  RTX_CM4F.lib(rtx_kernel.o)
    0x080092d8   0x00000178   Code   RO         1310    .text.svcRtxKernelInitialize  RTX_CM4F.lib(rtx_kernel.o)
    0x08009450   0x0000008c   Code   RO         1312    .text.svcRtxKernelStart  RTX_CM4F.lib(rtx_kernel.o)
    0x080094dc   0x00000058   Code   RO         1646    .text.svcRtxMemoryPoolAlloc  RTX_CM4F.lib(rtx_mempool.o)
    0x08009534   0x00000070   Code   RO         1650    .text.svcRtxMemoryPoolDelete  RTX_CM4F.lib(rtx_mempool.o)
    0x080095a4   0x00000062   Code   RO         1648    .text.svcRtxMemoryPoolFree  RTX_CM4F.lib(rtx_mempool.o)
    0x08009606   0x00000010   Code   RO         1628    .text.svcRtxMemoryPoolGetBlockSize  RTX_CM4F.lib(rtx_mempool.o)
    0x08009616   0x00000002   PAD
    0x08009618   0x00000148   Code   RO         1640    .text.svcRtxMemoryPoolNew  RTX_CM4F.lib(rtx_mempool.o)
    0x08009760   0x00000070   Code   RO         1709    .text.svcRtxMessageQueueDelete  RTX_CM4F.lib(rtx_msgqueue.o)
    0x080097d0   0x000000e8   Code   RO         1705    .text.svcRtxMessageQueueGet  RTX_CM4F.lib(rtx_msgqueue.o)
    0x080098b8   0x00000134   Code   RO         1691    .text.svcRtxMessageQueueNew  RTX_CM4F.lib(rtx_msgqueue.o)
    0x080099ec   0x000000c0   Code   RO         1701    .text.svcRtxMessageQueuePut  RTX_CM4F.lib(rtx_msgqueue.o)
    0x08009aac   0x00000094   Code   RO         1552    .text.svcRtxMutexAcquire  RTX_CM4F.lib(rtx_mutex.o)
    0x08009b40   0x000000c4   Code   RO         1558    .text.svcRtxMutexDelete  RTX_CM4F.lib(rtx_mutex.o)
    0x08009c04   0x0000006c   Code   RO         1548    .text.svcRtxMutexNew  RTX_CM4F.lib(rtx_mutex.o)
    0x08009c70   0x000000b4   Code   RO         1554    .text.svcRtxMutexRelease  RTX_CM4F.lib(rtx_mutex.o)
    0x08009d24   0x0000005c   Code   RO         1591    .text.svcRtxSemaphoreAcquire  RTX_CM4F.lib(rtx_semaphore.o)
    0x08009d80   0x00000060   Code   RO         1595    .text.svcRtxSemaphoreDelete  RTX_CM4F.lib(rtx_semaphore.o)
    0x08009de0   0x00000010   Code   RO         1581    .text.svcRtxSemaphoreGetCount  RTX_CM4F.lib(rtx_semaphore.o)
    0x08009df0   0x00000080   Code   RO         1585    .text.svcRtxSemaphoreNew  RTX_CM4F.lib(rtx_semaphore.o)
    0x08009e70   0x00000054   Code   RO         1593    .text.svcRtxSemaphoreRelease  RTX_CM4F.lib(rtx_semaphore.o)
    0x08009ec4   0x00000068   Code   RO         1445    .text.svcRtxThreadExit  RTX_CM4F.lib(rtx_thread.o)
    0x08009f2c   0x00000034   Code   RO         1455    .text.svcRtxThreadFlagsClear  RTX_CM4F.lib(rtx_thread.o)
    0x08009f60   0x00000066   Code   RO         1453    .text.svcRtxThreadFlagsSet  RTX_CM4F.lib(rtx_thread.o)
    0x08009fc6   0x00000002   PAD
    0x08009fc8   0x0000004c   Code   RO         1459    .text.svcRtxThreadFlagsWait  RTX_CM4F.lib(rtx_thread.o)
    0x0800a014   0x0000000c   Code   RO         1377    .text.svcRtxThreadGetId  RTX_CM4F.lib(rtx_thread.o)
    0x0800a020   0x000001dc   Code   RO         1369    .text.svcRtxThreadNew  RTX_CM4F.lib(rtx_thread.o)
    0x0800a1fc   0x000000bc   Code   RO         1447    .text.svcRtxThreadTerminate  RTX_CM4F.lib(rtx_thread.o)
    0x0800a2b8   0x0000004c   Code   RO         1521    .text.svcRtxTimerDelete  RTX_CM4F.lib(rtx_timer.o)
    0x0800a304   0x0000007c   Code   RO         1509    .text.svcRtxTimerNew  RTX_CM4F.lib(rtx_timer.o)
    0x0800a380   0x0000004c   Code   RO         1513    .text.svcRtxTimerStart  RTX_CM4F.lib(rtx_timer.o)
    0x0800a3cc   0x00000028   Code   RO         1517    .text.svcRtxTimerStop  RTX_CM4F.lib(rtx_timer.o)
    0x0800a3f4   0x00000084   Code   RO         1790    i.AllocBlock        FS_LFN_CM3_L.lib(fs_nftl.o)
    0x0800a478   0x000000ba   Code   RO         1791    i.CachePgRead       FS_LFN_CM3_L.lib(fs_nftl.o)
    0x0800a532   0x00000002   PAD
    0x0800a534   0x00000068   Code   RO         1792    i.CachePgWrite      FS_LFN_CM3_L.lib(fs_nftl.o)
    0x0800a59c   0x0000001e   Code   RO         1793    i.CalcDataBlocks    FS_LFN_CM3_L.lib(fs_nftl.o)
    0x0800a5ba   0x00000002   PAD
    0x0800a5bc   0x00000028   Code   RO         1974    i.CheckController   USB_Dbg_CM3_L.lib(usbh_lib_core.o)
    0x0800a5e4   0x00000044   Code   RO         2174    i.CheckInstance     USB_Dbg_CM3_L.lib(usbh_lib_hid.o)
    0x0800a628   0x00000040   Code   RO         1976    i.CheckPipe         USB_Dbg_CM3_L.lib(usbh_lib_core.o)
    0x0800a668   0x00000104   Code   RO         1794    i.DecodeECC         FS_LFN_CM3_L.lib(fs_nftl.o)
    0x0800a76c   0x00000070   Code   RO         1795    i.Drv_EraseBlock    FS_LFN_CM3_L.lib(fs_nftl.o)
    0x0800a7dc   0x00000050   Code   RO         1796    i.Drv_ReadPage      FS_LFN_CM3_L.lib(fs_nftl.o)
    0x0800a82c   0x000000a4   Code   RO         1797    i.Drv_SetupFeatures  FS_LFN_CM3_L.lib(fs_nftl.o)
    0x0800a8d0   0x00000080   Code   RO         1798    i.Drv_WritePage     FS_LFN_CM3_L.lib(fs_nftl.o)
    0x0800a950   0x0000003c   Code   RO         1799    i.EncodeECC         FS_LFN_CM3_L.lib(fs_nftl.o)
    0x0800a98c   0x00000070   Code   RO         1800    i.EraseBlock        FS_LFN_CM3_L.lib(fs_nftl.o)
    0x0800a9fc   0x000000b8   Code   RO         1918    i.EraseBlock        FS_LFN_CM3_L.lib(fs_nand_media.o)
    0x0800aab4   0x0000001a   Code   RO         2120    i.EvrUSBH_Driver_PipeTransferFailed  USB_Dbg_CM3_L.lib(usbh_lib_drv.o)
    0x0800aace   0x00000082   Code   RO         1801    i.FindEmptyBlock    FS_LFN_CM3_L.lib(fs_nftl.o)
    0x0800ab50   0x00000174   Code   RO         1802    i.ForceDataGc       FS_LFN_CM3_L.lib(fs_nftl.o)
    0x0800acc4   0x00000392   Code   RO         1803    i.GcRun             FS_LFN_CM3_L.lib(fs_nftl.o)
    0x0800b056   0x00000026   Code   RO         1804    i.GetBlockFromQueue  FS_LFN_CM3_L.lib(fs_nftl.o)
    0x0800b07c   0x000000d0   Code   RO         1919    i.GetFeatures       FS_LFN_CM3_L.lib(fs_nand_media.o)
    0x0800b14c   0x00000014   Code   RO         1805    i.GetIdxCacheSlot   FS_LFN_CM3_L.lib(fs_nftl.o)
    0x0800b160   0x00000020   Code   RO         1806    i.GetLSN            FS_LFN_CM3_L.lib(fs_nftl.o)
    0x0800b180   0x00000018   Code   RO         1807    i.InitBtt           FS_LFN_CM3_L.lib(fs_nftl.o)
    0x0800b198   0x0000009e   Code   RO         1920    i.Initialize        FS_LFN_CM3_L.lib(fs_nand_media.o)
    0x0800b236   0x00000002   PAD
    0x0800b238   0x00000118   Code   RO         1808    i.LoadBtt           FS_LFN_CM3_L.lib(fs_nftl.o)
    0x0800b350   0x0000001c   Code   RO         1809    i.Log2              FS_LFN_CM3_L.lib(fs_nftl.o)
    0x0800b36c   0x0000006c   Code   RO         1810    i.MarkBlockBad      FS_LFN_CM3_L.lib(fs_nftl.o)
    0x0800b3d8   0x0000014a   Code   RO         1811    i.MoveBlock         FS_LFN_CM3_L.lib(fs_nftl.o)
    0x0800b522   0x00000002   PAD
    0x0800b524   0x00000098   Code   RO         1921    i.NAND_EccToLayout  FS_LFN_CM3_L.lib(fs_nand_media.o)
    0x0800b5bc   0x000000d8   Code   RO         1922    i.NAND_SetupLayout  FS_LFN_CM3_L.lib(fs_nand_media.o)
    0x0800b694   0x00000018   Code   RO         1812    i.NumBlocksInQueue  FS_LFN_CM3_L.lib(fs_nftl.o)
    0x0800b6ac   0x00000036   Code   RO         1813    i.PutBlockInQueue   FS_LFN_CM3_L.lib(fs_nftl.o)
    0x0800b6e2   0x00000002   PAD
    0x0800b6e4   0x00000064   Code   RO         1814    i.RdBootBlock       FS_LFN_CM3_L.lib(fs_nftl.o)
    0x0800b748   0x000000ac   Code   RO         1923    i.ReadID            FS_LFN_CM3_L.lib(fs_nand_media.o)
    0x0800b7f4   0x00000048   Code   RO         1924    i.ReadPage          FS_LFN_CM3_L.lib(fs_nand_media.o)
    0x0800b83c   0x00000080   Code   RO         1925    i.ReadPage_Cmd      FS_LFN_CM3_L.lib(fs_nand_media.o)
    0x0800b8bc   0x00000078   Code   RO         1926    i.ReadPage_Seq      FS_LFN_CM3_L.lib(fs_nand_media.o)
    0x0800b934   0x000000a8   Code   RO         1927    i.ReadParamPage     FS_LFN_CM3_L.lib(fs_nand_media.o)
    0x0800b9dc   0x000000a8   Code   RO         1928    i.ReadStatus        FS_LFN_CM3_L.lib(fs_nand_media.o)
    0x0800ba84   0x00000052   Code   RO         1815    i.RefreshDataBlock  FS_LFN_CM3_L.lib(fs_nftl.o)
    0x0800bad6   0x00000064   Code   RO         1816    i.RelocBlock        FS_LFN_CM3_L.lib(fs_nftl.o)
    0x0800bb3a   0x0000006e   Code   RO         1929    i.ResetDevice       FS_LFN_CM3_L.lib(fs_nand_media.o)
    0x0800bba8   0x00000214   Code   RO         1817    i.ScanBlock         FS_LFN_CM3_L.lib(fs_nftl.o)
    0x0800bdbc   0x000000b2   Code   RO         1818    i.ScanTable         FS_LFN_CM3_L.lib(fs_nftl.o)
    0x0800be6e   0x00000092   Code   RO         1819    i.SearchBTT         FS_LFN_CM3_L.lib(fs_nftl.o)
    0x0800bf00   0x00000020   Code   RO         1930    i.SendAddress       FS_LFN_CM3_L.lib(fs_nand_media.o)
    0x0800bf20   0x000000cc   Code   RO         1931    i.SetFeatures       FS_LFN_CM3_L.lib(fs_nand_media.o)
    0x0800bfec   0x0000001e   Code   RO         1820    i.SetLSN            FS_LFN_CM3_L.lib(fs_nftl.o)
    0x0800c00a   0x00000002   PAD
    0x0800c00c   0x00000198   Code   RO         1981    i.USBH_ConnectDebounce  USB_Dbg_CM3_L.lib(usbh_lib_core.o)
    0x0800c1a4   0x00000198   Code   RO         1982    i.USBH_ControlTransfer  USB_Dbg_CM3_L.lib(usbh_lib_core.o)
    0x0800c33c   0x00000274   Code   RO         1983    i.USBH_Core_Thread  USB_Dbg_CM3_L.lib(usbh_lib_core.o)
    0x0800c5b0   0x00000068   Code   RO         1990    i.USBH_DefaultPipeCreate  USB_Dbg_CM3_L.lib(usbh_lib_core.o)
    0x0800c618   0x0000009c   Code   RO         1992    i.USBH_DeviceRequest_ClearFeature  USB_Dbg_CM3_L.lib(usbh_lib_core.o)
    0x0800c6b4   0x000000b8   Code   RO         1994    i.USBH_DeviceRequest_GetDescriptor  USB_Dbg_CM3_L.lib(usbh_lib_core.o)
    0x0800c76c   0x0000008c   Code   RO         1997    i.USBH_DeviceRequest_SetAddress  USB_Dbg_CM3_L.lib(usbh_lib_core.o)
    0x0800c7f8   0x00000094   Code   RO         1998    i.USBH_DeviceRequest_SetConfiguration  USB_Dbg_CM3_L.lib(usbh_lib_core.o)
    0x0800c88c   0x00000010   Code   RO         2121    i.USBH_DriverGetCapabilities  USB_Dbg_CM3_L.lib(usbh_lib_drv.o)
    0x0800c89c   0x00000010   Code   RO         2123    i.USBH_DriverGetVersion  USB_Dbg_CM3_L.lib(usbh_lib_drv.o)
    0x0800c8ac   0x00000088   Code   RO         2124    i.USBH_DriverInitialize  USB_Dbg_CM3_L.lib(usbh_lib_drv.o)
    0x0800c934   0x000000a8   Code   RO         2125    i.USBH_DriverPipeCreate  USB_Dbg_CM3_L.lib(usbh_lib_drv.o)
    0x0800c9dc   0x0000008c   Code   RO         2126    i.USBH_DriverPipeDelete  USB_Dbg_CM3_L.lib(usbh_lib_drv.o)
    0x0800ca68   0x000000b4   Code   RO         2127    i.USBH_DriverPipeModify  USB_Dbg_CM3_L.lib(usbh_lib_drv.o)
    0x0800cb1c   0x000000bc   Code   RO         2129    i.USBH_DriverPipeTransfer  USB_Dbg_CM3_L.lib(usbh_lib_drv.o)
    0x0800cbd8   0x0000008c   Code   RO         2130    i.USBH_DriverPipeTransferAbort  USB_Dbg_CM3_L.lib(usbh_lib_drv.o)
    0x0800cc64   0x00000064   Code   RO         2131    i.USBH_DriverPipeTransferGetResult  USB_Dbg_CM3_L.lib(usbh_lib_drv.o)
    0x0800ccc8   0x000000c4   Code   RO         2132    i.USBH_DriverPortGetState  USB_Dbg_CM3_L.lib(usbh_lib_drv.o)
    0x0800cd8c   0x0000009c   Code   RO         2133    i.USBH_DriverPortReset  USB_Dbg_CM3_L.lib(usbh_lib_drv.o)
    0x0800ce28   0x00000088   Code   RO         2134    i.USBH_DriverPortResume  USB_Dbg_CM3_L.lib(usbh_lib_drv.o)
    0x0800ceb0   0x00000088   Code   RO         2135    i.USBH_DriverPortSuspend  USB_Dbg_CM3_L.lib(usbh_lib_drv.o)
    0x0800cf38   0x0000008c   Code   RO         2136    i.USBH_DriverPortVbusOnOff  USB_Dbg_CM3_L.lib(usbh_lib_drv.o)
    0x0800cfc4   0x00000088   Code   RO         2137    i.USBH_DriverPowerControl  USB_Dbg_CM3_L.lib(usbh_lib_drv.o)
    0x0800d04c   0x000002c0   Code   RO         2011    i.USBH_Engine       USB_Dbg_CM3_L.lib(usbh_lib_core.o)
    0x0800d30c   0x0000038c   Code   RO         2012    i.USBH_EnumerateDevice  USB_Dbg_CM3_L.lib(usbh_lib_core.o)
    0x0800d698   0x00000030   Code   RO         2013    i.USBH_GetFree_PIPE  USB_Dbg_CM3_L.lib(usbh_lib_core.o)
    0x0800d6c8   0x00000040   Code   RO         2015    i.USBH_Get_Thread_ID_of_Pipe  USB_Dbg_CM3_L.lib(usbh_lib_core.o)
    0x0800d708   0x0000010c   Code   RO         2175    i.USBH_HID_Configure  USB_Dbg_CM3_L.lib(usbh_lib_hid.o)
    0x0800d814   0x00000002   Code   RO         2176    i.USBH_HID_DataReceived  USB_Dbg_CM3_L.lib(usbh_lib_hid.o)
    0x0800d816   0x00000002   PAD
    0x0800d818   0x0000004c   Code   RO         2177    i.USBH_HID_GetDevice  USB_Dbg_CM3_L.lib(usbh_lib_hid.o)
    0x0800d864   0x000000e8   Code   RO         2178    i.USBH_HID_GetKeyboardKey  USB_Dbg_CM3_L.lib(usbh_lib_hid.o)
    0x0800d94c   0x0000003c   Code   RO         2180    i.USBH_HID_GetStatus  USB_Dbg_CM3_L.lib(usbh_lib_hid.o)
    0x0800d988   0x00000002   Code   RO         2181    i.USBH_HID_Initialize  USB_Dbg_CM3_L.lib(usbh_lib_hid.o)
    0x0800d98a   0x00000002   PAD
    0x0800d98c   0x00000114   Code   RO         2182    i.USBH_HID_Initialize_Lib  USB_Dbg_CM3_L.lib(usbh_lib_hid.o)
    0x0800daa0   0x00000094   Code   RO         2183    i.USBH_HID_IntIn_Thread  USB_Dbg_CM3_L.lib(usbh_lib_hid.o)
    0x0800db34   0x00000002   Code   RO         2184    i.USBH_HID_ParseReportDescriptor  USB_Dbg_CM3_L.lib(usbh_lib_hid.o)
    0x0800db36   0x00000002   PAD
    0x0800db38   0x00000080   Code   RO         2186    i.USBH_HID_SetIdle  USB_Dbg_CM3_L.lib(usbh_lib_hid.o)
    0x0800dbb8   0x00000088   Code   RO         2188    i.USBH_HID_Unconfigure  USB_Dbg_CM3_L.lib(usbh_lib_hid.o)
    0x0800dc40   0x00000002   Code   RO         2189    i.USBH_HID_Uninitialize  USB_Dbg_CM3_L.lib(usbh_lib_hid.o)
    0x0800dc42   0x00000002   PAD
    0x0800dc44   0x00000074   Code   RO         2190    i.USBH_HID_Uninitialize_Lib  USB_Dbg_CM3_L.lib(usbh_lib_hid.o)
    0x0800dcb8   0x00000208   Code   RO         2016    i.USBH_Initialize   USB_Dbg_CM3_L.lib(usbh_lib_core.o)
    0x0800dec0   0x0000004c   Code   RO         2017    i.USBH_MemoryAllocate  USB_Dbg_CM3_L.lib(usbh_lib_core.o)
    0x0800df0c   0x00000044   Code   RO         2534    i.USBH_MemoryAllocateLib  USB_Dbg_CM3_L.lib(usbh_lib_mem.o)
    0x0800df50   0x00000040   Code   RO         2018    i.USBH_MemoryFree   USB_Dbg_CM3_L.lib(usbh_lib_core.o)
    0x0800df90   0x00000040   Code   RO         2535    i.USBH_MemoryFreeLib  USB_Dbg_CM3_L.lib(usbh_lib_mem.o)
    0x0800dfd0   0x00000010   Code   RO         2536    i.USBH_MemoryGetPoolSize  USB_Dbg_CM3_L.lib(usbh_lib_mem.o)
    0x0800dfe0   0x00000034   Code   RO         2019    i.USBH_MemoryInitialize  USB_Dbg_CM3_L.lib(usbh_lib_core.o)
    0x0800e014   0x00000040   Code   RO         2537    i.USBH_MemoryInitializeLib  USB_Dbg_CM3_L.lib(usbh_lib_mem.o)
    0x0800e054   0x0000002c   Code   RO         2538    i.USBH_MemoryIsInPool  USB_Dbg_CM3_L.lib(usbh_lib_mem.o)
    0x0800e080   0x00000002   Code   RO         2021    i.USBH_Notify       USB_Dbg_CM3_L.lib(usbh_lib_core.o)
    0x0800e082   0x00000002   PAD
    0x0800e084   0x00000030   Code   RO         2022    i.USBH_Notify_Lib   USB_Dbg_CM3_L.lib(usbh_lib_core.o)
    0x0800e0b4   0x00000078   Code   RO         2023    i.USBH_PipeAbort    USB_Dbg_CM3_L.lib(usbh_lib_core.o)
    0x0800e12c   0x0000009c   Code   RO         2024    i.USBH_PipeCreate   USB_Dbg_CM3_L.lib(usbh_lib_core.o)
    0x0800e1c8   0x00000060   Code   RO         2025    i.USBH_PipeDelete   USB_Dbg_CM3_L.lib(usbh_lib_core.o)
    0x0800e228   0x000000bc   Code   RO         2026    i.USBH_PipeDoPing   USB_Dbg_CM3_L.lib(usbh_lib_core.o)
    0x0800e2e4   0x0000029c   Code   RO         2027    i.USBH_PipeReceive  USB_Dbg_CM3_L.lib(usbh_lib_core.o)
    0x0800e580   0x00000028   Code   RO         2028    i.USBH_PipeReceiveGetResult  USB_Dbg_CM3_L.lib(usbh_lib_core.o)
    0x0800e5a8   0x000002b4   Code   RO         2030    i.USBH_PipeSend     USB_Dbg_CM3_L.lib(usbh_lib_core.o)
    0x0800e85c   0x0000013c   Code   RO         2032    i.USBH_PipeSendSetup  USB_Dbg_CM3_L.lib(usbh_lib_core.o)
    0x0800e998   0x000000c0   Code   RO         2036    i.USBH_PrepareEnumerateDevice  USB_Dbg_CM3_L.lib(usbh_lib_core.o)
    0x0800ea58   0x000001c8   Code   RO         2038    i.USBH_RecoveryEnumerateDevice  USB_Dbg_CM3_L.lib(usbh_lib_core.o)
    0x0800ec20   0x00000038   Code   RO         2139    i.USBH_SignalPipeEvent  USB_Dbg_CM3_L.lib(usbh_lib_drv.o)
    0x0800ec58   0x00000068   Code   RO         2140    i.USBH_SignalPortEvent  USB_Dbg_CM3_L.lib(usbh_lib_drv.o)
    0x0800ecc0   0x0000011c   Code   RO         2040    i.USBH_UninitializeDevices  USB_Dbg_CM3_L.lib(usbh_lib_core.o)
    0x0800eddc   0x0000003c   Code   RO         1932    i.Uninitialize      FS_LFN_CM3_L.lib(fs_nand_media.o)
    0x0800ee18   0x000002f6   Code   RO         1821    i.UpdateBTT         FS_LFN_CM3_L.lib(fs_nftl.o)
    0x0800f10e   0x00000068   Code   RO         1933    i.WaitDevReady      FS_LFN_CM3_L.lib(fs_nand_media.o)
    0x0800f176   0x00000002   PAD
    0x0800f178   0x00000044   Code   RO         1934    i.WaitDrvBusy       FS_LFN_CM3_L.lib(fs_nand_media.o)
    0x0800f1bc   0x00000048   Code   RO         1935    i.WritePage         FS_LFN_CM3_L.lib(fs_nand_media.o)
    0x0800f204   0x0000006e   Code   RO         1936    i.WritePage_Cmd     FS_LFN_CM3_L.lib(fs_nand_media.o)
    0x0800f272   0x00000002   PAD
    0x0800f274   0x00000078   Code   RO         1937    i.WritePage_Seq     FS_LFN_CM3_L.lib(fs_nand_media.o)
    0x0800f2ec   0x00000030   Code   RO         2832    i.__ARM_fpclassify  m_wm.l(fpclassify.o)
    0x0800f31c   0x00000004   PAD
    0x0800f320   0x00000c50   Code   RO         2688    i.__hardfp_pow      m_wm.l(pow.o)
    0x0800ff70   0x000000f8   Code   RO         2834    i.__kernel_poly     m_wm.l(poly.o)
    0x08010068   0x00000030   Code   RO         2812    i.__mathlib_dbl_divzero  m_wm.l(dunder.o)
    0x08010098   0x00000014   Code   RO         2814    i.__mathlib_dbl_infnan2  m_wm.l(dunder.o)
    0x080100ac   0x00000004   PAD
    0x080100b0   0x00000020   Code   RO         2815    i.__mathlib_dbl_invalid  m_wm.l(dunder.o)
    0x080100d0   0x00000020   Code   RO         2816    i.__mathlib_dbl_overflow  m_wm.l(dunder.o)
    0x080100f0   0x00000020   Code   RO         2818    i.__mathlib_dbl_underflow  m_wm.l(dunder.o)
    0x08010110   0x00000064   Code   RO         1895    i.__sys_close       FS_LFN_CM3_L.lib(fs_sys.o)
    0x08010174   0x00000068   Code   RO         1896    i.__sys_ensure      FS_LFN_CM3_L.lib(fs_sys.o)
    0x080101dc   0x00000064   Code   RO         1897    i.__sys_flen        FS_LFN_CM3_L.lib(fs_sys.o)
    0x08010240   0x00000090   Code   RO         1898    i.__sys_open        FS_LFN_CM3_L.lib(fs_sys.o)
    0x080102d0   0x00000084   Code   RO         1899    i.__sys_read        FS_LFN_CM3_L.lib(fs_sys.o)
    0x08010354   0x00000070   Code   RO         1900    i.__sys_seek        FS_LFN_CM3_L.lib(fs_sys.o)
    0x080103c4   0x00000074   Code   RO         1901    i.__sys_write       FS_LFN_CM3_L.lib(fs_sys.o)
    0x08010438   0x0000005c   Code   RO         1729    i._fdelete          FS_LFN_CM3_L.lib(fs_mapi.o)
    0x08010494   0x0000006a   Code   RO         2311    i.alloc_clus        FS_LFN_CM3_L.lib(fs_fat.o)
    0x080104fe   0x0000009a   Code   RO         2312    i.alloc_table_read  FS_LFN_CM3_L.lib(fs_fat.o)
    0x08010598   0x000000dc   Code   RO         2313    i.alloc_table_write  FS_LFN_CM3_L.lib(fs_fat.o)
    0x08010674   0x000000b4   Code   RO         2314    i.bs_read           FS_LFN_CM3_L.lib(fs_fat.o)
    0x08010728   0x000001d4   Code   RO         2315    i.bs_write          FS_LFN_CM3_L.lib(fs_fat.o)
    0x080108fc   0x00000096   Code   RO         2316    i.cache_fat         FS_LFN_CM3_L.lib(fs_fat.o)
    0x08010992   0x00000060   Code   RO         2317    i.char_validate     FS_LFN_CM3_L.lib(fs_fat.o)
    0x080109f2   0x00000044   Code   RO         2318    i.clear_clus        FS_LFN_CM3_L.lib(fs_fat.o)
    0x08010a36   0x00000024   Code   RO         2319    i.clus_to_sect      FS_LFN_CM3_L.lib(fs_fat.o)
    0x08010a5a   0x00000002   PAD
    0x08010a5c   0x000000d4   Code   RO         2320    i.create_dot_entries  FS_LFN_CM3_L.lib(fs_fat.o)
    0x08010b30   0x000000e4   Code   RO         2321    i.create_lfn_entry  FS_LFN_CM3_L.lib(fs_fat.o)
    0x08010c14   0x0000008a   Code   RO         2322    i.create_sfn_entry  FS_LFN_CM3_L.lib(fs_fat.o)
    0x08010c9e   0x0000028a   Code   RO         1822    i.ecc_Hamming512    FS_LFN_CM3_L.lib(fs_nftl.o)
    0x08010f28   0x000000d0   Code   RO         1823    i.ecc_Hamming8      FS_LFN_CM3_L.lib(fs_nftl.o)
    0x08010ff8   0x00000038   Code   RO         2323    i.entry_flush       FS_LFN_CM3_L.lib(fs_fat.o)
    0x08011030   0x0000001c   Code   RO         2324    i.entry_pos_comp    FS_LFN_CM3_L.lib(fs_fat.o)
    0x0801104c   0x00000060   Code   RO         2325    i.entry_pos_inc     FS_LFN_CM3_L.lib(fs_fat.o)
    0x080110ac   0x00000044   Code   RO         2326    i.entry_read        FS_LFN_CM3_L.lib(fs_fat.o)
    0x080110f0   0x0000002e   Code   RO         2327    i.entry_type        FS_LFN_CM3_L.lib(fs_fat.o)
    0x0801111e   0x00000018   Code   RO         2828    i.fabs              m_wm.l(fabs.o)
    0x08011136   0x00000002   PAD
    0x08011138   0x00000128   Code   RO         2330    i.fat_close         FS_LFN_CM3_L.lib(fs_fat.o)
    0x08011260   0x00000030   Code   RO         2331    i.fat_crc32         FS_LFN_CM3_L.lib(fs_fat.o)
    0x08011290   0x000001e4   Code   RO         2332    i.fat_delete        FS_LFN_CM3_L.lib(fs_fat.o)
    0x08011474   0x00000020   Code   RO         2335    i.fat_flen          FS_LFN_CM3_L.lib(fs_fat.o)
    0x08011494   0x00000048   Code   RO         2336    i.fat_flush         FS_LFN_CM3_L.lib(fs_fat.o)
    0x080114dc   0x000004d8   Code   RO         2337    i.fat_format        FS_LFN_CM3_L.lib(fs_fat.o)
    0x080119b4   0x00000040   Code   RO         2339    i.fat_handle_get    FS_LFN_CM3_L.lib(fs_fat.o)
    0x080119f4   0x00000054   Code   RO         2341    i.fat_init          FS_LFN_CM3_L.lib(fs_fat.o)
    0x08011a48   0x000001e4   Code   RO         2345    i.fat_mount         FS_LFN_CM3_L.lib(fs_fat.o)
    0x08011c2c   0x000001c8   Code   RO         2346    i.fat_open          FS_LFN_CM3_L.lib(fs_fat.o)
    0x08011df4   0x00000104   Code   RO         2348    i.fat_read          FS_LFN_CM3_L.lib(fs_fat.o)
    0x08011ef8   0x00000208   Code   RO         2351    i.fat_seek          FS_LFN_CM3_L.lib(fs_fat.o)
    0x08012100   0x00000052   Code   RO         2354    i.fat_vol           FS_LFN_CM3_L.lib(fs_fat.o)
    0x08012152   0x00000090   Code   RO         2355    i.fat_vol_chk       FS_LFN_CM3_L.lib(fs_fat.o)
    0x080121e2   0x00000002   PAD
    0x080121e4   0x00000184   Code   RO         2356    i.fat_write         FS_LFN_CM3_L.lib(fs_fat.o)
    0x08012368   0x00000058   Code   RO         1738    i.fformat           FS_LFN_CM3_L.lib(fs_mapi.o)
    0x080123c0   0x00000018   Code   RO         2625    i.fgetc             c_w.l(fgetc.o)
    0x080123d8   0x00000048   Code   RO         2357    i.file_locked       FS_LFN_CM3_L.lib(fs_fat.o)
    0x08012420   0x00000050   Code   RO         2358    i.find_param        FS_LFN_CM3_L.lib(fs_fat.o)
    0x08012470   0x00000048   Code   RO         1741    i.finit             FS_LFN_CM3_L.lib(fs_mapi.o)
    0x080124b8   0x00000054   Code   RO         1744    i.fmount            FS_LFN_CM3_L.lib(fs_mapi.o)
    0x0801250c   0x0000002c   Code   RO         2359    i.format_date       FS_LFN_CM3_L.lib(fs_fat.o)
    0x08012538   0x0000002e   Code   RO         2360    i.format_time       FS_LFN_CM3_L.lib(fs_fat.o)
    0x08012566   0x0000001a   Code   RO         2907    i.fputc             c_w.l(fputc.o)
    0x08012580   0x000000aa   Code   RO         2361    i.frec_allocate     FS_LFN_CM3_L.lib(fs_fat.o)
    0x0801262a   0x00000058   Code   RO         2362    i.frec_delete       FS_LFN_CM3_L.lib(fs_fat.o)
    0x08012682   0x00000028   Code   RO         2363    i.frec_delete_elink  FS_LFN_CM3_L.lib(fs_fat.o)
    0x080126aa   0x00000002   PAD
    0x080126ac   0x0000020c   Code   RO         2364    i.frec_find         FS_LFN_CM3_L.lib(fs_fat.o)
    0x080128b8   0x0000005a   Code   RO         2365    i.frec_find_elink   FS_LFN_CM3_L.lib(fs_fat.o)
    0x08012912   0x00000002   PAD
    0x08012914   0x000001ac   Code   RO         2366    i.frec_next         FS_LFN_CM3_L.lib(fs_fat.o)
    0x08012ac0   0x000000a8   Code   RO         1748    i.fs_component_init  FS_LFN_CM3_L.lib(fs_mapi.o)
    0x08012b68   0x00000002   Code   RO         1749    i.fs_config_evr     FS_LFN_CM3_L.lib(fs_mapi.o)
    0x08012b6a   0x00000002   PAD
    0x08012b6c   0x0000008c   Code   RO         2283    i.fs_drive_id       FS_LFN_CM3_L.lib(fs_common.o)
    0x08012bf8   0x0000001a   Code   RO         2565    i.fs_get_time       FS_LFN_CM3_L.lib(fs_time.o)
    0x08012c12   0x00000004   Code   RO         1824    i.fs_nand_feature_addr  FS_LFN_CM3_L.lib(fs_nftl.o)
    0x08012c16   0x00000006   Code   RO         1825    i.fs_nand_feature_param  FS_LFN_CM3_L.lib(fs_nftl.o)
    0x08012c1c   0x00000002   Code   RO         1826    i.fs_nand_setup_layout  FS_LFN_CM3_L.lib(fs_nftl.o)
    0x08012c1e   0x00000002   PAD
    0x08012c20   0x00000020   Code   RO         2284    i.fs_set_cdrive     FS_LFN_CM3_L.lib(fs_common.o)
    0x08012c40   0x0000007c   Code   RO         2367    i.fsinfo_read       FS_LFN_CM3_L.lib(fs_fat.o)
    0x08012cbc   0x00000060   Code   RO         2368    i.fsinfo_write      FS_LFN_CM3_L.lib(fs_fat.o)
    0x08012d1c   0x0000003e   Code   RO         1827    i.ftl_DevCtrl       FS_LFN_CM3_L.lib(fs_nftl.o)
    0x08012d5a   0x00000002   PAD
    0x08012d5c   0x000001b8   Code   RO         1828    i.ftl_Format        FS_LFN_CM3_L.lib(fs_nftl.o)
    0x08012f14   0x00000016   Code   RO         1829    i.ftl_Init          FS_LFN_CM3_L.lib(fs_nftl.o)
    0x08012f2a   0x00000020   Code   RO         1830    i.ftl_ReadInfo      FS_LFN_CM3_L.lib(fs_nftl.o)
    0x08012f4a   0x00000002   PAD
    0x08012f4c   0x0000020a   Code   RO         1831    i.ftl_ReadSect      FS_LFN_CM3_L.lib(fs_nftl.o)
    0x08013156   0x00000002   PAD
    0x08013158   0x00000024   Code   RO         1832    i.ftl_UnInit        FS_LFN_CM3_L.lib(fs_nftl.o)
    0x0801317c   0x0000035e   Code   RO         1833    i.ftl_WriteSect     FS_LFN_CM3_L.lib(fs_nftl.o)
    0x080134da   0x00000002   PAD
    0x080134dc   0x00000110   Code   RO         1834    i.ftl_init_media    FS_LFN_CM3_L.lib(fs_nftl.o)
    0x080135ec   0x00000104   Code   RO         1835    i.ftl_init_resources  FS_LFN_CM3_L.lib(fs_nftl.o)
    0x080136f0   0x00000054   Code   RO         1752    i.fvol              FS_LFN_CM3_L.lib(fs_mapi.o)
    0x08013744   0x00000022   Code   RO         2369    i.get_EOC           FS_LFN_CM3_L.lib(fs_fat.o)
    0x08013766   0x00000032   Code   RO         2371    i.get_fat_sect      FS_LFN_CM3_L.lib(fs_fat.o)
    0x08013798   0x00000010   Code   RO         2372    i.get_root_clus     FS_LFN_CM3_L.lib(fs_fat.o)
    0x080137a8   0x00000010   Code   RO         2288    i.get_u16           FS_LFN_CM3_L.lib(fs_common.o)
    0x080137b8   0x00000016   Code   RO         2289    i.get_u32           FS_LFN_CM3_L.lib(fs_common.o)
    0x080137ce   0x0000006a   Code   RO         2381    i.label_read        FS_LFN_CM3_L.lib(fs_fat.o)
    0x08013838   0x0000006a   Code   RO         2382    i.label_write       FS_LFN_CM3_L.lib(fs_fat.o)
    0x080138a2   0x00000002   PAD
    0x080138a4   0x00000020   Code   RO         2383    i.lfn_char_cnt      FS_LFN_CM3_L.lib(fs_fat.o)
    0x080138c4   0x00000004   Code   RO         2384    i.link_clus         FS_LFN_CM3_L.lib(fs_fat.o)
    0x080138c8   0x00000028   Code   RO         2385    i.long_ent_hash     FS_LFN_CM3_L.lib(fs_fat.o)
    0x080138f0   0x000000c0   Code   RO         2386    i.mbr_write         FS_LFN_CM3_L.lib(fs_fat.o)
    0x080139b0   0x000000b0   Code   RO         2387    i.name_analyse      FS_LFN_CM3_L.lib(fs_fat.o)
    0x08013a60   0x000000b4   Code   RO         2388    i.name_basis_gen    FS_LFN_CM3_L.lib(fs_fat.o)
    0x08013b14   0x00000008   Code   RO         2389    i.name_hash         FS_LFN_CM3_L.lib(fs_fat.o)
    0x08013b1c   0x00000128   Code   RO         2390    i.name_nt_gen       FS_LFN_CM3_L.lib(fs_fat.o)
    0x08013c44   0x00000052   Code   RO         2391    i.name_strip        FS_LFN_CM3_L.lib(fs_fat.o)
    0x08013c96   0x0000001e   Code   RO         2392    i.name_validate     FS_LFN_CM3_L.lib(fs_fat.o)
    0x08013cb4   0x00000008   Code   RO         1938    i.nand_DrvEvent     FS_LFN_CM3_L.lib(fs_nand_media.o)
    0x08013cbc   0x00000002   Code   RO         1836    i.nand_MediaEvent   FS_LFN_CM3_L.lib(fs_nftl.o)
    0x08013cbe   0x0000022e   Code   RO         2393    i.path_create       FS_LFN_CM3_L.lib(fs_fat.o)
    0x08013eec   0x00000032   Code   RO         2394    i.path_init         FS_LFN_CM3_L.lib(fs_fat.o)
    0x08013f1e   0x000000a6   Code   RO         2395    i.path_open         FS_LFN_CM3_L.lib(fs_fat.o)
    0x08013fc4   0x00000046   Code   RO         2396    i.path_validate     FS_LFN_CM3_L.lib(fs_fat.o)
    0x0801400a   0x0000007a   Code   RO         2397    i.read_cache        FS_LFN_CM3_L.lib(fs_fat.o)
    0x08014084   0x00000052   Code   RO         2398    i.read_sector       FS_LFN_CM3_L.lib(fs_fat.o)
    0x080140d6   0x00000008   Code   RO         2290    i.set_u16           FS_LFN_CM3_L.lib(fs_common.o)
    0x080140de   0x00000010   Code   RO         2291    i.set_u32           FS_LFN_CM3_L.lib(fs_common.o)
    0x080140ee   0x00000048   Code   RO         2399    i.sfn_extract       FS_LFN_CM3_L.lib(fs_fat.o)
    0x08014136   0x0000001a   Code   RO         2400    i.short_ent_hash    FS_LFN_CM3_L.lib(fs_fat.o)
    0x08014150   0x0000001e   Code   RO         2401    i.sn_chksum         FS_LFN_CM3_L.lib(fs_fat.o)
    0x0801416e   0x0000006e   Code   RO         2839    i.sqrt              m_wm.l(sqrt.o)
    0x080141dc   0x00000068   Code   RO         2403    i.unlink_clus       FS_LFN_CM3_L.lib(fs_fat.o)
    0x08014244   0x000000ae   Code   RO         2404    i.write_cache       FS_LFN_CM3_L.lib(fs_fat.o)
    0x080142f2   0x00000030   Code   RO         2405    i.write_sector      FS_LFN_CM3_L.lib(fs_fat.o)
    0x08014322   0x00000002   PAD
    0x08014324   0x0000002c   Code   RO         3032    locale$$code        c_w.l(lc_ctype_c.o)
    0x08014350   0x00000018   Code   RO         2797    x$fpl$basic         fz_wm.l(basic.o)
    0x08014368   0x00000150   Code   RO         2670    x$fpl$dadd          fz_wm.l(daddsub_clz.o)
    0x080144b8   0x00000010   Code   RO         2999    x$fpl$dcheck1       fz_wm.l(dcheck1.o)
    0x080144c8   0x00000018   Code   RO         3059    x$fpl$dcmpinf       fz_wm.l(dcmpi.o)
    0x080144e0   0x000002b0   Code   RO         2800    x$fpl$ddiv          fz_wm.l(ddiv.o)
    0x08014790   0x0000005e   Code   RO         2676    x$fpl$dfix          fz_wm.l(dfix.o)
    0x080147ee   0x0000002e   Code   RO         2681    x$fpl$dflt          fz_wm.l(dflt_clz.o)
    0x0801481c   0x00000078   Code   RO         3001    x$fpl$dleqf         fz_wm.l(dleqf.o)
    0x08014894   0x00000154   Code   RO         2686    x$fpl$dmul          fz_wm.l(dmul.o)
    0x080149e8   0x0000009c   Code   RO         2803    x$fpl$dnaninf       fz_wm.l(dnaninf.o)
    0x08014a84   0x0000000c   Code   RO         2805    x$fpl$dretinf       fz_wm.l(dretinf.o)
    0x08014a90   0x0000006c   Code   RO         2807    x$fpl$drleqf        fz_wm.l(drleqf.o)
    0x08014afc   0x00000016   Code   RO         2671    x$fpl$drsb          fz_wm.l(daddsub_clz.o)
    0x08014b12   0x00000002   PAD
    0x08014b14   0x00000198   Code   RO         3003    x$fpl$dsqrt         fz_wm.l(dsqrt_umaal.o)
    0x08014cac   0x000001d4   Code   RO         2672    x$fpl$dsub          fz_wm.l(daddsub_clz.o)
    0x08014e80   0x0000000a   Code   RO         3061    x$fpl$fpinit        fz_wm.l(fpinit.o)
    0x08014e8a   0x00000064   Code   RO         3063    x$fpl$retnan        fz_wm.l(retnan.o)
    0x08014eee   0x0000005c   Code   RO         2809    x$fpl$scalbn        fz_wm.l(scalbn.o)
    0x08014f4a   0x00000030   Code   RO         3094    x$fpl$trapveneer    fz_wm.l(trapv.o)
    0x08014f7a   0x00000000   Code   RO         2811    x$fpl$usenofp       fz_wm.l(usenofp.o)
    0x08014f7a   0x00000002   PAD
    0x08014f7c   0x00000024   Data   RO          140    .constdata          keyboard.o
    0x08014fa0   0x00001500   Data   RO          267    .constdata          glcd_fonts.o
    0x080164a0   0x00000010   Data   RO          269    .constdata          glcd_fonts.o
    0x080164b0   0x00000024   Data   RO          348    .constdata          rtx_lib.o
    0x080164d4   0x00000024   Data   RO          349    .constdata          rtx_lib.o
    0x080164f8   0x00000018   Data   RO          350    .constdata          rtx_lib.o
    0x08016510   0x00000004   Data   RO          351    .constdata          rtx_lib.o
    0x08016514   0x00000008   Data   RO          501    .constdata          usbh_fs_stm32f4xx.o
    0x0801651c   0x00000048   Data   RO          502    .constdata          usbh_fs_stm32f4xx.o
    0x08016564   0x00000008   Data   RO          543    .constdata          usbh_hs_stm32f4xx.o
    0x0801656c   0x00000048   Data   RO          544    .constdata          usbh_hs_stm32f4xx.o
    0x080165b4   0x00000018   Data   RO          570    .constdata          nand_membus.o
    0x080165cc   0x00000048   Data   RO          571    .constdata          nand_membus.o
    0x08016614   0x00000018   Data   RO          596    .constdata          eventrecorder.o
    0x0801662c   0x00000007   Data   RO          629    .constdata          retarget_io.o
    0x08016633   0x00000008   Data   RO          630    .constdata          retarget_io.o
    0x0801663b   0x00000008   Data   RO          631    .constdata          retarget_io.o
    0x08016643   0x00000008   Data   RO          775    .constdata          stm32f4xx_hal_dma.o
    0x0801664b   0x00000010   Data   RO          896    .constdata          stm32f4xx_hal_rcc.o
    0x0801665b   0x00000010   Data   RO         1002    .constdata          system_stm32f4xx.o
    0x0801666b   0x00000001   Data   RO         1038    .constdata          fs_config.o
    0x0801666c   0x00000001   Data   RO         1039    .constdata          fs_config.o
    0x0801666d   0x00000001   Data   RO         1040    .constdata          fs_config.o
    0x0801666e   0x00000002   PAD
    0x08016670   0x00000068   Data   RO         1041    .constdata          fs_config.o
    0x080166d8   0x00000008   Data   RO         1042    .constdata          fs_config.o
    0x080166e0   0x00000004   Data   RO         1082    .constdata          usbh_config_0.o
    0x080166e4   0x00000001   Data   RO         1084    .constdata          usbh_config_0.o
    0x080166e5   0x00000001   Data   RO         1085    .constdata          usbh_config_0.o
    0x080166e6   0x00000002   PAD
    0x080166e8   0x00000004   Data   RO         1086    .constdata          usbh_config_0.o
    0x080166ec   0x00000024   Data   RO         1088    .constdata          usbh_config_0.o
    0x08016710   0x00000004   Data   RO         1150    .constdata          usbh_config_1.o
    0x08016714   0x00000001   Data   RO         1152    .constdata          usbh_config_1.o
    0x08016715   0x00000001   Data   RO         1153    .constdata          usbh_config_1.o
    0x08016716   0x00000002   PAD
    0x08016718   0x00000004   Data   RO         1154    .constdata          usbh_config_1.o
    0x0801671c   0x00000024   Data   RO         1156    .constdata          usbh_config_1.o
    0x08016740   0x00000008   Data   RO         1157    .constdata          usbh_config_1.o
    0x08016748   0x00000001   Data   RO         1158    .constdata          usbh_config_1.o
    0x08016749   0x00000001   Data   RO         1161    .constdata          usbh_config_1.o
    0x0801674a   0x00000001   Data   RO         1163    .constdata          usbh_config_1.o
    0x0801674b   0x00000001   PAD
    0x0801674c   0x00000008   Data   RO         1166    .constdata          usbh_config_1.o
    0x08016754   0x00000008   Data   RO         1171    .constdata          usbh_config_1.o
    0x0801675c   0x00000008   Data   RO         1172    .constdata          usbh_config_1.o
    0x08016764   0x00000008   Data   RO         1173    .constdata          usbh_config_1.o
    0x0801676c   0x00000008   Data   RO         1174    .constdata          usbh_config_1.o
    0x08016774   0x00000008   Data   RO         1175    .constdata          usbh_config_1.o
    0x0801677c   0x00000008   Data   RO         1176    .constdata          usbh_config_1.o
    0x08016784   0x00000004   Data   RO         1177    .constdata          usbh_config_1.o
    0x08016788   0x00000008   Data   RO         1178    .constdata          usbh_config_1.o
    0x08016790   0x00000008   Data   RO         1179    .constdata          usbh_config_1.o
    0x08016798   0x00000014   Data   RO         1939    .constdata          FS_LFN_CM3_L.lib(fs_nand_media.o)
    0x080167ac   0x00000030   Data   RO         1940    .constdata          FS_LFN_CM3_L.lib(fs_nand_media.o)
    0x080167dc   0x000004ac   Data   RO         2406    .constdata          FS_LFN_CM3_L.lib(fs_fat.o)
    0x08016c88   0x0000003a   Data   RO         2555    .constdata          USB_Dbg_CM3_L.lib(usbh_lib_hid_idtoascii.o)
    0x08016cc2   0x00000006   PAD
    0x08016cc8   0x00000088   Data   RO         2691    .constdata          m_wm.l(pow.o)
    0x08016d50   0x00000008   Data   RO         2836    .constdata          m_wm.l(qnan.o)
    0x08016d58   0x00000012   Data   RO         1089    .conststring        usbh_config_0.o
    0x08016d6a   0x00000002   PAD
    0x08016d6c   0x00000012   Data   RO         1180    .conststring        usbh_config_1.o
    0x08016d7e   0x00000002   PAD
    0x08016d80   0x00000068   Data   RO          354    .rodata             rtx_lib.o
    0x08016de8   0x0000000b   Data   RO         1324    .rodata.str1.4      RTX_CM4F.lib(rtx_kernel.o)
    0x08016df3   0x00000001   PAD
    0x08016df4   0x00000020   Data   RO         3130    Region$$Table       anon$$obj.o
    0x08016e14   0x00000004   Data   RO         2521    __MW_USB_LIB_VERSION_6.13.0  USB_Dbg_CM3_L.lib(usb_lib_ver.o)
    0x08016e18   0x00000110   Data   RO         3031    locale$$data        c_w.l(lc_ctype_c.o)


    Execution Region RW_IRAM2 (Base: 0x10000000, Size: 0x000004a4, Max: 0x00010000, ABSOLUTE, UNINIT)

    Base Addr    Size         Type   Attr      Idx    E Section Name        Object

    0x10000000   0x000004a4   Zero   RW          595    .bss.noinit         eventrecorder.o


    Execution Region RW_IRAM1 (Base: 0x20000000, Size: 0x000079b0, Max: 0x00020000, ABSOLUTE, COMPRESSED[0x000000b8])

    Base Addr    Size         Type   Attr      Idx    E Section Name        Object

    0x20000000   0x00001000   Data   RW          339    .bss.os             rtx_lib.o
    0x20001000   0x00000040   Data   RW          340    .bss.os             rtx_lib.o
    0x20001040   0x000001f0   Data   RW          341    .bss.os.libspace    rtx_lib.o
    0x20001230   0x00000034   Data   RW          342    .bss.os.msgqueue.cb  rtx_lib.o
    0x20001264   0x00000050   Data   RW          343    .bss.os.msgqueue.mem  rtx_lib.o
    0x200012b4   0x0000001c   Data   RW         1037    .bss.os.mutex.cb    fs_config.o
    0x200012d0   0x00000038   Data   RW         1143    .bss.os.mutex.cb    usbh_config_1.o
    0x20001308   0x00000020   Data   RW         1144    .bss.os.semaphore.cb  usbh_config_1.o
    0x20001328   0x00000044   Data   RW          344    .bss.os.thread.cb   rtx_lib.o
    0x2000136c   0x00000044   Data   RW          345    .bss.os.thread.cb   rtx_lib.o
    0x200013b0   0x00000044   Data   RW         1080    .bss.os.thread.cb   usbh_config_0.o
    0x200013f4   0x00000044   Data   RW         1145    .bss.os.thread.cb   usbh_config_1.o
    0x20001438   0x00000044   Data   RW         1146    .bss.os.thread.cb   usbh_config_1.o
    0x2000147c   0x00000004   PAD
    0x20001480   0x00000100   Data   RW          346    .bss.os.thread.stack  rtx_lib.o
    0x20001580   0x00000100   Data   RW          347    .bss.os.thread.stack  rtx_lib.o
    0x20001680   0x00000400   Data   RW         1081    .bss.os.thread.stack  usbh_config_0.o
    0x20001a80   0x00000400   Data   RW         1147    .bss.os.thread.stack  usbh_config_1.o
    0x20001e80   0x00000200   Data   RW         1148    .bss.os.thread.stack  usbh_config_1.o
    0x20002080   0x00000040   Data   RW         1149    .bss.os.timer.cb    usbh_config_1.o
    0x200020c0   0x00000004   Data   RW            5    .data               main.o
    0x200020c4   0x00000008   Data   RW          141    .data               keyboard.o
    0x200020cc   0x00000002   Data   RW          229    .data               stdout_display.o
    0x200020ce   0x00000002   PAD
    0x200020d0   0x00000010   Data   RW          283    .data               glcd_mcbstm32f400.o
    0x200020e0   0x00000001   Data   RW          353    .data               rtx_lib.o
    0x200020e1   0x00000001   Data   RW          425    .data               otg_fs_stm32f4xx.o
    0x200020e2   0x00000001   Data   RW          470    .data               otg_hs_stm32f4xx.o
    0x200020e3   0x00000001   PAD
    0x200020e4   0x0000002c   Data   RW          503    .data               usbh_fs_stm32f4xx.o
    0x20002110   0x0000004c   Data   RW          545    .data               usbh_hs_stm32f4xx.o
    0x2000215c   0x00000004   Data   RW          672    .data               stm32f4xx_hal.o
    0x20002160   0x00000004   Data   RW         1004    .data               system_stm32f4xx.o
    0x20002164   0x00000004   Data   RW         1043    .data               fs_config.o
    0x20002168   0x00000004   Data   RW         1090    .data               usbh_config_0.o
    0x2000216c   0x00000004   Data   RW         1181    .data               usbh_config_1.o
    0x20002170   0x00000034   Data   RW         1186    .data               usbh_config_1.o
    0x200021a4   0x00000008   Data   RW         1187    .data               usbh_config_1.o
    0x200021ac   0x00000008   Data   RW         1188    .data               usbh_config_1.o
    0x200021b4   0x00000008   Data   RW         1189    .data               usbh_config_1.o
    0x200021bc   0x00000008   Data   RW         1190    .data               usbh_config_1.o
    0x200021c4   0x00000008   Data   RW         1191    .data               usbh_config_1.o
    0x200021cc   0x00000008   Data   RW         1192    .data               usbh_config_1.o
    0x200021d4   0x00000001   Data   RW         1753    .data               FS_LFN_CM3_L.lib(fs_mapi.o)
    0x200021d5   0x00000001   Data   RW         2292    .data               FS_LFN_CM3_L.lib(fs_common.o)
    0x200021d6   0x00000002   PAD
    0x200021d8   0x00000004   Data   RW         2635    .data               c_w.l(stdio_streams.o)
    0x200021dc   0x00000004   Data   RW         2636    .data               c_w.l(stdio_streams.o)
    0x200021e0   0x00000004   Data   RW         2637    .data               c_w.l(stdio_streams.o)
    0x200021e4   0x00000004   Data   RW         2790    .data               c_w.l(streamlock.o)
    0x200021e8   0x000000a4   Data   RW         1325    .data.os            RTX_CM4F.lib(rtx_kernel.o)
    0x2000228c   0x00000004   PAD
    0x20002290   0x00000800   Zero   RW          139    .bss                keyboard.o
    0x20002a90   0x00000050   Zero   RW          282    .bss                glcd_mcbstm32f400.o
    0x20002ae0   0x00000100   Zero   RW          500    .bss                usbh_fs_stm32f4xx.o
    0x20002be0   0x00000200   Zero   RW          542    .bss                usbh_hs_stm32f4xx.o
    0x20002de0   0x00000090   Zero   RW         1031    .bss                fs_config.o
    0x20002e70   0x0000001c   Zero   RW         1032    .bss                fs_config.o
    0x20002e8c   0x00003a7c   Zero   RW         1033    .bss                fs_config.o
    0x20006908   0x00000018   Zero   RW         1034    .bss                fs_config.o
    0x20006920   0x000000d8   Zero   RW         1035    .bss                fs_config.o
    0x200069f8   0x00000020   Zero   RW         1036    .bss                fs_config.o
    0x20006a18   0x0000003c   Zero   RW         1078    .bss                usbh_config_0.o
    0x20006a54   0x0000023c   Zero   RW         1079    .bss                usbh_config_0.o
    0x20006c90   0x0000003c   Zero   RW         1138    .bss                usbh_config_1.o
    0x20006ccc   0x0000023c   Zero   RW         1139    .bss                usbh_config_1.o
    0x20006f08   0x000000f8   Zero   RW         1140    .bss                usbh_config_1.o
    0x20007000   0x0000001c   Zero   RW         1141    .bss                usbh_config_1.o
    0x2000701c   0x00000034   Zero   RW         1142    .bss                usbh_config_1.o
    0x20007050   0x00000054   Zero   RW         2632    .bss                c_w.l(stdio_streams.o)
    0x200070a4   0x00000054   Zero   RW         2633    .bss                c_w.l(stdio_streams.o)
    0x200070f8   0x00000054   Zero   RW         2634    .bss                c_w.l(stdio_streams.o)
    0x2000714c   0x00000060   Zero   RW         3008    .bss                c_w.l(libspace.o)
    0x200071ac   0x00000001   Zero   RW         2272    .bss.PendST         RTX_CM4F.lib(os_systick.o)
    0x200071ad   0x00000003   PAD
    0x200071b0   0x00000400   Zero   RW          992    HEAP                startup_stm32f407xx.o
    0x200075b0   0x00000400   Zero   RW          991    STACK               startup_stm32f407xx.o


==============================================================================

Image component sizes


      Code (inc. data)   RO Data    RW Data    ZI Data      Debug   Object Name

       710          0          0          0          0      23773   cmsis_os1.o
      1456         42         24          0       1188      17540   eventrecorder.o
       496         28        115         32      15416      20672   fs_config.o
         0          0       5392          0          0        772   glcd_fonts.o
      2796         70          0         16         80       9962   glcd_mcbstm32f400.o
      3092        972         36          8       2048      23358   keyboard.o
       728         48          0          4          0     305735   main.o
       392          4         96          0          0      12983   nand_membus.o
       708         46          0          1          0      44946   otg_fs_stm32f4xx.o
       856         48          0          1          0      49806   otg_hs_stm32f4xx.o
       344         26         23          0          0       5894   retarget_io.o
         4          0          0          0          0        663   rtx_config.o
       204         14        204       5437          0      10840   rtx_lib.o
        64         26        392          0       2048        908   startup_stm32f407xx.o
       200         10          0          2          0        913   stdout_display.o
       368         28          0          4          0       4935   stm32f4xx_hal.o
       604          8          0          0          0      36159   stm32f4xx_hal_cortex.o
      1816         36          8          0          0       7933   stm32f4xx_hal_dma.o
       844         48          0          0          0       4255   stm32f4xx_hal_gpio.o
      1856         56         16          0          0       6450   stm32f4xx_hal_rcc.o
       704          8          0          0          0       6736   stm32f4xx_hal_sram.o
       816         16          0          0          0       6764   stm32f4xx_ll_fsmc.o
       220         34         16          4          0       1857   system_stm32f4xx.o
        72         10          0          0          0        715   tm_stm32f4_rng.o
         2          0          0          0          0        592   usb_debug.o
         0          0         64       1096        632       6397   usbh_config_0.o
       836         42        151       1928        960      15650   usbh_config_1.o
      2964         84         80         44        256      42818   usbh_fs_stm32f4xx.o
      3092         90         80         76        512      12795   usbh_hs_stm32f4xx.o

    ----------------------------------------------------------------------
     26248       1794       6740       8660      23140     682821   Object Totals
         0          0         32          0          0          0   (incl. Generated)
         4          0         11          7          0          0   (incl. Padding)

    ----------------------------------------------------------------------

      Code (inc. data)   RO Data    RW Data    ZI Data      Debug   Library Member Name

       234         20          0          1          0        420   fs_common.o
     11660        288       1196          0          0       5848   fs_fat.o
       590         60          0          1          0        564   fs_mapi.o
      2634         68         68          0          0       1876   fs_nand_media.o
      9028         44          0          0          0       3880   fs_nftl.o
       808         62          0          0          0        576   fs_sys.o
        26          0          0          0          0         68   fs_time.o
       196         12          0          0          0        544   irq_cm4f.o
       182         48          0          0          1       3637   os_systick.o
        56          4          0          0          0       3110   rtx_delay.o
       880         84         11        164          0      18879   rtx_kernel.o
       264          0          0          0          0       2733   rtx_memory.o
      1216         36          0          0          0      17095   rtx_mempool.o
      1538         36          0          0          0      19369   rtx_msgqueue.o
       844         32          0          0          0      10275   rtx_mutex.o
       782         36          0          0          0      11729   rtx_semaphore.o
       372         24          0          0          0       5693   rtx_system.o
      2382        132          0          0          0      34306   rtx_thread.o
       756         52          0          0          0      11154   rtx_timer.o
         0          0          4          0          0          0   usb_lib_ver.o
      7974        402          0          0          0       2736   usbh_lib_core.o
      2170        208          0          0          0       1584   usbh_lib_drv.o
      1516        132          0          0          0       1112   usbh_lib_hid.o
         0          0         58          0          0          0   usbh_lib_hid_idtoascii.o
       256         34          0          0          0        368   usbh_lib_mem.o
        90          0          0          0          0          0   __dczerorl2.o
         8          0          0          0          0         68   __main.o
       104          0          0          0          0         84   __printf.o
         0          0          0          0          0          0   __rtentry.o
        20          0          0          0          0          0   __rtentry2.o
         6          0          0          0          0          0   __rtentry4.o
        52          8          0          0          0          0   __scatter.o
        28          0          0          0          0          0   __scatter_zi.o
         6          0          0          0          0          0   _printf_c.o
        44          0          0          0          0        108   _printf_char.o
        48          6          0          0          0         96   _printf_char_common.o
        64          6          0          0          0         84   _printf_char_file_locked.o
         6          0          0          0          0          0   _printf_d.o
       120         16          0          0          0         92   _printf_dec.o
       178          0          0          0          0         88   _printf_intcommon.o
         0          0          0          0          0          0   _printf_percent.o
         4          0          0          0          0          0   _printf_percent_end.o
         6          0          0          0          0          0   _printf_s.o
        82          0          0          0          0         80   _printf_str.o
        22          0          0          0          0        100   _rserrno.o
        10          0          0          0          0         68   _sputc.o
        16          0          0          0          0         68   aeabi_memset.o
        10          0          0          0          0         68   defsig_exit.o
        50          0          0          0          0         88   defsig_general.o
        80         58          0          0          0         76   defsig_rtmem_inner.o
        14          0          0          0          0         80   defsig_rtmem_outer.o
        52         38          0          0          0         76   defsig_rtred_inner.o
        14          0          0          0          0         80   defsig_rtred_outer.o
        18          0          0          0          0         80   exit.o
        76          0          0          0          0         88   fclose.o
        52          6          0          0          0         80   fclose_locked.o
       144         10          0          0          0        128   fflush_locked.o
        24          0          0          0          0         68   fgetc.o
        32          0          0          0          0         80   fgetc_locked.o
       570          0          0          0          0        132   filbuf.o
       470          0          0          0          0         88   flsbuf.o
        92          8          0          0          0         88   flushlinebuffered_locked.o
       324          8          0          0          0        152   fopen_locked.o
        26          0          0          0          0         68   fputc.o
       248          6          0          0          0         84   fseek.o
        66          0          0          0          0         76   ftell.o
         4          0          0          0          0         68   getc.o
       158          0          0          0          0        128   h1_alloc_mt.o
        62          0          0          0          0         80   h1_extend_mt.o
        10          0          0          0          0         76   h1_final_mt.o
       118          0          0          0          0        108   h1_free_mt.o
        18          0          0          0          0         84   h1_init_mt.o
         6          0          0          0          0        152   heapauxi.o
         4          0          0          0          0        136   hguard.o
         0          0          0          0          0          0   indicate_semi.o
       138          0          0          0          0        168   init_alloc.o
       456         48          0          0          0        116   initio_locked.o
        44         10        272          0          0         76   lc_ctype_c.o
         2          0          0          0          0          0   libinit.o
        36          0          0          0          0          0   libinit2.o
         2          0          0          0          0          0   libshutdown.o
        10          0          0          0          0          0   libshutdown2.o
         8          4          0          0         96         68   libspace.o
       238          0          0          0          0        100   lludivv7m.o
         0          0          0          0          0          0   maybetermalloc2.o
        88          0          0          0          0         76   memcmp.o
        20          0          0          0          0         84   noretval__2fprintf.o
        24          4          0          0          0         84   noretval__2printf.o
        40          6          0          0          0         84   noretval__2sprintf.o
        16          4          0          0          0         76   rt_ctype_table.o
         4          0          0          0          0         68   rt_errno_addr_twolibspace.o
        10          0          0          0          0         76   rt_heap_descriptor_twolibspace.o
        10          0          0          0          0         76   rt_locale_twolibspace.o
        68          0          0          0          0         68   rt_memclr.o
        78          0          0          0          0         80   rt_memclr_w.o
       138          0          0          0          0         68   rt_memcpy_v6.o
       100          0          0          0          0         80   rt_memcpy_w.o
         2          0          0          0          0          0   rtexit.o
        10          0          0          0          0          0   rtexit2.o
       104          0          0          0          0         88   setvbuf_locked.o
       240          6          0          0          0        156   stdio.o
         0          0          0         12        252          0   stdio_streams.o
       128          0          0          0          0         68   strcmpv7m.o
         0          0          0          4          0          0   streamlock.o
        62          0          0          0          0         76   strlen.o
        50          0          0          0          0         84   strncasecmp.o
        12          4          0          0          0         68   sys_exit.o
        74          0          0          0          0         80   sys_stackheap_outer.o
        14          0          0          0          0         76   sys_wrch.o
        16          0          0          0          0         80   term_alloc.o
        26          0          0          0          0         76   tolower.o
         2          0          0          0          0         68   use_no_semi.o
        24          0          0          0          0        164   basic.o
       826         16          0          0          0        492   daddsub_clz.o
        16          4          0          0          0        116   dcheck1.o
        24          0          0          0          0        116   dcmpi.o
       688        140          0          0          0        256   ddiv.o
        94          4          0          0          0        140   dfix.o
        46          0          0          0          0        116   dflt_clz.o
       120          4          0          0          0        140   dleqf.o
       340         12          0          0          0        152   dmul.o
       156          4          0          0          0        140   dnaninf.o
        12          0          0          0          0        116   dretinf.o
       108          0          0          0          0        128   drleqf.o
       408         56          0          0          0        168   dsqrt_umaal.o
        10          0          0          0          0        116   fpinit.o
       100          0          0          0          0        116   retnan.o
        92          0          0          0          0        116   scalbn.o
        48          0          0          0          0        116   trapv.o
         0          0          0          0          0          0   usenofp.o
       164         44          0          0          0        620   dunder.o
        24          0          0          0          0        124   fabs.o
        48          0          0          0          0        124   fpclassify.o
       248          0          0          0          0        152   poly.o
      3152        296        136          0          0        352   pow.o
         0          0          8          0          0          0   qnan.o
       110          0          0          0          0        148   sqrt.o

    ----------------------------------------------------------------------
     59244       2650       1760        184        356     167600   Library Totals
        96          0          7          2          7          0   (incl. Padding)

    ----------------------------------------------------------------------

      Code (inc. data)   RO Data    RW Data    ZI Data      Debug   Library Name

     24980        542       1264          2          0      13232   FS_LFN_CM3_L.lib
      9468        496         11        164          1     138524   RTX_CM4F.lib
     11916        776         62          0          0       5800   USB_Dbg_CM3_L.lib
      5926        256        272         16        348       5816   c_w.l
      3112        240          0          0          0       2708   fz_wm.l
      3746        340        144          0          0       1520   m_wm.l

    ----------------------------------------------------------------------
     59244       2650       1760        184        356     167600   Library Totals

    ----------------------------------------------------------------------

==============================================================================


      Code (inc. data)   RO Data    RW Data    ZI Data      Debug   

     85492       4444       8500       8844      23496     827337   Grand Totals
     85492       4444       8500        184      23496     827337   ELF Image Totals (compressed)
     85492       4444       8500        184          0          0   ROM Totals

==============================================================================

    Total RO  Size (Code + RO Data)                93992 (  91.79kB)
    Total RW  Size (RW Data + ZI Data)             32340 (  31.58kB)
    Total ROM Size (Code + RO Data + RW Data)      94176 (  91.97kB)

==============================================================================

